// Compilers view of MMU. Note these values are determined by the origin statements in the BIOS.
//Segment           Origin     Size
Root Code           00:0000    001c41
Root Data           ae:c9e8    000f89
Xmem Code           f8:e200    000ccc



// Function mapping and source reference.
// * The size of labels is indeterminate and so is denoted with an asterisk.
//  Addr     Size   Function                        File                         Line Num
 f8:ea2a       86   Sock_Error_Fun                  \TCP_CON.LIB                       25
 f8:ea80     1100   TCP_conexion                    \TCP_CON.LIB                       42


// Global/static data symbol mapping and source reference.
//  Addr     Size   Symbol                          File                         Line Num  Type
 ae:c617        2   __pool__                        \POOL.LIB                         290  struct __pool__*
 ae:c5dd       58   _realtek_conf                   \REALTEK.LIB                      112  struct _realtek_conf[]
 ae:c5d9        4   _udp_buf_area                   \UDP.LIB                           50  long            
    1b19        6   GLOBAL:dhcp_opt_req             \BOOTP.LIB                        712  const char[]    
 ae:c559      128   defaultdomain                   \DNS.LIB                          129  char[]          
 ae:c557        2   def_domain                      \DNS.LIB                          130  char*           
 ae:c553        4   _dns_table                      \DNS.LIB                          147  long            
 ae:c527       44   _dns_sock                       \DNS.LIB                          148  struct _dns_sock
 ae:c523        4   _dns_sock_buffer                \DNS.LIB                          149  long            
 ae:c521        2   _dns_id                         \DNS.LIB                          150  int             
 ae:c51f        2   _dns_sock_open                  \DNS.LIB                          151  int             
 ae:c31f      512   _dns_dgram                      \DNS.LIB                          153  char[]          
 ae:c31d        2   _dns_num_requests               \DNS.LIB                          155  int             
 ae:c30d       16   _dns_servers                    \DNS.LIB                          163  struct _dns_servers[]
 ae:c301       12   _dns_server_table               \DNS.LIB                          164  struct _dns_server_table
 ae:c279      136   echosock                        \TCP_CON.LIB                       16  struct echosock 
 ae:c277        2   status                          \TCP_CON.LIB                       17  int             
    1bdf        2   _orgtablesize                   \Rabbitbios.c                      41  int             
    1be1        0   _orgtable                       \Rabbitbios.c                      42  struct _orgtable[]

// Parameter and local auto symbol mapping and source reference.
//Offset Rel. to     Size   Symbol                          File                         Line Num  Type
   -2048      IX     2048   TCP_conexion:buffer             \TCP_CON.LIB                       44  char[]          
   -2050      IX        2   TCP_conexion:status             \TCP_CON.LIB                       45  int             
   -2052      IX        2   TCP_conexion:int_op             \TCP_CON.LIB                       47  int             


// Macro listing and source reference.
//  Name                           File                         Line Num
   _RESTRICT_WATCHCODE_            
   USE_PORTA_AUX_IO                \DEFAULT.H                        249
   ADC_ONBOARD                     \DEFAULT.H                        250
   ZWORLD_RESERVED_SIZE            \DEFAULT.H                        251
   __RCM37XX_LIB                   \RCM37XX.LIB                        2
   LCDCSREGISTER                   \RCM37XX.LIB                       39
   LCDCSSHADOW                     \RCM37XX.LIB                       40
   LCDCSCONFIG                     \RCM37XX.LIB                       41
   LCDSTROBE                       \RCM37XX.LIB                       42
   KEYCSREGISTER                   \RCM37XX.LIB                       44
   KEYCSSHADOW                     \RCM37XX.LIB                       45
   KEYCSCONFIG                     \RCM37XX.LIB                       46
   KEYSTROBE                       \RCM37XX.LIB                       47
   LCDBASEADDR                     \RCM37XX.LIB                       52
   KEYBASEADDR                     \RCM37XX.LIB                       53
   ADC_SCLKBAUD                    \RCM37XX.LIB                       63
   AD_OSC_ENABLE                   \RCM37XX.LIB                       66
   AD_OSC_DISABLE                  \RCM37XX.LIB                       70
   ADDIRECT                        \RCM37XX.LIB                       75
   ADREADINS                       \RCM37XX.LIB                       76
   ADWRITEINS                      \RCM37XX.LIB                       77
   ADLEN8                          \RCM37XX.LIB                       78
   ADLEN16                         \RCM37XX.LIB                       79
   ADMODE0                         \RCM37XX.LIB                       80
   ADMODE1                         \RCM37XX.LIB                       81
   ADMODE2                         \RCM37XX.LIB                       82
   ADMODE3                         \RCM37XX.LIB                       83
   ADLSBYTE                        \RCM37XX.LIB                       86
   ADMSBYTE                        \RCM37XX.LIB                       87
   ADPGAREG                        \RCM37XX.LIB                       88
   ADCNTLREG                       \RCM37XX.LIB                       89
   ADGAINMUXREG                    \RCM37XX.LIB                       90
   ADDIOSTATEREG                   \RCM37XX.LIB                       91
   ADDIOCNTLREG                    \RCM37XX.LIB                       92
   ADREFOSCREG                     \RCM37XX.LIB                       93
   ADSICREG                        \RCM37XX.LIB                       94
   ADIDREG                         \RCM37XX.LIB                       95
   ADSINGLE                        \RCM37XX.LIB                       98
   ADDIFFNL                        \RCM37XX.LIB                       99
   GAIN_1                          \RCM37XX.LIB                      101
   GAIN_2                          \RCM37XX.LIB                      102
   GAIN_4                          \RCM37XX.LIB                      103
   GAIN_5                          \RCM37XX.LIB                      104
   GAIN_8                          \RCM37XX.LIB                      105
   GAIN_10                         \RCM37XX.LIB                      106
   GAIN_16                         \RCM37XX.LIB                      107
   GAIN_20                         \RCM37XX.LIB                      108
   ADOVERFLOW                      \RCM37XX.LIB                      829
   SE_DEVCHAN                      \RCM37XX.LIB                      830
   ADC_CALIB_ADDRS                 \RCM37XX.LIB                      981
   ADC_CALIB_ADDRD                 \RCM37XX.LIB                      982
   ADC_CALIB_ADDRM                 \RCM37XX.LIB                      983
   CALIB_START                     \RCM37XX.LIB                      985
   CALIB_END                       \RCM37XX.LIB                      986
   MAXAIN                          \RCM37XX.LIB                      988
   ADCHANNELS                      \RCM37XX.LIB                      989
   ADCHANNELD                      \RCM37XX.LIB                      990
   ADCHANNELM                      \RCM37XX.LIB                      991
   ADCHANNELALL                    \RCM37XX.LIB                      992
   SINGLE                          \RCM37XX.LIB                      994
   DIFF                            \RCM37XX.LIB                      995
   mAMP                            \RCM37XX.LIB                      996
   ALLCHAN                         \RCM37XX.LIB                     1425
   __LCD122KEY7_LIB                \LCD122KEY7.LIB                     2
   LCDMREADSTATUS                  \LCD122KEY7.LIB                    90
   LCDMWRITEINSTR                  \LCD122KEY7.LIB                    91
   LCDSREADSTATUS                  \LCD122KEY7.LIB                    92
   LCDSWRITEINSTR                  \LCD122KEY7.LIB                    93
   LCDMREADDATA                    \LCD122KEY7.LIB                    94
   LCDMWRITEDATA                   \LCD122KEY7.LIB                    95
   LCDSREADDATA                    \LCD122KEY7.LIB                    96
   LCDSWRITEDATA                   \LCD122KEY7.LIB                    97
   LCDBACKLIGHT                    \LCD122KEY7.LIB                    99
   LCDLEDREG                       \LCD122KEY7.LIB                   102
   LCDLED0ADDR                     \LCD122KEY7.LIB                   103
   LCDLEDADDR                      \LCD122KEY7.LIB                   104
   KEYADDR                         \LCD122KEY7.LIB                   107
   __KEYPAD7_LIB                   \KEYPAD7.LIB                        2
   SET_EXTBUFFER_RD                \KEYPAD7.LIB                       11
   SET_EXTBUFFER_WR                \KEYPAD7.LIB                       15
   __MSCG12232_LIB                 \MSCG12232.LIB                      2
   LCD_XS                          \MSCG12232.LIB                     27
   LCD_YS                          \MSCG12232.LIB                     28
   PIXEL_XS                        \MSCG12232.LIB                     34
   PIXEL_YS                        \MSCG12232.LIB                     35
   PIXGROUP                        \MSCG12232.LIB                     36
   XMEM_BUF_SIZE                   \MSCG12232.LIB                     37
   LCDON                           \MSCG12232.LIB                    123
   LCDOFF                          \MSCG12232.LIB                    124
   LCDSETLINE                      \MSCG12232.LIB                    126
   LCDSETPAGE                      \MSCG12232.LIB                    127
   LCDSETCOLUMN                    \MSCG12232.LIB                    128
   LCDLEFTWARD                     \MSCG12232.LIB                    130
   LCDRIGHTWARD                    \MSCG12232.LIB                    131
   LCDSTATICDRIVEON                \MSCG12232.LIB                    133
   LCDSTATICDRIVEOFF               \MSCG12232.LIB                    134
   LCDDUTYCYCLE1_16                \MSCG12232.LIB                    136
   LCDDUTYCYCLE1_32                \MSCG12232.LIB                    137
   LCDRMWBEGIN                     \MSCG12232.LIB                    139
   LCDRMWEND                       \MSCG12232.LIB                    140
   LCDRESET                        \MSCG12232.LIB                    142
   LCDBUSY                         \MSCG12232.LIB                    145
   LCDDISPDIR                      \MSCG12232.LIB                    146
   LCDISON                         \MSCG12232.LIB                    147
   LCDRESETING                     \MSCG12232.LIB                    148
   BACKLIGHTOFF                    \MSCG12232.LIB                    151
   BACKLIGHTON                     \MSCG12232.LIB                    152
   LCDDISPLAYOFF                   \MSCG12232.LIB                    155
   LCDDISPLAYON                    \MSCG12232.LIB                    156
   LCDMASTER                       \MSCG12232.LIB                    159
   LCDSLAVE                        \MSCG12232.LIB                    160
   MAXTIMEOUT                      \MSCG12232.LIB                    163
   LCDMASK                         \MSCG12232.LIB                    167
   GLBUFMASK                       \MSCG12232.LIB                    168
   GLMASKCNT                       \MSCG12232.LIB                    169
   __GRAPHIC_LIB                   \GRAPHIC.LIB                       58
   FONTOFFSET                      \GRAPHIC.LIB                       64
   NO_BORDER                       \GRAPHIC.LIB                      126
   SINGLE_LINE                     \GRAPHIC.LIB                      130
   DOUBLE_LINE                     \GRAPHIC.LIB                      134
   PIXBLACK                        \GRAPHIC.LIB                      379
   PIXWHITE                        \GRAPHIC.LIB                      380
   PIXXOR                          \GRAPHIC.LIB                      381
   __6X8L_LIB                      \6X8L.LIB                           2
   __8X10L_LIB                     \8X10L.LIB                          2
   __12X16_LIB                     \12X16L.LIB                         2
   __COURIER12_LIB                 \COURIER12.LIB                      2
   __R3000_LIB__                   \R3000.LIB                         29
   QD_DIVISOR                      \R3000.LIB                         32
   QD_OVERFLOW                     \R3000.LIB                         34
   QD_UNDERFLOW                    \R3000.LIB                         35
   PWM_FREQ_FACTOR                 \R3000.LIB                        417
   PWM_SPREAD                      \R3000.LIB                        469
   PWM_OPENDRAIN                   \R3000.LIB                        470
   SETUSERMODE                     \DEFAULT.H                        286
   SETSYSMODE                      \DEFAULT.H                        287
   _system                         \DEFAULT.H                        288
   _SYS_CALL_VARS                  \DEFAULT.H                        289
   _NET_SYSCALL                    \DEFAULT.H                        290
   _rk_printf                      \DEFAULT.H                        291
   _rk_sprintf                     \DEFAULT.H                        292
   DK_ENABLE_BREAKPOINTS           \DEFAULT.H                        328
   DK_ENABLE_ASMSINGLESTEP         \DEFAULT.H                        336
   DK_ENABLE_WATCHEXPRESSIONS      \DEFAULT.H                        344
   DK_ENABLE_TRACING               \DEFAULT.H                        352
   DK_ENABLE_STACK_TRACING         \DEFAULT.H                        360
   DK_SEND_STACK_LENGTH            \DEFAULT.H                        368
   DK_ENABLE_DEBUGKERNEL           \DEFAULT.H                        370
   DK_ENABLE_TRACING               \DEFAULT.H                        377
   DK_ENABLE_STACK_TRACING         \DEFAULT.H                        380
   DK_ENABLE_ASMSINGLESTEP         \DEFAULT.H                        383
   DK_ENABLE_BREAKPOINTS           \DEFAULT.H                        386
   DK_ENABLE_WATCHEXPRESSIONS      \DEFAULT.H                        389
   __DKENTRY_LIB                   \DKENTRY.LIB                        2
   __DKCOMMON_LIB                  \DKCOMMON.LIB                       2
   __DKCORE_LIB                    \DKCORE.LIB                         2
   TC_TYPE_DEBUG                   \DKCORE.LIB                        14
   TC_DEBUG_NOREQUEST              \DKCORE.LIB                        16
   TC_DEBUG_SINGLESTEP             \DKCORE.LIB                        17
   TC_DEBUG_TOGGLEBREAKPOINT       \DKCORE.LIB                        18
   TC_DEBUG_CLEARBREAKPOINTS       \DKCORE.LIB                        19
   TC_DEBUG_TOGGLEALLBREAKPOINTS   \DKCORE.LIB                        20
   TC_DEBUG_ATBREAKPOINT           \DKCORE.LIB                        21
   TC_DEBUG_STARTPROGRAM           \DKCORE.LIB                        22
   TC_DEBUG_RUNPROGRAM             \DKCORE.LIB                        23
   TC_DEBUG_STOPPROGRAM            \DKCORE.LIB                        24
   TC_DEBUG_ADDWATCH               \DKCORE.LIB                        25
   TC_DEBUG_DELETEWATCH            \DKCORE.LIB                        26
   TC_DEBUG_DELETEALLWATCHES       \DKCORE.LIB                        27
   TC_DEBUG_EXECWATCH              \DKCORE.LIB                        28
   TC_DEBUG_EXECALLWATCHES         \DKCORE.LIB                        29
   TC_DEBUG_SENDCHAR               \DKCORE.LIB                        30
   TC_DEBUG_RESET                  \DKCORE.LIB                        31
   TC_DEBUG_SETSENDFLAGS           \DKCORE.LIB                        32
   TC_DEBUG_REGDATA                \DKCORE.LIB                        33
   TC_DEBUG_WATCHDATA              \DKCORE.LIB                        34
   TC_DEBUG_ASMDATA                \DKCORE.LIB                        35
   TC_DEBUG_STACKDATA              \DKCORE.LIB                        36
   TC_DEBUG_STDIO                  \DKCORE.LIB                        37
   TC_DEBUG_WRITEREGDATA           \DKCORE.LIB                        38
   TC_DEBUG_STDIOCHARREADY         \DKCORE.LIB                        39
   TC_DEBUG_NOOP                   \DKCORE.LIB                        40
   TC_DEBUG_ENABLEDOPTIONS         \DKCORE.LIB                        41
   DKF_STEP_INTO                   \DKCORE.LIB                        52
   DKF_STEP_OVER                   \DKCORE.LIB                        53
   DKF_STEP_ASM                    \DKCORE.LIB                        54
   DKF_STEP_SOURCE                 \DKCORE.LIB                        55
   DKF_STEP_CALL                   \DKCORE.LIB                        56
   DKF_STEP_LCALL                  \DKCORE.LIB                        57
   DKF_STAT_AT_BP                  \DKCORE.LIB                        60
   DKF_STAT_AT_HARD_BP             \DKCORE.LIB                        61
   DKF_STAT_RUNMODE                \DKCORE.LIB                        62
   DKF_STAT_STEPMODE               \DKCORE.LIB                        63
   DKF_STAT_ASMSTEPMODE            \DKCORE.LIB                        64
   DKF_STAT_ATEXIT                 \DKCORE.LIB                        65
   DKF_STAT_CONTEXTSWITCH          \DKCORE.LIB                        66
   DKF_STAT_INWATCH                \DKCORE.LIB                        67
   _TRACE                          \DKCORE.LIB                       135
   _TRACEON                        \DKCORE.LIB                       136
   _TRACEOFF                       \DKCORE.LIB                       137
   DK_SEND_ASM_LENGTH              \DKCORE.LIB                       141
   DKF_SEND_STACK                  \DKCORE.LIB                       143
   DKF_SEND_WATCHES                \DKCORE.LIB                       144
   DKF_SEND_ASM                    \DKCORE.LIB                       145
   DKF_SEND_REGS                   \DKCORE.LIB                       146
   DKF_SEND_STATUS                 \DKCORE.LIB                       147
   DKF_SEND_ACK                    \DKCORE.LIB                       148
   DK_ERROR_BPNOTENABLED           \DKCORE.LIB                       159
   DK_ERROR_ASMSINGLESTEPNOTENABLED \DKCORE.LIB                       160
   DK_ERROR_WATCHNOTENABLED        \DKCORE.LIB                       161
   DKF_STDIO_LOCK                  \DKCORE.LIB                       163
   DKF_GETCHAR_LOCK                \DKCORE.LIB                       164
   DKF_RESET_LOCK                  \DKCORE.LIB                       165
   DKF_DK_LOCK                     \DKCORE.LIB                       166
   DK_STDIO_TIMEOUT                \DKCORE.LIB                       167
   DK_GETCHAR_TIMEOUT              \DKCORE.LIB                       168
   dkIOI                           \DKCORE.LIB                       170
   dkIOE                           \DKCORE.LIB                       171
   dkALTD                          \DKCORE.LIB                       172
   DK_RST20                        \DKCORE.LIB                       174
   DK_RST28                        \DKCORE.LIB                       175
   dkZZ                            \DKCORE.LIB                       182
   dkZS                            \DKCORE.LIB                       183
   dkZD                            \DKCORE.LIB                       184
   dkZT                            \DKCORE.LIB                       185
   dkSZ                            \DKCORE.LIB                       186
   dkSS                            \DKCORE.LIB                       187
   dkSD                            \DKCORE.LIB                       188
   dkST                            \DKCORE.LIB                       189
   dkDZ                            \DKCORE.LIB                       190
   dkDS                            \DKCORE.LIB                       191
   dkDD                            \DKCORE.LIB                       192
   dkDT                            \DKCORE.LIB                       193
   dkTZ                            \DKCORE.LIB                       194
   dkTS                            \DKCORE.LIB                       195
   dkTD                            \DKCORE.LIB                       196
   dkTT                            \DKCORE.LIB                       197
   DK_MAX_WATCHES                  \DKCORE.LIB                       274
   DKF_BP_INACTIVE                 \DKCORE.LIB                       814
   DKF_BP_ACTIVE                   \DKCORE.LIB                       815
   DKF_BP_DELETED                  \DKCORE.LIB                       816
   DKF_BP_CONDITIONAL              \DKCORE.LIB                       817
   DKF_BP_HARD                     \DKCORE.LIB                       818
   DKF_BP_INSERT                   \DKCORE.LIB                       821
   DKF_BP_FOUND                    \DKCORE.LIB                       822
   DKF_BP_NOTFOUND                 \DKCORE.LIB                       823
   DKF_BP_EMPTYFOUND               \DKCORE.LIB                       824
   DKF_BP_EXHAUSTED                \DKCORE.LIB                       825
   DK_MAX_BREAKPOINTS              \DKCORE.LIB                       830
   DK_BREAKPOINT_MASK              \DKCORE.LIB                       848
   DKF_RST_RST28                   \DKCORE.LIB                      3264
   DKF_RST_RST20                   \DKCORE.LIB                      3265
   DKF_RST_RST18                   \DKCORE.LIB                      3266
   __DKAPP_LIB                     \DKAPP.LIB                          2
   DKF_OPTIONS_BREAKPOINTS         \DKAPP.LIB                         71
   DKF_OPTIONS_ASMSINGLESTEP       \DKAPP.LIB                         72
   DKF_OPTIONS_WATCHES             \DKAPP.LIB                         73
   DK_BREAKPOINTS_ENABLED          \DKAPP.LIB                         75
   DK_ASMSINGLESTEP_ENABLED        \DKAPP.LIB                         76
   DK_WATCHES_ENABLED              \DKAPP.LIB                         77
   __PROGRAM_LIB                   \PROGRAM.LIB                        2
   _program_debug                  \PROGRAM.LIB                        4
   _rk_mem_debug                   \MEM.LIB                            5
   XALLOC_ANY                      \MEM.LIB                           12
   XALLOC_BB                       \MEM.LIB                           13
   XALLOC_NOTBB                    \MEM.LIB                           14
   XALLOC_MAYBBB                   \MEM.LIB                           15
   _RS_USER_XALLOC_START           \MEM.LIB                           80
   _RS_XALLOC_START                \MEM.LIB                           81
   _RS_XALLOC_END                  \MEM.LIB                           82
   _xavail                         \MEM.LIB                          514
   TCPCONFIG                       \TCP_CON.LIB                        3
   USE_ETHERNET                    \TCP_CON.LIB                        5
   MY_IP_ADDRESS                   \TCP_CON.LIB                        6
   MY_NETMASK                      \TCP_CON.LIB                        7
   MY_GATEWAY                      \TCP_CON.LIB                        8
   TCP_CONFIG_H                    \TCP_CONFIG.LIB                    93
   _PRIMARY_STATIC_IP              \TCP_CONFIG.LIB                   138
   _PRIMARY_NETMASK                \TCP_CONFIG.LIB                   139
   MY_NAMESERVER                   \TCP_CONFIG.LIB                   141
   _WIFI_KEY0                      \TCP_CONFIG.LIB                   158
   _WIFI_KEY1                      \TCP_CONFIG.LIB                   159
   _WIFI_KEY2                      \TCP_CONFIG.LIB                   160
   _WIFI_KEY3                      \TCP_CONFIG.LIB                   161
   _WIFI_MODE                      \TCP_CONFIG.LIB                   164
   _WIFI_SSID                      \TCP_CONFIG.LIB                   171
   _WIFI_OWNCHANNEL                \TCP_CONFIG.LIB                   175
   _WIFI_OWNSSID                   \TCP_CONFIG.LIB                   180
   _WIFI_WEP_FLAG                  \TCP_CONFIG.LIB                   185
   _WIFI_AUTH_MODE                 \TCP_CONFIG.LIB                   190
   _WIFI_USEKEY                    \TCP_CONFIG.LIB                   194
   _SYS_TCPSOCK                    \DCRTCP.LIB                        13
   _SYS_UDPSOCK                    \DCRTCP.LIB                        14
   dma_chan_t                      \DCRTCP.LIB                        17
   USE_IF_CALLBACK                 \DCRTCP.LIB                        45
   __SYS_NET_LIB                   \SYS_NET.LIB                        9
   tcp_Socket                      \SYS_NET.LIB                       17
   udp_Socket                      \SYS_NET.LIB                       18
   sock_type                       \SYS_NET.LIB                       19
   _arp_resolve                    \SYS_NET.LIB                       22
   arpcache_create                 \SYS_NET.LIB                       23
   arpcache_flush                  \SYS_NET.LIB                       24
   arpcache_hwa                    \SYS_NET.LIB                       25
   arpcache_iface                  \SYS_NET.LIB                       26
   arpcache_ipaddr                 \SYS_NET.LIB                       27
   arpcache_load                   \SYS_NET.LIB                       28
   arpcache_search                 \SYS_NET.LIB                       29
   arpresolve_check                \SYS_NET.LIB                       30
   arpresolve_ipaddr               \SYS_NET.LIB                       31
   arpresolve_start                \SYS_NET.LIB                       32
   arpresolve_start_iface          \SYS_NET.LIB                       33
   router_add                      \SYS_NET.LIB                       34
   router_del_all                  \SYS_NET.LIB                       35
   router_delete                   \SYS_NET.LIB                       36
   router_for_iface                \SYS_NET.LIB                       37
   dhcp_acquire                    \SYS_NET.LIB                       40
   dhcp_release                    \SYS_NET.LIB                       41
   dhcp_get_timezone               \SYS_NET.LIB                       42
   getpeername                     \SYS_NET.LIB                       45
   getsockname                     \SYS_NET.LIB                       46
   getdomainname                   \SYS_NET.LIB                       47
   setdomainname                   \SYS_NET.LIB                       48
   gethostname                     \SYS_NET.LIB                       49
   sethostname                     \SYS_NET.LIB                       50
   resolve_name_start              \SYS_NET.LIB                       52
   resolve_name_check              \SYS_NET.LIB                       53
   resolve_cancel                  \SYS_NET.LIB                       54
   resolve                         \SYS_NET.LIB                       55
   gethostid                       \SYS_NET.LIB                       63
   sethostid                       \SYS_NET.LIB                       64
   ip_iface                        \SYS_NET.LIB                       65
   findfreeport                    \SYS_NET.LIB                       69
   _abort_socks                    \SYS_NET.LIB                       70
   ifconfig                        \SYS_NET.LIB                       71
   ifdown                          \SYS_NET.LIB                       72
   ifpending                       \SYS_NET.LIB                       73
   ifstatus                        \SYS_NET.LIB                       74
   ifup                            \SYS_NET.LIB                       75
   ip_timer_expired                \SYS_NET.LIB                       76
   ip_timer_init                   \SYS_NET.LIB                       77
   rip                             \SYS_NET.LIB                       79
   sock_abort                      \SYS_NET.LIB                       80
   sock_alive                      \SYS_NET.LIB                       81
   sock_bytesready                 \SYS_NET.LIB                       82
   sock_close                      \SYS_NET.LIB                       83
   sock_dataready                  \SYS_NET.LIB                       84
   sock_iface                      \SYS_NET.LIB                       85
   sock_init                       \SYS_NET.LIB                       86
   sock_mode                       \SYS_NET.LIB                       87
   sock_rbleft                     \SYS_NET.LIB                       88
   sock_rbsize                     \SYS_NET.LIB                       89
   sock_rbused                     \SYS_NET.LIB                       90
   sock_readable                   \SYS_NET.LIB                       91
   sock_resolved                   \SYS_NET.LIB                       92
   sock_set_tos                    \SYS_NET.LIB                       93
   sock_set_ttl                    \SYS_NET.LIB                       94
   sock_tbleft                     \SYS_NET.LIB                       95
   sock_tbsize                     \SYS_NET.LIB                       96
   sock_waiting                    \SYS_NET.LIB                       97
   sock_writable                   \SYS_NET.LIB                       98
   sock_yield                      \SYS_NET.LIB                       99
   tcp_config                      \SYS_NET.LIB                      100
   virtual_eth                     \SYS_NET.LIB                      101
   sock_established                \SYS_NET.LIB                      102
   sock_tbused                     \SYS_NET.LIB                      103
   _ip_delay0                      \SYS_NET.LIB                      106
   _ip_delay1                      \SYS_NET.LIB                      107
   _ip_delay2                      \SYS_NET.LIB                      108
   _send_ping_iface                \SYS_NET.LIB                      109
   _chk_ping                       \SYS_NET.LIB                      110
   set_icmp_handler                \SYS_NET.LIB                      111
   smtp_data_handler               \SYS_NET.LIB                      112
   smtp_mailtick                   \SYS_NET.LIB                      115
   smtp_sendmailxmem               \SYS_NET.LIB                      116
   smtp_setserver                  \SYS_NET.LIB                      117
   smtp_setserver_ip               \SYS_NET.LIB                      118
   smtp_status                     \SYS_NET.LIB                      119
   smtp_setauth                    \SYS_NET.LIB                      120
   sock_axread                     \SYS_NET.LIB                      123
   sock_axwrite                    \SYS_NET.LIB                      124
   sock_chr                        \SYS_NET.LIB                      125
   sock_cmp                        \SYS_NET.LIB                      126
   sock_fastwrite                  \SYS_NET.LIB                      127
   sock_flush                      \SYS_NET.LIB                      128
   sock_flushnext                  \SYS_NET.LIB                      129
   sock_gets                       \SYS_NET.LIB                      130
   sock_noflush                    \SYS_NET.LIB                      131
   sock_preread                    \SYS_NET.LIB                      132
   sock_puts                       \SYS_NET.LIB                      133
   sock_read                       \SYS_NET.LIB                      134
   sock_write                      \SYS_NET.LIB                      135
   sock_xfastwrite                 \SYS_NET.LIB                      136
   tcp_clearreserve                \SYS_NET.LIB                      138
   tcp_extlisten                   \SYS_NET.LIB                      139
   tcp_extopen                     \SYS_NET.LIB                      140
   tcp_close                       \SYS_NET.LIB                      141
   tcp_abort                       \SYS_NET.LIB                      142
   tcp_keepalive                   \SYS_NET.LIB                      143
   tcp_tick                        \SYS_NET.LIB                      144
   sock_fastread                   \SYS_NET.LIB                      145
   tcp_reserveport                 \SYS_NET.LIB                      146
   tcp_established                 \SYS_NET.LIB                      147
   sock_xfastread                  \SYS_NET.LIB                      148
   udp_bypass_arp                  \SYS_NET.LIB                      151
   udp_extopen                     \SYS_NET.LIB                      152
   udp_peek                        \SYS_NET.LIB                      153
   udp_recvfrom                    \SYS_NET.LIB                      154
   udp_xsendto                     \SYS_NET.LIB                      155
   udp_close                       \SYS_NET.LIB                      156
   multicast_joingroup             \SYS_NET.LIB                      159
   multicast_leavegroup            \SYS_NET.LIB                      160
   sock_error                      \SYS_NET.LIB                      163
   sock_msg                        \SYS_NET.LIB                      164
   start_rdp                       \SYS_NET.LIB                      167
   __md5def                        \SYS_NET.LIB                      171
   md5_init                        \SYS_NET.LIB                      172
   md5_append                      \SYS_NET.LIB                      173
   md5_finish                      \SYS_NET.LIB                      174
   pd_getaddress                   \SYS_NET.LIB                      179
   pd_getaddresslen                \SYS_NET.LIB                      180
   pd_sethwaddr                    \SYS_NET.LIB                      181
   pd_powerdown                    \SYS_NET.LIB                      182
   pd_powerup                      \SYS_NET.LIB                      183
   pd_havelink                     \SYS_NET.LIB                      184
   pd_addmulticast                 \SYS_NET.LIB                      185
   pd_removemulticast              \SYS_NET.LIB                      186
   PLD_ETH_COMPILING               \NET_DEFS.LIB                      11
   USE_ETH_PRELOADED_DRIVER        \NET_DEFS.LIB                      16
   IF_DOWN                         \NET_DEFS.LIB                      25
   IF_COMING_UP                    \NET_DEFS.LIB                      26
   IF_UP                           \NET_DEFS.LIB                      27
   IF_COMING_DOWN                  \NET_DEFS.LIB                      28
   LLG_STAT_DATA1                  \NET_DEFS.LIB                      55
   LLG_STAT_DATA2                  \NET_DEFS.LIB                      56
   LLG_STAT_DATA3                  \NET_DEFS.LIB                      57
   LLG_STAT_MASK                   \NET_DEFS.LIB                      58
   LL_ERROR                        \NET_DEFS.LIB                      83
   LL_FRAGMENT                     \NET_DEFS.LIB                      87
   LL_BROADCAST                    \NET_DEFS.LIB                      88
   LL_MULTICAST                    \NET_DEFS.LIB                      89
   LL_PROMISC                      \NET_DEFS.LIB                      90
   LL_SCATTERED                    \NET_DEFS.LIB                      91
   LL_INBAND                       \NET_DEFS.LIB                      94
   LL_OUTBUF                       \NET_DEFS.LIB                      98
   LL_READY                        \NET_DEFS.LIB                     101
   NET_PROTO_IP                    \NET_DEFS.LIB                     156
   NET_PROTO_ARP                   \NET_DEFS.LIB                     157
   UDP_PROTO                       \NET_DEFS.LIB                     160
   TCP_PROTO                       \NET_DEFS.LIB                     161
   ICMP_PROTO                      \NET_DEFS.LIB                     162
   IGMP_PROTO                      \NET_DEFS.LIB                     163
   CHKSUM_FRAME                    \NET_DEFS.LIB                     169
   CHKSUM_ETHPL                    \NET_DEFS.LIB                     170
   CHKSUM_TPORT                    \NET_DEFS.LIB                     171
   NCD_TXCOPY                      \NET_DEFS.LIB                     187
   NCD_POLL                        \NET_DEFS.LIB                     189
   NCD_P2P                         \NET_DEFS.LIB                     191
   IFCTL_OK                        \NET_DEFS.LIB                     208
   IFCTL_FAIL                      \NET_DEFS.LIB                     209
   IFCTL_PEND                      \NET_DEFS.LIB                     211
   PD_HASFEATURE                   \NET_DEFS.LIB                     217
   PD_INITIALIZE                   \NET_DEFS.LIB                     218
   PD_HAVELINK                     \NET_DEFS.LIB                     219
   PD_POWER                        \NET_DEFS.LIB                     220
   PD_SETHWA                       \NET_DEFS.LIB                     221
   PD_GETHWA                       \NET_DEFS.LIB                     222
   PD_ADDMULTICAST                 \NET_DEFS.LIB                     223
   PD_REMOVEMULTICAST              \NET_DEFS.LIB                     225
   PD_INBAND                       \NET_DEFS.LIB                     227
   PD_DUMPREGS                     \NET_DEFS.LIB                     228
   PD_GETHWALEN                    \NET_DEFS.LIB                     229
   PD_ASIX_SETAUXIO                \NET_DEFS.LIB                     239
   PD_PPP_SENDCTL                  \NET_DEFS.LIB                     243
   PD_PPP_SENDING                  \NET_DEFS.LIB                     247
   PD_PPP_SENDINGCTL               \NET_DEFS.LIB                     249
   DHCP_NUM_ROUTERS                \NET_DEFS.LIB                     265
   DHCP_NUM_DNS                    \NET_DEFS.LIB                     269
   DHCP_NUM_SMTP                   \NET_DEFS.LIB                     273
   DHCP_NUM_NTP                    \NET_DEFS.LIB                     277
   DHCP_NUM_QOTD                   \NET_DEFS.LIB                     281
   EFLAG_VIRT                      \NET_DEFS.LIB                     354
   IFF_PPP_NOROUTE                 \NET_DEFS.LIB                     362
   IFF_DHCP                        \NET_DEFS.LIB                     382
   IFF_ICMP_CONFIG                 \NET_DEFS.LIB                     383
   IFF_DHCP_OK                     \NET_DEFS.LIB                     385
   IFF_ICMP_CFG_OK                 \NET_DEFS.LIB                     386
   IFF_IGMP_V1_ROUTER              \NET_DEFS.LIB                     387
   IFF_DHCP_FELLBACK               \NET_DEFS.LIB                     389
   IFF_DHCP_QUALIFY                \NET_DEFS.LIB                     390
   IFF_DHCP_FALLBACK               \NET_DEFS.LIB                     395
   IFF_DHCP_QUERY                  \NET_DEFS.LIB                     396
   IFF_DHCP_DOMAIN                 \NET_DEFS.LIB                     398
   ATH_UNUSED                      \NET_DEFS.LIB                     468
   ATH_NOENTRIES                   \NET_DEFS.LIB                     469
   ATH_NOROUTER                    \NET_DEFS.LIB                     470
   ATH_AGAIN                       \NET_DEFS.LIB                     471
   ATH_FAILED                      \NET_DEFS.LIB                     472
   ATH_TIMEDOUT                    \NET_DEFS.LIB                     473
   ATH_INVALID                     \NET_DEFS.LIB                     474
   ATH_NOTFOUND                    \NET_DEFS.LIB                     475
   ATH_OBSOLETE                    \NET_DEFS.LIB                     476
   ATH_MISMATCH                    \NET_DEFS.LIB                     477
   ATH_LOOPBACK                    \NET_DEFS.LIB                     479
   ATH_BROADCAST                   \NET_DEFS.LIB                     480
   ATH_P2P                         \NET_DEFS.LIB                     481
   ATH_IS_P2P                      \NET_DEFS.LIB                     486
   TCP_KF_SENDSOON                 \NET_DEFS.LIB                     637
   TCP_KF_RETRANSMIT               \NET_DEFS.LIB                     640
   TCP_KF_UNHAPPY                  \NET_DEFS.LIB                     642
   TCP_KF_UPDRTT                   \NET_DEFS.LIB                     644
   TCP_KF_TIMERTT                  \NET_DEFS.LIB                     645
   TCP_KF_DUPACK                   \NET_DEFS.LIB                     647
   TCP_KF_PROBING                  \NET_DEFS.LIB                     648
   TCP_KF_FIN                      \NET_DEFS.LIB                     649
   TCP_KF_SYN                      \NET_DEFS.LIB                     650
   TCP_KF_WANTFIN                  \NET_DEFS.LIB                     653
   TCP_KF_SENDRST                  \NET_DEFS.LIB                     654
   TCP_KF_GAP                      \NET_DEFS.LIB                     656
   TCP_KF_KEEPALIVE                \NET_DEFS.LIB                     657
   TCP_KF_SEGCHAIN                 \NET_DEFS.LIB                     658
   TCP_KF_NOARP                    \NET_DEFS.LIB                     660
   TCP_DUPACKS                     \NET_DEFS.LIB                     666
   __POOL                          \POOL.LIB                           2
   pool_debug                      \POOL.LIB                         237
   POOL_IPSET                      \POOL.LIB                         247
   POOL_XMEM                       \POOL.LIB                         267
   POOL_LINKED                     \POOL.LIB                         268
   POOL_AUNLK                      \POOL.LIB                         269
   POOL_INSERT_AFTER               \POOL.LIB                         292
   POOL_INSERT_BEFORE              \POOL.LIB                         293
   POOL_NOT_LINKED                 \POOL.LIB                         296
   POOL_LINKED_AUTO                \POOL.LIB                         297
   POOL_LINKED_BY_APP              \POOL.LIB                         298
   NETERRNO_H                      \NETERRNO.LIB                      14
   NET_H                           \NET.LIB                          147
   NET_ENHANCED                    \NET.LIB                          150
   DCRTCP                          \NET.LIB                          152
   _net_nodebug                    \NET.LIB                          167
   MY_DOMAIN                       \NET.LIB                          213
   MY_DOMAINNULL                   \NET.LIB                          214
   MAX_DOMAIN_LENGTH               \NET.LIB                          220
   TCP_FASTSOCKETS                 \NET.LIB                          230
   TCP_BUF_SIZE                    \NET.LIB                          246
   MAX_TCP_SOCKET_BUFFERS          \NET.LIB                          261
   UDP_BUF_SIZE                    \NET.LIB                          278
   MAX_UDP_SOCKET_BUFFERS          \NET.LIB                          290
   MAX_SOCKET_LOCKS                \NET.LIB                          299
   ACTUAL_SOCKET_LOCKS             \NET.LIB                          305
   ETH_MTU                         \NET.LIB                          309
   PPP_MTU                         \NET.LIB                          312
   MAX_MTU                         \NET.LIB                          319
   MIN_MTU                         \NET.LIB                          320
   ETH_MAXBUFS                     \NET.LIB                          327
   PKT_XBUFS                       \NET.LIB                          336
   _DC_ETH_COMPILETIME_MASK        \NET.LIB                          347
   _DC_ETH_RUNTIME_MASK            \NET.LIB                          348
   _DC_ETH_MULTI                   \NET.LIB                          349
   _SET_TIMEOUT                    \NET.LIB                          354
   _CHK_TIMEOUT                    \NET.LIB                          355
   _SET_SHORT_TIMEOUT              \NET.LIB                          356
   _CHK_SHORT_TIMEOUT              \NET.LIB                          357
   VIRTUAL_ETH                     \NET.LIB                          374
   USE_PPP_SERIAL                  \NET.LIB                          383
   USE_VSPD                        \NET.LIB                          387
   USE_PPPOE                       \NET.LIB                          391
   USE_WIFI                        \NET.LIB                          395
   MAX_PPP_SERIAL                  \NET.LIB                          415
   USING_PPP_SERIAL                \NET.LIB                          446
   USING_VSPD                      \NET.LIB                          460
   USING_PPPLINK                   \NET.LIB                          462
   VSPD_LOCALHOST                  \NET.LIB                          464
   USING_PPPOE                     \NET.LIB                          472
   USING_ETHERNET                  \NET.LIB                          475
   USING_WIFI                      \NET.LIB                          476
   BOARD_DEPS_LIB                  \BOARD_DEPS.LIB                    10
   RT_PKTDRV_LIB                   \BOARD_DEPS.LIB                   154
   RT_INIT_FUNC                    \BOARD_DEPS.LIB                   155
   RT_INIT_FLAGS                   \BOARD_DEPS.LIB                   156
   RT_WRIO                         \BOARD_DEPS.LIB                   157
   RT_RDIO                         \BOARD_DEPS.LIB                   158
   RT_FDX                          \BOARD_DEPS.LIB                   159
   RT_HDX                          \BOARD_DEPS.LIB                   160
   RT_RESPORT                      \BOARD_DEPS.LIB                   161
   RT_RESSHAD                      \BOARD_DEPS.LIB                   162
   RT_RESMASK                      \BOARD_DEPS.LIB                   163
   PPP_OVERHEAD                    \NET.LIB                          482
   ETH_OVERHEAD                    \NET.LIB                          484
   PPPOE_OVERHEAD                  \NET.LIB                          485
   MAX_OVERHEAD                    \NET.LIB                          488
   MULTI_IF                        \NET.LIB                          496
   IF_ETHERMASK                    \NET.LIB                          501
   IF_SERIALMASK                   \NET.LIB                          502
   IF_PPPOEMASK                    \NET.LIB                          503
   IF_PPPMASK                      \NET.LIB                          504
   ETH_BUFSIZE                     \NET.LIB                          532
   PKTDRV_H                        \PKTDRV.LIB                        17
   _pktdrv_debug                   \PKTDRV.LIB                        22
   PKT_POOL_IPSET                  \PKTDRV.LIB                        30
   __REALTEK_LIB                   \REALTEK.LIB                       15
   __NE2000_LIB                    \NE2000.LIB                         9
   PD_RESET                        \NE2000.LIB                        40
   PD_IOPORT                       \NE2000.LIB                        41
   PD_PAGESTART                    \NE2000.LIB                        44
   PD_PAGESTOP                     \NE2000.LIB                        45
   PD_BOUNDARY                     \NE2000.LIB                        46
   PD_TXSTATUS                     \NE2000.LIB                        47
   PD_TXPAGE                       \NE2000.LIB                        48
   PD_TXBCNT0                      \NE2000.LIB                        49
   PD_NCR                          \NE2000.LIB                        50
   PD_TXBCNT1                      \NE2000.LIB                        51
   PD_INTSTATUS                    \NE2000.LIB                        52
   PD_RMTSADR0                     \NE2000.LIB                        53
   PD_CRDMA0                       \NE2000.LIB                        54
   PD_RMTSADR1                     \NE2000.LIB                        55
   PD_CRDMA1                       \NE2000.LIB                        56
   PD_RMTBCNT0                     \NE2000.LIB                        57
   PD_RMTBCNT1                     \NE2000.LIB                        58
   PD_RXSTATUS                     \NE2000.LIB                        59
   PD_RXCFG                        \NE2000.LIB                        60
   PD_TXCFG                        \NE2000.LIB                        61
   PD_DATACFG                      \NE2000.LIB                        62
   PD_INTMASK                      \NE2000.LIB                        63
   PD_PAR0                         \NE2000.LIB                        66
   PD_CURRENT                      \NE2000.LIB                        67
   PD_MAR0                         \NE2000.LIB                        68
   ne2k_internal_call              \NE2000.LIB                        76
   ne2k_internal_func              \NE2000.LIB                        77
   ne2k_external_func              \NE2000.LIB                        78
   ne2k_mem                        \NE2000.LIB                        79
   rtk_internal_call               \REALTEK.LIB                       30
   rtk_internal_func               \REALTEK.LIB                       31
   rtk_external_func               \REALTEK.LIB                       32
   USING_REALTEK                   \REALTEK.LIB                       39
   RT_FLAGS_HAVE9346               \REALTEK.LIB                       74
   RT_FLAGS_NOEEDI                 \REALTEK.LIB                       75
   RT_FLAGS_TWOIF                  \REALTEK.LIB                       76
   RT_FLAGS_FULLDUPLEX             \REALTEK.LIB                       77
   RT_FLAGS_USEINT                 \REALTEK.LIB                       78
   RT_FLAGS_BLUECHEESE_MUX_FIX     \REALTEK.LIB                       79
   RT_FLAGS_NOHARDWARERESET        \REALTEK.LIB                       80
   RT_FLAGS_INVERTEED0             \REALTEK.LIB                       81
   REALTEK_TABLE1                  \REALTEK.LIB                      123
   REALTEK_TABLE2                  \REALTEK.LIB                      127
   PD_9346CR                       \REALTEK.LIB                      131
   PD_CONFIG0                      \REALTEK.LIB                      132
   PD_CONFIG1                      \REALTEK.LIB                      133
   PD_CONFIG2                      \REALTEK.LIB                      134
   PD_CONFIG3                      \REALTEK.LIB                      135
   PD_HLTCLK                       \REALTEK.LIB                      136
   PD_PAGE_STOP                    \REALTEK.LIB                      139
   USING_DMAETH                    \PKTDRV.LIB                        69
   USING_ASIX                      \PKTDRV.LIB                        75
   USING_SMSC                      \PKTDRV.LIB                        78
   USING_CFPRISM                   \PKTDRV.LIB                        81
   USING_CUSTOM                    \PKTDRV.LIB                        84
   USING_PRISM2                    \PKTDRV.LIB                       103
   pktdrv_palloc                   \PKTDRV.LIB                       473
   pktdrv_pfree                    \PKTDRV.LIB                       474
   _PKTDRV_ENTER_CRITICAL          \PKTDRV.LIB                       480
   _PKTDRV_EXIT_CRITICAL           \PKTDRV.LIB                       481
   IF_MAX                          \NET.LIB                          579
   IF_DEFAULT                      \NET.LIB                          580
   IF_ETH_MAX                      \NET.LIB                          581
   IF_SET                          \NET.LIB                          583
   IF_ETH0                         \NET.LIB                          598
   IF_USES_ETH                     \NET.LIB                          599
   IF_PKT_ETH                      \NET.LIB                          600
   IF_PKT__REAL_WIFI               \NET.LIB                          601
   IF_PKT_SER                      \NET.LIB                          602
   IF_P2P                          \NET.LIB                          603
   IF_ANY                          \NET.LIB                          709
   IF_DEFAULT_IS_P2P               \NET.LIB                          712
   IS_MY_ADDR                      \NET.LIB                          781
   IS_ANY_MY_ADDR                  \NET.LIB                          783
   IS_NONLOCAL_SUBNET              \NET.LIB                          784
   IS_ALL_NONLOCAL_SUBNET          \NET.LIB                          785
   IS_SUBNET_BCAST_ADDR            \NET.LIB                          786
   IS_ANY_BCAST_ADDR               \NET.LIB                          787
   IS_SUBNET_NET_ADDR              \NET.LIB                          788
   IS_ANY_NET_ADDR                 \NET.LIB                          789
   MY_ADDR                         \NET.LIB                          794
   MY_SUBNET_MASK                  \NET.LIB                          795
   IS_LOCAL_SUBNET                 \NET.LIB                          799
   IS_ANY_LOCAL_SUBNET             \NET.LIB                          800
   IS_MULTICAST_ADDR               \NET.LIB                          801
   IS_LOOPBACK_ADDR                \NET.LIB                          802
   IS_VALID_LOCAL_SOURCE           \NET.LIB                          807
   IS_ANY_VALID_LOCAL_SOURCE       \NET.LIB                          808
   IS_VALID_SOURCE                 \NET.LIB                          809
   IS_ANY_VALID_SOURCE             \NET.LIB                          810
   MY_BCAST_ADDR                   \NET.LIB                          812
   MY_SUBNET_NET_ADDR              \NET.LIB                          813
   MY_SUBNET_BCAST_ADDR            \NET.LIB                          814
   ARP_TABLE_SIZE                  \NET.LIB                          825
   ARP_ROUTER_TABLE_SIZE           \NET.LIB                          835
   USE_RESERVEDPORTS               \NET.LIB                          841
   MAXINT                          \NET.LIB                          845
   min                             \NET.LIB                          847
   max                             \NET.LIB                          848
   movmem                          \NET.LIB                          850
   FP_OFF                          \NET.LIB                          852
   SOCKESTABLISHED                 \NET.LIB                          873
   SOCKDATAREADY                   \NET.LIB                          874
   SOCKCLOSED                      \NET.LIB                          875
   IP_TYPE                         \NET.LIB                          879
   ARP_TYPE                        \NET.LIB                          880
   IS_PPPOE_TYPE                   \NET.LIB                          881
   PPPOE_TYPE                      \NET.LIB                          883
   PPPOE_DISC                      \NET.LIB                          884
   MAX_STRING                      \NET.LIB                          887
   MAX_NAMESERVERS                 \NET.LIB                          891
   MAX_COOKIES                     \NET.LIB                          895
   TRUE                            \NET.LIB                          898
   true                            \NET.LIB                          899
   FALSE                           \NET.LIB                          900
   false                           \NET.LIB                          901
   TCP_MODE_BINARY                 \NET.LIB                          908
   TCP_MODE_ASCII                  \NET.LIB                          909
   TCP_MODE_NAGLE                  \NET.LIB                          910
   TCP_MODE_NONAGLE                \NET.LIB                          911
   TCP_MODE_FULLCLOSE              \NET.LIB                          912
   TCP_MODE_HALFCLOSE              \NET.LIB                          913
   ALL_TCP_MODES                   \NET.LIB                          914
   tcp_set_binary                  \NET.LIB                          935
   tcp_set_ascii                   \NET.LIB                          936
   tcp_set_nagle                   \NET.LIB                          938
   tcp_set_nonagle                 \NET.LIB                          939
   tcp_set_fullclose               \NET.LIB                          941
   tcp_set_halfclose               \NET.LIB                          942
   UDP_MODE_CHK                    \NET.LIB                          947
   UDP_MODE_NOCHK                  \NET.LIB                          948
   UDP_MODE_NOICMP                 \NET.LIB                          949
   UDP_MODE_ICMP                   \NET.LIB                          950
   UDP_MODE_NODICMP                \NET.LIB                          952
   UDP_MODE_DICMP                  \NET.LIB                          953
   UDP_MODE_CONTIG                 \NET.LIB                          955
   UDP_MODE_NOCONTIG               \NET.LIB                          956
   ALL_UDP_MODES                   \NET.LIB                          957
   udp_set_chk                     \NET.LIB                          982
   udp_set_nochk                   \NET.LIB                          983
   udp_set_noicmp                  \NET.LIB                          985
   udp_set_icmp                    \NET.LIB                          986
   udp_set_nodicmp                 \NET.LIB                          988
   udp_set_dicmp                   \NET.LIB                          989
   udp_set_contig                  \NET.LIB                          991
   udp_set_nocontig                \NET.LIB                          992
   ALL_MODES                       \NET.LIB                          996
   IFS_END                         \NET.LIB                         1000
   IFS_IPADDR                      \NET.LIB                         1001
   IFG_IPADDR                      \NET.LIB                         1002
   IFS_NETMASK                     \NET.LIB                         1003
   IFG_NETMASK                     \NET.LIB                         1004
   IFS_MTU                         \NET.LIB                         1005
   IFG_MTU                         \NET.LIB                         1006
   IFS_UP                          \NET.LIB                         1007
   IFS_DOWN                        \NET.LIB                         1008
   IFS_ROUTER_SET                  \NET.LIB                         1009
   IFS_ROUTER_SET_STATIC           \NET.LIB                         1010
   IFS_ROUTER_ADD                  \NET.LIB                         1011
   IFS_ROUTER_ADD_STATIC           \NET.LIB                         1012
   IFS_ROUTER_DEL                  \NET.LIB                         1013
   IFG_ROUTER_DEFAULT              \NET.LIB                         1014
   IFS_HWA                         \NET.LIB                         1015
   IFG_HWA                         \NET.LIB                         1016
   IFS_NAMESERVER_SET              \NET.LIB                         1017
   IFS_NAMESERVER_ADD              \NET.LIB                         1018
   IFS_DHCP                        \NET.LIB                         1019
   IFG_DHCP                        \NET.LIB                         1020
   IFS_ICMP_CONFIG                 \NET.LIB                         1021
   IFG_ICMP_CONFIG                 \NET.LIB                         1022
   IFS_DEBUG                       \NET.LIB                         1023
   IFG_DEBUG                       \NET.LIB                         1024
   IFS_PPP_SPEED                   \NET.LIB                         1025
   IFG_PPP_SPEED                   \NET.LIB                         1026
   IFG_DHCP_OK                     \NET.LIB                         1027
   IFS_ICMP_CONFIG_RESET           \NET.LIB                         1028
   IFG_ICMP_CONFIG_OK              \NET.LIB                         1029
   IFS_DHCP_TIMEOUT                \NET.LIB                         1030
   IFG_DHCP_TIMEOUT                \NET.LIB                         1031
   IFS_DHCP_FALLBACK               \NET.LIB                         1032
   IFG_DHCP_FALLBACK               \NET.LIB                         1033
   IFS_PPP_ACCEPTIP                \NET.LIB                         1034
   IFG_PPP_ACCEPTIP                \NET.LIB                         1035
   IFS_PPP_REMOTEIP                \NET.LIB                         1036
   IFG_PPP_REMOTEIP                \NET.LIB                         1037
   IFS_PPP_SETREMOTEIP             \NET.LIB                         1038
   IFS_PPP_ACCEPTDNS               \NET.LIB                         1039
   IFG_PPP_ACCEPTDNS               \NET.LIB                         1040
   IFS_PPP_REMOTEDNS               \NET.LIB                         1041
   IFG_PPP_REMOTEDNS               \NET.LIB                         1042
   IFS_PPP_SETREMOTEDNS            \NET.LIB                         1043
   IFS_PPP_AUTHCALLBACK            \NET.LIB                         1044
   IFS_PPP_INIT                    \NET.LIB                         1045
   IFS_PPP_REMOTEAUTH              \NET.LIB                         1046
   IFG_PPP_REMOTEAUTH              \NET.LIB                         1047
   IFS_PPP_LOCALAUTH               \NET.LIB                         1048
   IFG_PPP_LOCALAUTH               \NET.LIB                         1049
   IFS_PPP_RTSPIN                  \NET.LIB                         1050
   IFG_PPP_RTSPIN                  \NET.LIB                         1051
   IFS_PPP_CTSPIN                  \NET.LIB                         1052
   IFG_PPP_CTSPIN                  \NET.LIB                         1053
   IFS_PPP_FLOWCONTROL             \NET.LIB                         1054
   IFG_PPP_FLOWCONTROL             \NET.LIB                         1055
   IFS_PPP_SENDEXPECT              \NET.LIB                         1056
   IFG_PPP_SENDEXPECT              \NET.LIB                         1057
   IFS_PPP_USEMODEM                \NET.LIB                         1058
   IFG_PPP_USEMODEM                \NET.LIB                         1059
   IFS_PPP_HANGUP                  \NET.LIB                         1060
   IFG_PPP_HANGUP                  \NET.LIB                         1061
   IFS_PPP_MODEMESCAPE             \NET.LIB                         1062
   IFG_PPP_MODEMESCAPE             \NET.LIB                         1063
   IFS_PPP_USEPORTD                \NET.LIB                         1064
   IFG_PPP_USEPORTD                \NET.LIB                         1065
   IFG_PPP_PEERADDR                \NET.LIB                         1066
   IFS_IF_CALLBACK                 \NET.LIB                         1067
   IFG_DHCP_INFO                   \NET.LIB                         1068
   IFG_DHCP_FELLBACK               \NET.LIB                         1069
   IFS_DHCP_OPTIONS                \NET.LIB                         1070
   IFG_DHCP_OPTIONS                \NET.LIB                         1071
   IFS_DHCP_QUERY                  \NET.LIB                         1072
   IFG_DHCP_QUERY                  \NET.LIB                         1073
   IFS_DHCP_DOMAIN                 \NET.LIB                         1074
   IFG_DHCP_DOMAIN                 \NET.LIB                         1075
   IFS_NAMESERVER_DEL              \NET.LIB                         1076
   IFS_DHCP_FB_IPADDR              \NET.LIB                         1077
   IFG_DHCP_FB_IPADDR              \NET.LIB                         1078
   IFS_PPP_PASSIVE                 \NET.LIB                         1079
   IFG_PPP_PASSIVE                 \NET.LIB                         1080
   IFS_USE_DMA                     \NET.LIB                         1081
   IFS_USE_SERIAL                  \NET.LIB                         1082
   ZWORLD                          \NET.LIB                         1085
   _MY_GATEWAY                     \NET.LIB                         1106
   _MY_NAMESERVER                  \NET.LIB                         1111
   IFCONFIG_ALL                    \NET.LIB                         1115
   _USE_DHCP                       \NET.LIB                         1122
   _PPP_STUFF                      \NET.LIB                         1130
   IFCONFIG_DEFAULT                \NET.LIB                         1133
   sockaddr_in                     \NET.LIB                         1136
   my_ip_addr                      \NET.LIB                         1139
   sin_mask                        \NET.LIB                         1140
   _mtu                            \NET.LIB                         1141
   multihomes                      \NET.LIB                         1142
   MAX_RESERVEPORTS                \NET_VARS.LIB                     146
   TCP_MAXPENDING                  \NET_VARS.LIB                     152
   _eth_addr                       \NET_VARS.LIB                     206
   LOCK_DNS                        \NET.LIB                         1220
   UNLOCK_DNS                      \NET.LIB                         1221
   LOCK_SOCK                       \NET.LIB                         1222
   UNLOCK_SOCK                     \NET.LIB                         1223
   LOCK_GLOBAL                     \NET.LIB                         1224
   UNLOCK_GLOBAL                   \NET.LIB                         1225
   LOCK_GLOBAL_IF_INIT             \NET.LIB                         1226
   UNLOCK_GLOBAL_IF_INIT           \NET.LIB                         1227
   LOCK_QUICK                      \NET.LIB                         1228
   UNLOCK_QUICK                    \NET.LIB                         1229
   set_mstimeout                   \NET.LIB                         1337
   sock_wait_established           \NET.LIB                         1340
   sock_wait_input                 \NET.LIB                         1342
   sock_tick                       \NET.LIB                         1346
   sock_wait_closed                \NET.LIB                         1348
   sock_init_noexit                \NET.LIB                         1553
   ntohs                           \NET.LIB                         1777
   htons                           \NET.LIB                         1778
   ntohl                           \NET.LIB                         1779
   htonl                           \NET.LIB                         1780
   MY_IP                           \NET.LIB                         1977
   IP                              \NET.LIB                         1978
   NETMASK                         \NET.LIB                         1979
   COOKIE                          \NET.LIB                         1980
   NAMESERVER                      \NET.LIB                         1981
   GATEWAY                         \NET.LIB                         1982
   DOMAINS                         \NET.LIB                         1983
   HOSTNAME                        \NET.LIB                         1984
   SOCKDELAY                       \NET.LIB                         1985
   ETHIP                           \NET.LIB                         1986
   BOOTP                           \NET.LIB                         1987
   BOOTPTO                         \NET.LIB                         1988
   PRINT                           \NET.LIB                         1989
   INACTIVE                        \NET.LIB                         1990
   INCLUDE                         \NET.LIB                         1991
   MULTIHOMES                      \NET.LIB                         1992
   DATATIMEOUT                     \NET.LIB                         1993
   is_it                           \NET.LIB                         1995
   __SERVLIST_LIB                  \SERVLIST.LIB                      10
   _servlist_debug                 \SERVLIST.LIB                      15
   ARP_H                           \ARP.LIB                           13
   _arp_nodebug                    \ARP.LIB                           18
   IP_H                            \IP.LIB                            12
   _ip_nodebug                     \IP.LIB                            17
   CUSTOM_PKT_FLAG_PROCESS         \IP.LIB                            25
   IP_DF                           \IP.LIB                            46
   IP_MF                           \IP.LIB                            47
   IP_OFFSET_N                     \IP.LIB                            48
   in_GetVersion                   \IP.LIB                            51
   in_GetHdrlen                    \IP.LIB                            52
   in_GetHdrlenBytes               \IP.LIB                            54
   in_GetTos                       \IP.LIB                            55
   in_GetTTL                       \IP.LIB                            57
   in_GetProtocol                  \IP.LIB                            58
   IPTOS_DEFAULT                   \IP.LIB                            65
   IPTOS_CHEAP                     \IP.LIB                            66
   IPTOS_RELIABLE                  \IP.LIB                            67
   IPTOS_CAPACIOUS                 \IP.LIB                            68
   IPTOS_FAST                      \IP.LIB                            69
   IPTOS_SECURE                    \IP.LIB                            70
   ICMP_TOS                        \IP.LIB                            73
   ETH_MIN                         \IP.LIB                           117
   PD_ETHER                        \IP.LIB                           120
   PD_SLIP                         \IP.LIB                           121
   MAXFRAGS                        \IP.LIB                           135
   FRAGHOLDTIME                    \IP.LIB                           136
   FRAGLONGTIME                    \IP.LIB                           137
   IP_HEADER_SIZE                  \IP.LIB                           138
   IP_OPT_ROUTERALERT_LEN          \IP.LIB                           141
   IP_MAX_LL_HDR                   \IP.LIB                           143
   IP_MAX_PKT_HDR                  \IP.LIB                           147
   IP_MAX_TCP_HDR                  \IP.LIB                           148
   IP_MAX_UDP_HDR                  \IP.LIB                           150
   IP_MAX_IP_HDR                   \IP.LIB                           151
   structure                       \IP.LIB                           153
   aton                            \IP.LIB                           616
   ARP_LONG_EXPIRY                 \ARP.LIB                           31
   ARP_SHORT_EXPIRY                \ARP.LIB                           36
   ARP_PURGE_TIME                  \ARP.LIB                           41
   ARP_PERSISTENCE                 \ARP.LIB                           54
   arp_TypeEther                   \ARP.LIB                           74
   ARP_REQUEST                     \ARP.LIB                           77
   ARP_REPLY                       \ARP.LIB                           78
   ATH2INDEX                       \ARP.LIB                           93
   ATH2SEQNO                       \ARP.LIB                           94
   ATE_PERMANENT                   \ARP.LIB                          110
   ATE_RESOLVING                   \ARP.LIB                          111
   ATE_ROUTER_ENT                  \ARP.LIB                          112
   ATE_FLUSH                       \ARP.LIB                          113
   ATE_VOLATILE                    \ARP.LIB                          114
   ATE_GRACE                       \ARP.LIB                          115
   ATE_NOARP                       \ARP.LIB                          116
   ATE_ROUTER_HOP                  \ARP.LIB                          117
   ATE_PATHMTU_DISC                \ARP.LIB                          118
   ATE_RESOLVED                    \ARP.LIB                          119
   ATE_MULTICAST                   \ARP.LIB                          120
   ATE_RETRY_MASK                  \ARP.LIB                          121
   ATE_RETRY_SHIFT                 \ARP.LIB                          122
   ATE_REDIRECTED                  \ARP.LIB                          123
   RTE_TRANSIENT                   \ARP.LIB                          149
   RTE_DHCP                        \ARP.LIB                          150
   RTE_REDIRECT                    \ARP.LIB                          151
   RTE_DEAD                        \ARP.LIB                          153
   UDP_H                           \UDP.LIB                            9
   _udp_nodebug                    \UDP.LIB                           14
   ICMP_H                          \ICMP.LIB                          12
   _icmp_nodebug                   \ICMP.LIB                          21
   ICMP_TTL                        \ICMP.LIB                          51
   _ping                           \ICMP.LIB                          56
   ICMP_REFLECT_HEADER             \ICMP.LIB                          58
   ICMPTYPE_ECHOREPLY              \ICMP.LIB                         158
   ICMPTYPE_UNREACHABLE            \ICMP.LIB                         159
   ICMPTYPE_SOURCE_QUENCH          \ICMP.LIB                         160
   ICMPTYPE_REDIRECT               \ICMP.LIB                         161
   ICMPTYPE_ECHO_REQ               \ICMP.LIB                         162
   ICMPTYPE_ROUTER_ADV             \ICMP.LIB                         163
   ICMPTYPE_ROUTER_SOL             \ICMP.LIB                         164
   ICMPTYPE_TIMEEXCEEDED           \ICMP.LIB                         165
   ICMPTYPE_PARAM_PROBLEM          \ICMP.LIB                         166
   ICMPTYPE_TIMESTAMP_REQ          \ICMP.LIB                         167
   ICMPTYPE_TIMESTAMP_REP          \ICMP.LIB                         168
   ICMPTYPE_INFO_REQ               \ICMP.LIB                         169
   ICMPTYPE_INFO_REP               \ICMP.LIB                         170
   ICMP_UNREACH_NET                \ICMP.LIB                         172
   ICMP_UNREACH_HOST               \ICMP.LIB                         173
   ICMP_UNREACH_PROTO              \ICMP.LIB                         174
   ICMP_UNREACH_PORT               \ICMP.LIB                         175
   ICMP_UNREACH_FRAGNEEDED         \ICMP.LIB                         176
   ICMP_UNREACH_SRCROUTEFAILED     \ICMP.LIB                         177
   ICMP_EXCEEDED_TTL               \ICMP.LIB                         179
   ICMP_EXCEEDED_FRAGREASM         \ICMP.LIB                         180
   UDP_TTL                         \UDP.LIB                           26
   UDP_TOS                         \UDP.LIB                           30
   UDP_LENGTH                      \UDP.LIB                           40
   UDP_DH_INDATA                   \UDP.LIB                           55
   UDP_DH_ICMPMSG                  \UDP.LIB                           56
   UDI_ICMP_ERROR                  \UDP.LIB                           67
   UDI_TOS_MASK                    \UDP.LIB                           69
   UDI_HWA_VALID                   \UDP.LIB                           70
   UDI_BROADCAST_LL                \UDP.LIB                           71
   UDI_BROADCAST_IP                \UDP.LIB                           73
   UDI_MULTICAST_LL                \UDP.LIB                           75
   UDI_MULTICAST_IP                \UDP.LIB                           76
   udp_open                        \UDP.LIB                          144
   udp_send                        \UDP.LIB                          819
   udp_sendto                      \UDP.LIB                          860
   udp_recv                        \UDP.LIB                         1075
   TCP_H                           \TCP.LIB                           13
   _tcp_nodebug                    \TCP.LIB                           18
   tcp_FlagFIN                     \TCP.LIB                           44
   tcp_FlagSYN                     \TCP.LIB                           45
   tcp_FlagRST                     \TCP.LIB                           46
   tcp_FlagPUSH                    \TCP.LIB                           47
   tcp_FlagACK                     \TCP.LIB                           48
   tcp_FlagURG                     \TCP.LIB                           49
   tcp_FlagDO                      \TCP.LIB                           50
   tcp_GetDataOffset               \TCP.LIB                           51
   tcp_StateLISTEN                 \TCP.LIB                           62
   tcp_StateARP                    \TCP.LIB                           63
   tcp_StateSYNSENT                \TCP.LIB                           64
   tcp_StateSYNREC                 \TCP.LIB                           65
   tcp_StateESTAB                  \TCP.LIB                           66
   tcp_StateFINWT1                 \TCP.LIB                           67
   tcp_StateFINWT2                 \TCP.LIB                           68
   tcp_StateCLOSWT                 \TCP.LIB                           69
   tcp_StateCLOSING                \TCP.LIB                           70
   tcp_StateLASTACK                \TCP.LIB                           71
   tcp_StateTIMEWT                 \TCP.LIB                           72
   tcp_StateCLOSED                 \TCP.LIB                           73
   TCP_DH_LISTEN                   \TCP.LIB                           81
   TCP_DH_OPEN                     \TCP.LIB                           82
   TCP_DH_ESTAB                    \TCP.LIB                           83
   TCP_DH_INDATA                   \TCP.LIB                           84
   TCP_DH_OUTBUF                   \TCP.LIB                           85
   TCP_DH_INCLOSE                  \TCP.LIB                           86
   TCP_DH_OUTCLOSE                 \TCP.LIB                           87
   TCP_DH_CLOSED                   \TCP.LIB                           88
   TCP_DH_ABORT                    \TCP.LIB                           89
   TCP_DH_RESET                    \TCP.LIB                           90
   TCP_DH_ICMPMSG                  \TCP.LIB                           91
   RETRAN_STRAT_TIME               \TCP.LIB                           96
   TCP_LOCAL                       \TCP.LIB                           99
   TCP_SAWCR                       \TCP.LIB                          100
   TCP_OPENTIMEOUT                 \TCP.LIB                          104
   TCP_CONNTIMEOUT                 \TCP.LIB                          107
   TCP_SYNQTIMEOUT                 \TCP.LIB                          110
   TCP_TWTIMEOUT                   \TCP.LIB                          138
   KEEPALIVE_NUMRETRYS             \TCP.LIB                          143
   KEEPALIVE_WAITTIME              \TCP.LIB                          148
   TCP_TTL                         \TCP.LIB                          154
   TCP_TOS                         \TCP.LIB                          158
   MAXVJSA                         \TCP.LIB                          163
   MAXVJSD                         \TCP.LIB                          164
   INITVJSA                        \TCP.LIB                          165
   INITVJSD                        \TCP.LIB                          166
   TCP_MAXRTO                      \TCP.LIB                          171
   TCP_MINRTO                      \TCP.LIB                          181
   TCP_LAZYUPD                     \TCP.LIB                          192
   tcp_send                        \TCP.LIB                          199
   tcp_sendsoon                    \TCP.LIB                          200
   tcp_open                        \TCP.LIB                          771
   tcp_listen                      \TCP.LIB                          958
   BOOTP_H                         \BOOTP.LIB                          2
   _bootp_nodebug                  \BOOTP.LIB                        455
   DHCP_MAXHOST                    \BOOTP.LIB                        466
   DHCP_MAXDOMAIN                  \BOOTP.LIB                        469
   DHCP_IFACE                      \BOOTP.LIB                        476
   BOOTREQUEST                     \BOOTP.LIB                        479
   BOOTREPLY                       \BOOTP.LIB                        480
   VM_RFC1048                      \BOOTP.LIB                        483
   DHCP_PERMANENT                  \BOOTP.LIB                        485
   DHCP_UNKNOWN_TIMEZONE           \BOOTP.LIB                        486
   DHCP_VN_SUBNET                  \BOOTP.LIB                        514
   DHCP_VN_TIMEOFF                 \BOOTP.LIB                        515
   DHCP_VN_ROUTER                  \BOOTP.LIB                        516
   DHCP_VN_TIMESRV                 \BOOTP.LIB                        517
   DHCP_VN_NAMESRV                 \BOOTP.LIB                        518
   DHCP_VN_DNS                     \BOOTP.LIB                        519
   DHCP_VN_LOGSRV                  \BOOTP.LIB                        520
   DHCP_VN_COOKIE                  \BOOTP.LIB                        521
   DHCP_VN_LPRSRV                  \BOOTP.LIB                        522
   DHCP_VN_IMPSRV                  \BOOTP.LIB                        523
   DHCP_VN_RLPSRV                  \BOOTP.LIB                        524
   DHCP_VN_HOST                    \BOOTP.LIB                        525
   DHCP_VN_BSIZE                   \BOOTP.LIB                        526
   DHCP_VN_MERIT                   \BOOTP.LIB                        527
   DHCP_VN_DOMAIN                  \BOOTP.LIB                        528
   DHCP_VN_SWAPSRV                 \BOOTP.LIB                        529
   DHCP_VN_ROOT                    \BOOTP.LIB                        530
   DHCP_VN_EXTN                    \BOOTP.LIB                        531
   DHCP_VN_IPFWD                   \BOOTP.LIB                        532
   DHCP_VN_NLSR                    \BOOTP.LIB                        533
   DHCP_VN_POLICY                  \BOOTP.LIB                        534
   DHCP_VN_REASSEM                 \BOOTP.LIB                        535
   DHCP_VN_IPTTL                   \BOOTP.LIB                        536
   DHCP_VN_MTUTO                   \BOOTP.LIB                        537
   DHCP_VN_MTUPLAT                 \BOOTP.LIB                        538
   DHCP_VN_IFMTU                   \BOOTP.LIB                        539
   DHCP_VN_SUBLOCL                 \BOOTP.LIB                        540
   DHCP_VN_BCAST                   \BOOTP.LIB                        541
   DHCP_VN_MASKDIS                 \BOOTP.LIB                        542
   DHCP_VN_MASKSUP                 \BOOTP.LIB                        543
   DHCP_VN_RTDISC                  \BOOTP.LIB                        544
   DHCP_VN_RTSOL                   \BOOTP.LIB                        545
   DHCP_VN_STATIC                  \BOOTP.LIB                        546
   DHCP_VN_TRAILER                 \BOOTP.LIB                        547
   DHCP_VN_ARPTO                   \BOOTP.LIB                        548
   DHCP_VN_ETHTYPE                 \BOOTP.LIB                        549
   DHCP_VN_TCPTTL                  \BOOTP.LIB                        550
   DHCP_VN_TCPKA                   \BOOTP.LIB                        551
   DHCP_VN_TCPKAG                  \BOOTP.LIB                        552
   DHCP_VN_NISDOM                  \BOOTP.LIB                        553
   DHCP_VN_NISSRV                  \BOOTP.LIB                        554
   DHCP_VN_NTPSRV                  \BOOTP.LIB                        555
   DHCP_VN_ENCAP                   \BOOTP.LIB                        556
   DHCP_VN_NBNS                    \BOOTP.LIB                        557
   DHCP_VN_NBDD                    \BOOTP.LIB                        558
   DHCP_VN_NBNT                    \BOOTP.LIB                        559
   DHCP_VN_NBSCOPE                 \BOOTP.LIB                        560
   DHCP_VN_XFS                     \BOOTP.LIB                        561
   DHCP_VN_XDM                     \BOOTP.LIB                        562
   DHCP_VN_REQIP                   \BOOTP.LIB                        565
   DHCP_VN_LEASE                   \BOOTP.LIB                        566
   DHCP_VN_OVLOPTS                 \BOOTP.LIB                        567
   DHCP_VN_TYPE                    \BOOTP.LIB                        569
   DHCP_VN_SRVRID                  \BOOTP.LIB                        571
   DHCP_VN_OPTS                    \BOOTP.LIB                        572
   DHCP_VN_MESSAGE                 \BOOTP.LIB                        574
   DHCP_VN_MSGLEN                  \BOOTP.LIB                        575
   DHCP_VN_T1TIME                  \BOOTP.LIB                        576
   DHCP_VN_T2TIME                  \BOOTP.LIB                        577
   DHCP_VN_CLASSID                 \BOOTP.LIB                        579
   DHCP_VN_CLNTID                  \BOOTP.LIB                        580
   DHCP_VN_NISPDOM                 \BOOTP.LIB                        582
   DHCP_VN_NISPSRV                 \BOOTP.LIB                        583
   DHCP_VN_TFTP                    \BOOTP.LIB                        584
   DHCP_VN_BOOTFILE                \BOOTP.LIB                        585
   DHCP_VN_MOBHA                   \BOOTP.LIB                        586
   DHCP_VN_SMTPSRV                 \BOOTP.LIB                        587
   DHCP_VN_POP3SRV                 \BOOTP.LIB                        588
   DHCP_VN_NNTPSRV                 \BOOTP.LIB                        589
   DHCP_VN_WWWSRV                  \BOOTP.LIB                        590
   DHCP_VN_FNGSRV                  \BOOTP.LIB                        591
   DHCP_VN_IRCSRV                  \BOOTP.LIB                        592
   DHCP_VN_STSRV                   \BOOTP.LIB                        593
   DHCP_VN_STDASRV                 \BOOTP.LIB                        594
   DHCP_TY_DSC                     \BOOTP.LIB                        597
   DHCP_TY_OFR                     \BOOTP.LIB                        598
   DHCP_TY_REQ                     \BOOTP.LIB                        599
   DHCP_TY_DCL                     \BOOTP.LIB                        600
   DHCP_TY_ACK                     \BOOTP.LIB                        601
   DHCP_TY_NAK                     \BOOTP.LIB                        602
   DHCP_TY_RLS                     \BOOTP.LIB                        603
   DHCP_TY_INF                     \BOOTP.LIB                        604
   DHCP_TY_FRC                     \BOOTP.LIB                        605
   DHCP_BOOTP                      \BOOTP.LIB                        607
   DHCP_ST_IBOOT                   \BOOTP.LIB                        612
   DHCP_ST_BOOT                    \BOOTP.LIB                        614
   DHCP_ST_INFORM_SEND             \BOOTP.LIB                        615
   DHCP_ST_INFORM                  \BOOTP.LIB                        616
   DHCP_ST_BOOTP_INIT              \BOOTP.LIB                        617
   DHCP_ST_BOOTP_SEND              \BOOTP.LIB                        618
   DHCP_ST_BOOTP_WAIT              \BOOTP.LIB                        619
   DHCP_ST_TOBINIT                 \BOOTP.LIB                        620
   DHCP_ST_INIT                    \BOOTP.LIB                        621
   DHCP_ST_SEL_SEND                \BOOTP.LIB                        623
   DHCP_ST_SEL                     \BOOTP.LIB                        624
   DHCP_ST_REQ_SEND                \BOOTP.LIB                        625
   DHCP_ST_REQ                     \BOOTP.LIB                        626
   DHCP_ST_ARP_SEND                \BOOTP.LIB                        627
   DHCP_ST_ARP                     \BOOTP.LIB                        629
   DHCP_ST_BOUND                   \BOOTP.LIB                        630
   DHCP_ST_RENEW_SEND              \BOOTP.LIB                        632
   DHCP_ST_RENEW                   \BOOTP.LIB                        633
   DHCP_ST_REBIND_SEND             \BOOTP.LIB                        634
   DHCP_ST_REBIND                  \BOOTP.LIB                        635
   DHCP_ST_RELEASE                 \BOOTP.LIB                        636
   DHCP_ST_TIMEOUT                 \BOOTP.LIB                        637
   DHCP_ST_EXPIRED                 \BOOTP.LIB                        639
   DHCP_ST_WRETRY                  \BOOTP.LIB                        642
   DHCP_MINRETRY                   \BOOTP.LIB                        647
   DHCP_DEFAULT_TIMEOUT            \BOOTP.LIB                        651
   DHCP_F_BROADCAST                \BOOTP.LIB                        668
   IPPORT_BOOTPS                   \BOOTP.LIB                        720
   IPPORT_BOOTPC                   \BOOTP.LIB                        721
   __DNS_LIB                       \DNS.LIB                           11
   _dns_nodebug                    \DNS.LIB                           16
   DNS_MAX_RESOLVES                \DNS.LIB                           20
   DNS_MAX_NAME                    \DNS.LIB                           25
   DNS_MAX_DATAGRAM_SIZE           \DNS.LIB                           32
   DNS_RETRY_TIMEOUT               \DNS.LIB                           36
   DNS_NUMBER_RETRIES              \DNS.LIB                           40
   DNS_MIN_KEEP_COMPLETED          \DNS.LIB                           44
   DNS_SOCK_BUF_SIZE               \DNS.LIB                           48
   _DNS_COMPLETED                  \DNS.LIB                           65
   _DNS_FAILED                     \DNS.LIB                           66
   _DNS_SUCCEEDED                  \DNS.LIB                           67
   _DNS_TIMEDOUT                   \DNS.LIB                           68
   _DNS_DEFDOMAINFIRST             \DNS.LIB                           69
   _DNS_FAILEDFIRSTDOMAIN          \DNS.LIB                           70
   _DNS_FULLYQUALIFIED             \DNS.LIB                           71
   RESOLVE_SUCCESS                 \DNS.LIB                           74
   RESOLVE_AGAIN                   \DNS.LIB                           75
   RESOLVE_FAILED                  \DNS.LIB                           76
   RESOLVE_TIMEDOUT                \DNS.LIB                           77
   RESOLVE_HANDLENOTVALID          \DNS.LIB                           78
   RESOLVE_NOENTRIES               \DNS.LIB                           79
   RESOLVE_LONGHOSTNAME            \DNS.LIB                           80
   RESOLVE_NONAMESERVER            \DNS.LIB                           81
   DNS_PREDEFINED                  \DNS.LIB                          111
   DNS_PPP                         \DNS.LIB                          112
   DNS_DHCP                        \DNS.LIB                          113
   DNS_ALL_SOURCES                 \DNS.LIB                          114
   DNS_SRV_OK                      \DNS.LIB                          115
   DNS_ALL_HEALTH                  \DNS.LIB                          116
   DNS_TABLE_SIZE                  \DNS.LIB                          159
   _DNS_FLAGS_QR                   \DNS.LIB                          169
   _DNS_FLAGS_OPCODE               \DNS.LIB                          170
   _DNS_FLAGS_AA                   \DNS.LIB                          171
   _DNS_FLAGS_TC                   \DNS.LIB                          172
   _DNS_FLAGS_RD                   \DNS.LIB                          173
   _DNS_FLAGS_RA                   \DNS.LIB                          174
   _DNS_FLAGS_ZERO                 \DNS.LIB                          175
   _DNS_FLAGS_RCODE                \DNS.LIB                          176
   _DNS_RCODE_NOERROR              \DNS.LIB                          179
   _DNS_RCODE_FORM                 \DNS.LIB                          180
   _DNS_RCODE_FAIL                 \DNS.LIB                          181
   _DNS_RCODE_NAME                 \DNS.LIB                          182
   _DNS_RCODE_NOTIMPLEMENTED       \DNS.LIB                          183
   _DNS_RCODE_REFUSED              \DNS.LIB                          184
   _DNS_QUERY_A                    \DNS.LIB                          188
   _DNS_QUERY_NS                   \DNS.LIB                          189
   _DNS_QUERY_CNAME                \DNS.LIB                          190
   _DNS_QUERY_PTR                  \DNS.LIB                          191
   _DNS_QUERY_HINFO                \DNS.LIB                          192
   _DNS_QUERY_MX                   \DNS.LIB                          193
   _DNS_QUERY_AXFR                 \DNS.LIB                          194
   _DNS_QUERY_ANY                  \DNS.LIB                          195
   __IGMP_LIB                      \IGMP.LIB                           2
   _igmp_nodebug                   \IGMP.LIB                          18
   IGMP_V1_ROUTER_PRESENT_TIMEOUT  \IGMP.LIB                          29
   IGMP_UNSOLICITED_REPORT_INTERVAL \IGMP.LIB                          35
   _IGMP_ALL_HOSTS_IPADDR          \IGMP.LIB                          39
   _IGMP_ALL_ROUTERS_IPADDR        \IGMP.LIB                          41
   _IGMP_MEMBERSHIP_REPORT         \IGMP.LIB                          44
   _IGMP_LEAVE_MESSAGE             \IGMP.LIB                          45
   _IGMP_TYPE_MEMBERSHIP_QUERY     \IGMP.LIB                          48
   _IGMP_TYPE_V1_MEMBERSHIP_REPORT \IGMP.LIB                          49
   _IGMP_TYPE_V2_MEMBERSHIP_REPORT \IGMP.LIB                          50
   _IGMP_TYPE_LEAVE_GROUP          \IGMP.LIB                          51
   PORT                            \TCP_CON.LIB                       14


// Function call graph.
No call graph information available.
