// Compilers view of MMU. Note these values are determined by the origin statements in the BIOS.
//Segment           Origin     Size
Root Code           00:0000    00426d
Root Data           ae:c9e8    0007ad
Xmem Code           f8:e200    004e1c



// Function mapping and source reference.
// * The size of labels is indeterminate and so is denoted with an asterisk.
//  Addr     Size   Function                        File                         Line Num
    1b19     1071   main                            \LAB2V2.C                          21
    1f48      197   IO_setOutput                    \IO.LIB                           103
    200d      197   BitWrPortI                      \SYSIO.LIB                        207
    20d2      245   HW_init                         \IO.LIB                            44
    21c7      755   serCopen                        \RS232.LIB                       4635
    24ba       97   serCgetError                    \RS232.LIB                       4711
    251b        *   spcisr_start                    \RS232.LIB                       4742
    251f        *   spc_dummyfunc                   \RS232.LIB                       4746
    2520        *   spc_starttx                     \RS232.LIB                       4791
    2554        *   cDisable                        \RS232.LIB                       4832
    256d        *   cEnable                         \RS232.LIB                       4846
    257a        *   spc_checkcts                    \RS232.LIB                       4855
    257e        *   spc_txload                      \RS232.LIB                       4863
    25de      174   ser_setupparitytable            \RS232.LIB                       9987
    268c      164   serSetParity                    \RS232.LIB                      10154
    2730      126   serCheckParity                  \RS232.LIB                      10195
    27ae        *   c_udv                           \MUTIL.LIB                        580
    27ba        *   c_div                           \MUTIL.LIB                        600
    2810        *   div0                            \MUTIL.LIB                        539
    281c        *   exception                       \ERRORS.LIB                       115
    283f        *   c_asl                           \UTIL.LIB                        1572
    285b        *   spc_isr                         \RS232.LIB                       4953
    2952        *   L_div                           \MUTIL.LIB                         88
    29f1        *   dloop8                          \MUTIL.LIB                        275
    2a0e        *   div0long                        \MUTIL.LIB                        553
    2a1a        *   L_add                           \MUTIL.LIB                        745
    2a1a        *   G_add                           \MUTIL.LIB                        746
    2a26        *   L_sub                           \MUTIL.LIB                        764
    2a26        *   G_sub                           \MUTIL.LIB                        765
    2a34        *   Bf_Bl                           \CSUPPORT.LIB                     414
    2a58        *   Bf_Bg                           \CSUPPORT.LIB                     450
    2a90        *   F_unpack                        \CSUPPORT.LIB                     491
    2a9d        *   S_right                         \CSUPPORT.LIB                     506
    2af5        *   G_neg                           \CSUPPORT.LIB                     579
    2af5        *   L_neg                           \CSUPPORT.LIB                     580
    2b04        *   periodic_isr                    \STDVDRIVER.LIB                   153
    2b0b        *   periodic_isr_ep2                \STDVDRIVER.LIB                   160
    2b9b        *   bios_intexit                    \STDVDRIVER.LIB                   320
    2bb6        *   __slice_tick                    \SLICE.LIB                         78
    2bd1        *   memset                          \STRING.LIB                       478
    2bed        *   _param3                         \UTIL.LIB                         732
    2bfc        *   hitwd                           \VDRIVER.LIB                      106
    2c03        *   exit                            \SYS.LIB                           57
    2c1f        *   _ProgStkSwitch                  \STACK.LIB                        729
    2c38        *   _BiosStkSwitch                  \STACK.LIB                        765
    2c43       15   slicefsp_init                   \SLICE.LIB                         29
    2c52        *   st4_s                           \CSUPPORT.LIB                     339
    2c59        *   slong_s                         \CSUPPORT.LIB                     344
    2c67        *   llong_                          \CSUPPORT.LIB                     620
    2c70        *   st4_                            \CSUPPORT.LIB                     632
    2c77        *   slong_                          \CSUPPORT.LIB                     638
    2c7f       86   read_rtc                        \RTCLOCK.LIB                      176
    2cd5        *   swap4_                          \UTIL.LIB                        1231
    2cde        *   flt_0                           \UTIL.LIB                        1041
    2ceb        *   cf_ge                           \UTIL.LIB                        1049
    2d01        *   cf_gt                           \UTIL.LIB                        1066
    2d34        *   cf_le                           \UTIL.LIB                        1103
    2d4a        *   cf_lt                           \UTIL.LIB                        1120
    2d70        *   cl_lt                           \UTIL.LIB                         933
    2d76        *   cl_gt                           \UTIL.LIB                         936
    2d79        *   cl_glt                          \UTIL.LIB                         938
    2d97        *   long_0                          \UTIL.LIB                        1203
    2d9c        *   cl_le                           \UTIL.LIB                         968
    2da2        *   cl_ge                           \UTIL.LIB                         971
    2da8        *   sstak                           \UTIL.LIB                         974
    2de4        *   swaps_                          \UTIL.LIB                        1248
    2df5        *   llong_s                         \CSUPPORT.LIB                     317
    2e04        *   L_mul                           \MUTIL.LIB                        828
    2e04        *   G_mul                           \MUTIL.LIB                        829
    2e38        *   cg_lt                           \UTIL.LIB                         834
    2e48        *   L_and                           \MUTIL.LIB                        339
    2e48        *   G_and                           \MUTIL.LIB                        340
    2e7a      224   getswf                          \STDIO.LIB                        121
    2f5a        8   kbhit                           \STDIO.LIB                        183
    2f62       15   dkSetStdioTimer                 \DKCOMMON.LIB                     526
    2f71       42   dkCheckStdioTimeOut             \DKCOMMON.LIB                     535
    2f9b       15   dkSetGetCharTimer               \DKCOMMON.LIB                     549
    2faa       35   dkCheckGetCharTimeOut           \DKCOMMON.LIB                     558
    2fcd        *   dkUnlockStdio                   \DKAPP.LIB                        697
    2fd2        *   dkRespond                       \DKCORE.LIB                      3236
    2fd6       57   getchar                         \STDIO.LIB                        229
    300f        *   putchar                         \STDIO.LIB                        372
    3023        *   putbin                          \STDIO.LIB                        388
    302e        *   dkDoMsg                         \STDIO.LIB                        580
    3052        *   G_div                           \MUTIL.LIB                        221
    309f        *   G_asr                           \MUTIL.LIB                        454
    30c2        *   _ZGLExit                        \MUTIL.LIB                        525
    30c4        *   G_rmax                          \MUTIL.LIB                        528
    30cc        *   L_go                            \MUTIL.LIB                        513
    30d0        *   G_asl                           \MUTIL.LIB                        484
    30d0        *   L_asl                           \MUTIL.LIB                        485
    31bc        *   funcblk_entry                   \COSTATE.LIB                      181
    320a        *   funcblk_exit                    \COSTATE.LIB                      252
    3213        *   funcblk_begin                   \COSTATE.LIB                      261
    321e        *   funcblk_init                    \COSTATE.LIB                      275
    323a        *   CoBegin                         \COSTATE.LIB                      313
    3244        *   CoReset                         \COSTATE.LIB                      320
    324e        *   CoPause                         \COSTATE.LIB                      327
    3253        *   CoResume                        \COSTATE.LIB                      332
    3258        *   isCoRunning                     \COSTATE.LIB                      338
    3267        *   isCoDone                        \COSTATE.LIB                      350
    3278        *   bound_e                         \UTIL.LIB                        1871
    3284        *   cofprologdbg_                   \COFUNC.LIB                       417
    3330        *   cofepilogdbg_                   \COFUNC.LIB                       591
    3385        *   _fentry                         \CSUPPORT.LIB                     125
    33a3        *   _fexit                          \CSUPPORT.LIB                     186
    33cb        *   __coferr_badinstance            \COFUNC.LIB                        92
    33d7        *   __coferr_badcodata              \COFUNC.LIB                        99
    33e3        *   sspixffndbg_                    \UTIL.LIB                         236
    33ed        *   rspixffndbg_                    \UTIL.LIB                         260
    340b       78   outchrs                         \STDIO.LIB                       2461
    3463        *   htoa                            \STDIO.LIB                       2343
    34af        *   hltoa                           \STDIO.LIB                       2401
    34d0        *   xgetint                         \XMEM.LIB                        1477
    34e0        *   strlen                          \STRING.LIB                      1231
    34ef        *   strtol                          \STRING.LIB                       123
    3608        *   _mult328                        \STRING.LIB                       322
    362a        *   islower                         \STRING.LIB                      1722
    362f        *   isupper                         \STRING.LIB                      1726
    3634        *   isdigit                         \STRING.LIB                      1730
    3639        *   isxdigit                        \STRING.LIB                      1734
    363e        *   ispunct                         \STRING.LIB                      1738
    3643        *   isprint                         \STRING.LIB                      1742
    3648        *   isspace                         \STRING.LIB                      1746
    36ce        *   _ctype                          \STRING.LIB                      1981
    36f1        *   utoa                            \STDIO.LIB                       2214
    3730        *   utoan                           \STDIO.LIB                       2275
    374e        *   itoan                           \STDIO.LIB                       2298
    375e        *   abs                             \MATH.LIB                        1742
    3768        *   itoa                            \STDIO.LIB                       2154
    37b2        *   cg_le                           \UTIL.LIB                         873
    37cc        *   G_com                           \MUTIL.LIB                        785
    37cc        *   L_com                           \MUTIL.LIB                        786
    37d9        *   __divmod10                      \STDIO.LIB                       1115
    3806        *   eq_4                            \UTIL.LIB                        1161
    3806        *   cf_eq                           \UTIL.LIB                        1162
    3826        *   cf_ne                           \UTIL.LIB                        1190
    3826        *   neq_4                           \UTIL.LIB                        1191
    382b        *   tolower                         \STRING.LIB                      1599
    3868        *   F_neg                           \MUTILFP.LIB                     1332
    386d        *   G_mod                           \MUTIL.LIB                         56
    3884        *   mod0                            \MUTIL.LIB                        314
    3896        *   Bf_Hc                           \UTIL.LIB                        1609
    3896        *   Bf_Hu                           \UTIL.LIB                        1610
    3896        *   Bf_Hi                           \UTIL.LIB                        1611
    389b        *   cg_gt                           \UTIL.LIB                         852
    38ae        *   __wfdheader                     \COFUNC.LIB                        32
    39b4        *   abound_e                        \UTIL.LIB                        1891
    3bae        *   _switch                         \UTIL.LIB                          38
    3bd5        *   cg_ge                           \UTIL.LIB                         899
    3d42      161   premain                         \PROGRAM.LIB                      110
    3de3        *   L_not                           \UTIL.LIB                        1217
    3de3        *   G_not                           \UTIL.LIB                        1218
    3df6        *   L_asr                           \MUTIL.LIB                        418
    3e25        *   L_or                            \MUTIL.LIB                        366
    3e25        *   G_or                            \MUTIL.LIB                        367
    3e37        *   xmem_cpyblkfwd                  \XMEM.LIB                         302
    3eaf        *   xmem_cpyblkbwd                  \XMEM.LIB                         405
    3f33        *   _init_bad_interrupts            \PROGRAM.LIB                      280
    4140        *   _unexp_interrupt                \UTIL.LIB                        2052
    415d        *   _disable_peripheral_interrupts  \UTIL.LIB                        1927
    41cc        *   dkStartup                       \DKCOMMON.LIB                     204
    41de        *   _dkxexit                        \DKCOMMON.LIB                      12
    41de        *   __xexit__                       \DKCOMMON.LIB                      56
 f8:ea2a        *   spc_init                        \RS232.LIB                       4755
 f8:ea5d        *   ser8_getparity                  \RS232.LIB                      10022
 f8:ea80        *   ser7_setparity                  \RS232.LIB                      10054
 f8:eab3        *   ser7_checkparity                \RS232.LIB                      10096
 f8:eae4        *   cbuf_used                       \CBUF.LIB                         484
 f8:eafc        *   cbuf_putch                      \CBUF.LIB                         234
 f8:eb29      113   __fpconv_xmemwrapper            \MUTILFP.LIB                      188
 f8:eb29        *   Hi_Bf                           \MUTILFP.LIB                      192
 f8:eb30        *   Bl_Bf                           \MUTILFP.LIB                      200
 f8:eb4a        *   Bg_Bf                           \MUTILFP.LIB                      217
 f8:eb4f        *   Hc_Bf                           \MUTILFP.LIB                      222
 f8:eb51        *   Hu_Bf                           \MUTILFP.LIB                      224
 f8:eb9a      576   __F_addxmemwrapper              \MUTILFP.LIB                      295
 f8:eb9a        *   F_sub                           \MUTILFP.LIB                      299
 f8:eb9e        *   F_add                           \MUTILFP.LIB                      305
 f8:ec93        *   _normalize                      \MUTILFP.LIB                      552
 f8:edda        *   periodic_init                   \STDVDRIVER.LIB                    94
 f8:ee24        *   vwdog                           \VDRIVER.LIB                      374
 f8:ee69       24   vwdogInit                       \VDRIVER.LIB                      139
 f8:ee81        *   cbuf_init                       \CBUF.LIB                         420
 f8:ee96      161   __f_mulxmemwrapper              \MUTILFP.LIB                      833
 f8:ee96        *   F_mul                           \MUTILFP.LIB                      919
 f8:ef37        *   cbuf_getch                      \CBUF.LIB                          88
 f8:ef62      183   __f_divxmemwrapper              \MUTILFP.LIB                     1099
 f8:ef6c        *   F_div                           \MUTILFP.LIB                     1136
 f9:e019        *   dkGetCharFromStdio              \DKCORE.LIB                      3022
 f9:e03d        *   __dk_unlockstdio                \DKAPP.LIB                        687
 f9:e04a       46   puts                            \STDIO.LIB                        337
 f9:e078       96   printFechaHora                  \UTILITIES.LIB                     42
 f9:e0d8       52   RTC_leerFechaHora               \RTC.LIB                           25
 f9:e10c       81   mktm                            \RTCLOCK.LIB                      573
 f9:e15d      133   _mktm_date                      \RTCLOCK.LIB                      450
 f9:e1e2       55   RTC_fijarFechaHora              \RTC.LIB                           14
 f9:e219      478   write_rtc                       \RTCLOCK.LIB                      100
 f9:e3f7       80   mktime                          \RTCLOCK.LIB                      363
 f9:e447       85   _mktime_date                    \RTCLOCK.LIB                      269
 f9:e49c      614   MENU_pedirFechaHora             \MENU.LIB                          48
 f9:e702        *   dkEnableRST28                   \DKCORE.LIB                      3298
 f9:e709        *   dkDisableRST28                  \DKCORE.LIB                      3307
 f9:e711        *   dkEnableRST20                   \DKCORE.LIB                      3333
 f9:e718        *   dkDisableRST20                  \DKCORE.LIB                      3337
 f9:e71f        *   dkEnableRST18                   \DKCORE.LIB                      3359
 f9:e726        *   dkDisableRST18                  \DKCORE.LIB                      3363
 f9:e72d       38   printf                          \STDIO.LIB                        740
 f9:e753       57   __qe2                           \STDIO.LIB                        633
 f9:e78c      107   _printf                         \STDIO.LIB                        676
 f9:e7f7     1689   doprnt                          \STDIO.LIB                        819
 f9:ee90      453   phex                            \STDIO.LIB                       1785
 fa:e055       76   outstr                          \STDIO.LIB                       2528
 fa:e0a1       76   outpad                          \STDIO.LIB                       1746
 fa:e0ed      516   plhex                           \STDIO.LIB                       1056
 fa:e2f1        *   xstrlen                         \XMEM.LIB                        1195
 fa:e322      543   pint                            \STDIO.LIB                       1851
 fa:e541      680   plint                           \STDIO.LIB                       1520
 fa:e7e9       59   labs                            \MATH.LIB                        2424
 fa:e824      201   _gltoa                          \STDIO.LIB                       1200
 fa:e8ed      191   _gltoan                         \STDIO.LIB                       1402
 fa:e9ac       30   gtoa                            \STDIO.LIB                       1434
 fa:e9ca       30   ltoa                            \STDIO.LIB                       1451
 fa:e9e8       27   gtoan                           \STDIO.LIB                       1471
 fa:ea03       27   ltoan                           \STDIO.LIB                       1488
 fa:ea1e     2296   pflt                            \STDIO.LIB                       1934
 fb:e316     1391   __ftoa                          \STDIO.LIB                       1579
 fb:e885      243   MENU_eliminarEvento             \MENU.LIB                         149
 fb:e978       86   EVENTOS_eliminarEvento          \EVENTOS.LIB                       75
 fb:e9ce      176   EVENTOS_agregarEvento           \EVENTOS.LIB                       56
 fb:ea7e      127   posicionLibre                   \EVENTOS.LIB                       26
 fb:eafd       96   atoi                            \STRING.LIB                       407
 fb:eb5d       54   MENU_consultarEventos           \MENU.LIB                         181
 fb:eb93      114   EVENTOS_listarEventos           \EVENTOS.LIB                       84
 fb:ec05      104   printEvento                     \UTILITIES.LIB                     58
 fb:ec6d      285   EVENTOS_ejecutarEventos         \EVENTOS.LIB                       97
 fb:ed8a       20   RTC_leerTimestamp               \RTC.LIB                           36
 fb:ed9e      116   MENU_mostrarMenuPrincipal       \MENU.LIB                          20
 fb:ee12      102   DelayMs                         \COSTATE.LIB                      525
 fb:ee78      121   EVENTOS_initEventos             \EVENTOS.LIB                       42
 fb:eef1      593   MENU_pedirDatosEvento           \MENU.LIB                         100
 fc:e142       54   MENU_consultarHora              \MENU.LIB                          92
 fc:e178      702   _Init_Stacks                    \STACK.LIB                        421
 fc:e436      317   _Get_Stack_Size                 \STACK.LIB                        504
 fc:e573      332   _Alloc_Stack                    \STACK.LIB                        582
 fc:e6bf      180   _Dealloc_Stack                  \STACK.LIB                        660
 fc:e773       55   _gen_lin2seg                    \XMEM.LIB                          93
 fc:e7aa       21   xalloc                          \STACK.LIB                        331
 fc:e7bf      547   _rs_xalloc                      \MEM.LIB                          357
 fc:e9e2       47   xmem2root                       \XMEM.LIB                         233
 fc:ea11      531   xmem2xmem                       \XMEM.LIB                         513
 fc:ec24       10   paddr                           \XMEM.LIB                        1102
 fc:ec2e       47   root2xmem                       \XMEM.LIB                         174
 fc:ec5d       16   _rk_alloc_calc_chksum           \MEM.LIB                           58
 fc:ec6d       10   _disable_serial_interrupt       \UTIL.LIB                        2003
 fc:ec77       65   _init_xalloc                    \MEM.LIB                          645
 fc:ecb8      508   _rs_xalloc_init                 \MEM.LIB                           90
 fc:eeb4      343   _rs_alloc_init                  \MEM.LIB                          239
 fd:e00b       16   VdInit                          \VDRIVER.LIB                       64


// Global/static data symbol mapping and source reference.
//  Addr     Size   Symbol                          File                         Line Num  Type
 ae:c5fb       30   eventos                         \EVENTOS.LIB                       16  struct eventos[]
 ae:c5f4        7   FechaHora                       \LAB2V2.C                          17  struct FechaHora
 ae:c5ef        5   opcion_menu                     \LAB2V2.C                          18  char[]          
 ae:c5ed        2   int_opcion_menu                 \LAB2V2.C                          19  int             
 ae:c5eb        2   int_lugar_libre                 \LAB2V2.C                          19  int             
 ae:c5e9        2   int_id_evento                   \LAB2V2.C                          19  int             
 ae:c5e3        6   unEvento                        \LAB2V2.C                          20  struct unEvento 
 ae:c53a      136   spc_icbuf                       \RS232.LIB                       4595  char[]          
 ae:c4b2      136   spc_ocbuf                       \RS232.LIB                       4596  char[]          
 ae:c4b0        2   serCrtsLo                       \RS232.LIB                       4534  int             
 ae:c4ae        2   serCrtsHi                       \RS232.LIB                       4535  int             
 ae:c4ad        1   clongstop                       \RS232.LIB                       4555  char            
 ae:c4ac        1   coverrun                        \RS232.LIB                       4556  char            
 ae:c4ab        1   coverflow                       \RS232.LIB                       4558  char            
 ae:c4aa        1   cparityerror                    \RS232.LIB                       4557  char            
 ae:c4a9        1   crtscts                         \RS232.LIB                       4545  char            
 ae:c4a8        1   cparity                         \RS232.LIB                       4546  char            
 ae:c4a7        1   cparitytype                     \RS232.LIB                       4547  char            
 ae:c4a6        1   csevenbit                       \RS232.LIB                       4548  char            
 ae:c4a5        1   ctwostop                        \RS232.LIB                       4549  char            
 ae:c4a3        2   c_checkctsfunc                  \RS232.LIB                       4551  int(*)()        
 ae:c4a1        2   c_rtsoff                        \RS232.LIB                       4552  void(*)()       
 ae:c49f        2   c_rtson                         \RS232.LIB                       4553  void(*)()       
 ae:c49b        4   serCopen:divisor                \RS232.LIB                       4637  long            
 ae:c497        4   serCopen:ta1div                 \RS232.LIB                       4637  long            
 ae:c493        4   serCopen:baudratio              \RS232.LIB                       4638  float           
 ae:c48f        4   serCopen:t                      \RS232.LIB                       4639  unsigned long   
 ae:c48e        1   serCgetError:error_flags        \RS232.LIB                       4713  char            
 ae:c38e      256   ser_paritytable                 \RS232.LIB                       9985  char[]          
 ae:c38c        2   ser_setupparitytable:i          \RS232.LIB                       9990  int             
 ae:c38a        2   ser_setupparitytable:j          \RS232.LIB                       9991  int             
 ae:c388        2   ser_setupparitytable:count      \RS232.LIB                       9992  int             
 ae:c387        1   bios_intnesting                 \STDVDRIVER.LIB                    59  char            
 ae:c386        1   bios_swpend                     \STDVDRIVER.LIB                    60  char            
 ae:c384        2   __MCOS_COUNTER                  \STDVDRIVER.LIB                    53  unsigned int    
 ae:c383        1   __TICK_COUNTER                  \STDVDRIVER.LIB                    51  char            
 ae:c382        1   __MS_COUNTER                    \STDVDRIVER.LIB                    52  char            
 ae:c37e        4   SEC_TIMER                       \STDVDRIVER.LIB                    57  unsigned long   
 ae:c37a        4   MS_TIMER                        \COSTATE.LIB                       55  unsigned long   
 ae:c376        4   TICK_TIMER                      \STDVDRIVER.LIB                    56  unsigned long   
 ae:c374        2   __MCOS_CNT_VAL                  \STDVDRIVER.LIB                    54  unsigned int    
 ae:c373        1   pisr_inuse                      \STDVDRIVER.LIB                    74  char            
 ae:c372        1   topVd                           \VDRIVER.LIB                      125  char            
 ae:c35e       20   vd_wdogarray                    \VDRIVER.LIB                      133  unsigned int[]  
 ae:c35d        1   dkStatusFlags                   \DKCORE.LIB                       288  char            
 ae:c35c        1   dkSendFlags                     \DKCORE.LIB                       290  char            
 ae:c35b        1   dkRequest                       \DKCORE.LIB                       291  char            
 ae:c35a        1   dkAckToSend                     \DKCORE.LIB                       292  char            
 ae:c359        1   dkStepFlags                     \DKCORE.LIB                       293  char            
 ae:c357        2   dkptrASMbuf                     \DKCORE.LIB                       294  char*           
 ae:c343       20   dkASMbuf                        \DKCORE.LIB                       337  char[]          
 ae:c328       27   dkRegisters                     \DKCORE.LIB                       296  struct dkRegisters
 ae:c325        3   dkNextAddress                   \DKCORE.LIB                       301  struct dkNextAddress
 ae:c322        3   dkBreakAddress                  \DKCORE.LIB                       302  struct dkBreakAddress
 ae:c31b        7   dkBreakPoint                    \DKCORE.LIB                       303  struct dkBreakPoint
 ae:c319        2   dkEntryCount                    \DKCORE.LIB                       304  int             
 ae:c317        2   dkLastAsmStart                  \DKCORE.LIB                       310  unsigned int    
 ae:c315        2   dkLastAsmEnd                    \DKCORE.LIB                       311  unsigned int    
 ae:c314        1   dkLocks                         \DKCORE.LIB                       312  char            
 ae:c313        1   dkRST28State                    \DKCORE.LIB                       316  char            
 ae:c312        1   dkRST20State                    \DKCORE.LIB                       317  char            
 ae:c310        2   rstvectorreturn                 \DKCORE.LIB                       319  int             
 ae:c30f        1   dkSUval                         \DKCORE.LIB                       320  char            
 ae:c30d        2   _sys_exit_ret                   \SYS.LIB                           46  int             
 ae:c30b        2   _sys_exit_err                   \SYS.LIB                           47  int             
 ae:c309        2   GLOBAL:biossp                   \STACK.LIB                        726  int             
 ae:c307        2   GLOBAL:biossr                   \STACK.LIB                        726  int             
 ae:c305        2   FSP                             \SLICE.LIB                         20  void*           
 ae:c303        2   DBGFSP                          \SLICE.LIB                         20  void*           
    2e5a       32   __f_divxmemwrapper:_divtable    \MUTILFP.LIB                     1106  const char[]    
 ae:c301        2   getswf:p                        \STDIO.LIB                        124  char*           
 ae:c300        1   getswf:c                        \STDIO.LIB                        124  char            
 ae:c2f4        1   dkCharData                      \DKCORE.LIB                      3014  char            
 ae:c2f3        1   dkCharReady                     \DKCORE.LIB                      3015  char            
 ae:c2f1        2   dkStdioTimeout                  \DKCOMMON.LIB                     523  unsigned int    
 ae:c2ef        2   dkGetCharTimeout                \DKCOMMON.LIB                     524  unsigned int    
    3087       24   _mktm_date:__dom                \RTCLOCK.LIB                      456  const char[][]  
 ae:c2ee        1   write_rtc:k                     \RTCLOCK.LIB                      105  char            
 ae:c2ed        1   write_rtc:b1                    \RTCLOCK.LIB                      105  char            
 ae:c2ec        1   write_rtc:b2                    \RTCLOCK.LIB                      105  char            
 ae:c2eb        1   write_rtc:b3                    \RTCLOCK.LIB                      105  char            
 ae:c2ea        1   write_rtc:b4                    \RTCLOCK.LIB                      105  char            
 ae:c2e9        1   write_rtc:b5                    \RTCLOCK.LIB                      105  char            
 ae:c2e7        2   write_rtc:j                     \RTCLOCK.LIB                      106  int             
    30f3       48   _mktime_date:__jom              \RTCLOCK.LIB                      275  const unsigned int[][]
    364d      129   _ctype_table                    \STRING.LIB                      1967  const char[]    
    36e7       10   _tens                           \STDIO.LIB                       2204  const unsigned int[]
    3786       44   __ltens                         \STDIO.LIB                       1181  const unsigned long[]
    3836       32   pflt:round                      \STDIO.LIB                       1941  const long[]    
    3864        4   __ftoa:lg_2_10                  \STDIO.LIB                       1588  const float     
 ae:c2aa        2   _xtoxErr                        \STRING.LIB                        18  int             
 ae:c37a        4   MS_TIMER                        \COSTATE.LIB                       55  unsigned long   
 ae:c25e        4   __initial_stack                 \PROGRAM.LIB                       77  long            
 ae:c25a        4   freeStacks                      \STACK.LIB                        390  long[]          
    3dec       10   stackSizes                      \STACK.LIB                        391  const unsigned int[]
 ae:c256        4   BaseOfStacks1                   \STACK.LIB                        344  unsigned long   
 ae:c252        4   BaseOfStacks2                   \STACK.LIB                        344  unsigned long   
 ae:c24e        4   SizeOfStacks1                   \STACK.LIB                        345  unsigned long   
 ae:c24a        4   SizeOfStacks2                   \STACK.LIB                        345  unsigned long   
 ae:c246        4   _Alloc_Stack:retval             \STACK.LIB                        584  long            
 ae:c244        2   _Alloc_Stack:fsPtr              \STACK.LIB                        586  char*           
 ae:c242        2   _Dealloc_Stack:fsPtr            \STACK.LIB                        663  char*           
 ae:c23e        4   _rk_xubreak                     \MEM.LIB                          347  long            
 ae:c23c        2   _rk_ubreak                      \MEM.LIB                           44  struct _rk_ubreak*
    420b        2   _orgtablesize                   \Rabbitbios.c                      41  int             
    420d        0   _orgtable                       \Rabbitbios.c                      42  struct _orgtable[]

// Parameter and local auto symbol mapping and source reference.
//Offset Rel. to     Size   Symbol                          File                         Line Num  Type
       6      SP        2   IO_setOutput:p_port             \IO.LIB                           103  int             
       8      SP        2   IO_setOutput:p_pin              \IO.LIB                           103  int             
      10      SP        1   IO_setOutput:p_state            \IO.LIB                           103  char            
       2      SP        2   IO_setOutput:shadowPtr          \IO.LIB                           105  char*           
       0      SP        2   IO_setOutput:port               \IO.LIB                           106  int             
       4      SP        2   BitWrPortI:io_port              \SYSIO.LIB                        206  int             
       6      SP        2   BitWrPortI:PORTShadow           \SYSIO.LIB                        206  char*           
       8      SP        2   BitWrPortI:value                \SYSIO.LIB                        206  int             
      10      SP        2   BitWrPortI:bitcode              \SYSIO.LIB                        206  int             
       0      SP        2   BitWrPortI:reg_perm             \SYSIO.LIB                        209  int             
       0      SP        0   HW_init:_____ZW000000A3         \IO.LIB                            44  void            
       2      SP        4   serCopen:baud                   \RS232.LIB                       4635  long            
       2      SP        1   serSetParity:tx_byte            \RS232.LIB                      10154  char            
       4      SP        1   serSetParity:parity             \RS232.LIB                      10154  char            
       2      SP        1   serCheckParity:rx_byte          \RS232.LIB                      10195  char            
       4      SP        1   serCheckParity:parity           \RS232.LIB                      10195  char            
       0      SP        0   read_rtc:_____ZW000000E1        \RTCLOCK.LIB                      176  void            
       4      IX        2   getswf:s                        \STDIO.LIB                        121  char*           
      -2      IX        2   getswf:res                      \STDIO.LIB                        123  int             
       0      SP        0   dkSetStdioTimer:_____ZW000000F7 \DKCOMMON.LIB                     526  void            
       0      SP        0   dkCheckStdioTimeOut:_____ZW000000F9 \DKCOMMON.LIB                     535  void            
       0      SP        0   dkSetGetCharTimer:_____ZW000000FD \DKCOMMON.LIB                     549  void            
       0      SP        0   dkCheckGetCharTimeOut:_____ZW000000FF \DKCOMMON.LIB                     558  void            
       0      IX        0   getchar:_____ZW00000102         \STDIO.LIB                        229  void            
      -1      IX        1   getchar:c                       \STDIO.LIB                        231  char            
       5      IX        2   puts:s                          \STDIO.LIB                        337  char*           
       5      SP        2   printFechaHora:p_FechaHora      \UTILITIES.LIB                     43  struct printFechaHora:p_FechaHora*
       0      SP        2   printFechaHora:anio             \UTILITIES.LIB                     44  int             
       7      SP        2   RTC_leerFechaHora:p_FechaHora   \RTC.LIB                           26  struct RTC_leerFechaHora:p_FechaHora*
       0      SP        4   RTC_leerFechaHora:timestamp     \RTC.LIB                           27  unsigned long   
       3      SP        2   mktm:timeptr                    \RTCLOCK.LIB                      573  struct mktm:timeptr*
       5      SP        4   mktm:time                       \RTCLOCK.LIB                      573  unsigned long   
       3      SP        2   _mktm_date:timeptr              \RTCLOCK.LIB                      450  struct _mktm_date:timeptr*
       5      SP        2   _mktm_date:day                  \RTCLOCK.LIB                      450  unsigned int    
       7      SP        2   RTC_fijarFechaHora:p_FechaHora  \RTC.LIB                           15  struct RTC_fijarFechaHora:p_FechaHora*
       0      SP        4   RTC_fijarFechaHora:timestamp    \RTC.LIB                           16  unsigned long   
       3      SP        4   write_rtc:time                  \RTCLOCK.LIB                      100  unsigned long   
       3      SP        2   mktime:timeptr                  \RTCLOCK.LIB                      363  struct mktime:timeptr*
       3      SP        2   _mktime_date:timeptr            \RTCLOCK.LIB                      269  struct _mktime_date:timeptr*
       4      IX        2   MENU_pedirFechaHora:p_FechaHora \MENU.LIB                          49  struct MENU_pedirFechaHora:p_FechaHora*
     -10      IX       10   MENU_pedirFechaHora:temp        \MENU.LIB                          51  char[]          
     -12      IX        2   MENU_pedirFechaHora:int_temp    \MENU.LIB                          52  int             
       3      SP        2   printf:fmt                      \STDIO.LIB                        741  char*           
       3      SP        2   __qe2:c                         \STDIO.LIB                        633  int             
       5      SP        2   __qe2:__printfbuf               \STDIO.LIB                        633  char*           
       7      SP        2   __qe2:__printfcnt               \STDIO.LIB                        633  int*            
       9      SP        2   __qe2:instanceParam             \STDIO.LIB                        633  void*           
     135      SP        2   _printf:fmt                     \STDIO.LIB                        676  char*           
     137      SP        2   _printf:args                    \STDIO.LIB                        676  char*           
     130      SP        2   _printf:__printfcnt             \STDIO.LIB                        678  int             
     128      SP        2   _printf:__cnt                   \STDIO.LIB                        678  int             
       0      SP      128   _printf:__printfbuf             \STDIO.LIB                        679  char[]          
      41      SP        2   doprnt:putc                     \STDIO.LIB                        819  int(*)()        
      43      SP        2   doprnt:fmt                      \STDIO.LIB                        819  char*           
      45      SP        2   doprnt:arg1                     \STDIO.LIB                        819  void*           
      47      SP        2   doprnt:instanceParam            \STDIO.LIB                        819  void*           
      49      SP        2   doprnt:buf                      \STDIO.LIB                        819  char*           
      51      SP        2   doprnt:cnt                      \STDIO.LIB                        819  int*            
      36      SP        2   doprnt:p                        \STDIO.LIB                        821  struct doprnt:p 
      32      SP        4   doprnt:alnum                    \STDIO.LIB                        822  long            
      30      SP        2   doprnt:lng                      \STDIO.LIB                        823  int             
      28      SP        2   doprnt:width                    \STDIO.LIB                        823  int             
      26      SP        2   doprnt:prec                     \STDIO.LIB                        823  int             
      24      SP        2   doprnt:FmtSpecified             \STDIO.LIB                        824  int             
      22      SP        2   doprnt:temp                     \STDIO.LIB                        824  int             
      20      SP        2   doprnt:j                        \STDIO.LIB                        824  int             
      18      SP        2   doprnt:anum                     \STDIO.LIB                        824  int             
      16      SP        2   doprnt:length                   \STDIO.LIB                        824  int             
      15      SP        1   doprnt:code                     \STDIO.LIB                        825  char            
      14      SP        1   doprnt:flag                     \STDIO.LIB                        825  char            
      12      SP        2   doprnt:fptr                     \STDIO.LIB                        826  char*           
      10      SP        2   doprnt:sptr                     \STDIO.LIB                        826  char*           
       8      SP        2   doprnt:digits                   \STDIO.LIB                        827  int             
       4      SP        4   doprnt:farstrptr                \STDIO.LIB                        830  long            
       0      SP        4   doprnt:r                        \STDIO.LIB                        840  struct doprnt:r 
       5      IX        1   phex:left                       \STDIO.LIB                       1785  char            
       7      IX        2   phex:n1                         \STDIO.LIB                       1785  int             
       9      IX        2   phex:putc                       \STDIO.LIB                       1785  int(*)()        
      11      IX        2   phex:num                        \STDIO.LIB                       1785  int             
      13      IX        2   phex:instanceParam              \STDIO.LIB                       1785  void*           
      15      IX        2   phex:buf                        \STDIO.LIB                       1785  char*           
      17      IX        2   phex:cnt                        \STDIO.LIB                       1785  int*            
      19      IX        1   phex:code                       \STDIO.LIB                       1785  char            
      -2      IX        2   phex:spaces                     \STDIO.LIB                       1787  int             
      -7      IX        5   phex:array                      \STDIO.LIB                       1788  char[]          
      -9      IX        2   phex:i                          \STDIO.LIB                       1789  int             
       2      SP        1   outchrs:c                       \STDIO.LIB                       2462  char            
       4      SP        2   outchrs:n                       \STDIO.LIB                       2462  int             
       6      SP        2   outchrs:putc                    \STDIO.LIB                       2462  int(*)()        
       8      SP        2   outchrs:instanceParam           \STDIO.LIB                       2462  void*           
      10      SP        2   outchrs:buf                     \STDIO.LIB                       2462  char*           
      12      SP        2   outchrs:cnt                     \STDIO.LIB                       2462  int*            
       5      SP        2   outstr:string                   \STDIO.LIB                       2528  char*           
       7      SP        2   outstr:putc                     \STDIO.LIB                       2528  int(*)()        
       9      SP        2   outstr:instanceParam            \STDIO.LIB                       2528  void*           
      11      SP        2   outstr:buf                      \STDIO.LIB                       2528  char*           
      13      SP        2   outstr:cnt                      \STDIO.LIB                       2528  int*            
       0      SP        2   outstr:ptr                      \STDIO.LIB                       2530  char*           
       4      SP        1   outpad:left                     \STDIO.LIB                       1746  char            
       6      SP        2   outpad:count                    \STDIO.LIB                       1746  int             
       8      SP        2   outpad:putc                     \STDIO.LIB                       1746  int(*)()        
      10      SP        2   outpad:instanceParam            \STDIO.LIB                       1746  void*           
      12      SP        2   outpad:buf                      \STDIO.LIB                       1746  char*           
      14      SP        2   outpad:cnt                      \STDIO.LIB                       1746  int*            
       0      SP        1   outpad:k                        \STDIO.LIB                       1748  char            
       5      IX        1   plhex:left                      \STDIO.LIB                       1056  char            
       7      IX        2   plhex:n1                        \STDIO.LIB                       1056  int             
       9      IX        2   plhex:putc                      \STDIO.LIB                       1056  int(*)()        
      11      IX        4   plhex:num                       \STDIO.LIB                       1056  long            
      15      IX        2   plhex:instanceParam             \STDIO.LIB                       1056  void*           
      17      IX        2   plhex:buf                       \STDIO.LIB                       1056  char*           
      19      IX        2   plhex:cnt                       \STDIO.LIB                       1056  int*            
      21      IX        1   plhex:code                      \STDIO.LIB                       1056  char            
      -2      IX        2   plhex:spaces                    \STDIO.LIB                       1058  int             
     -11      IX        9   plhex:array                     \STDIO.LIB                       1059  char[]          
     -13      IX        2   plhex:ptr                       \STDIO.LIB                       1060  char*           
     -15      IX        2   plhex:i                         \STDIO.LIB                       1061  int             
       5      IX        1   pint:left                       \STDIO.LIB                       1851  char            
       7      IX        1   pint:code                       \STDIO.LIB                       1851  char            
       9      IX        2   pint:n1                         \STDIO.LIB                       1851  int             
      11      IX        2   pint:putc                       \STDIO.LIB                       1851  int(*)()        
      13      IX        2   pint:num                        \STDIO.LIB                       1851  int             
      15      IX        2   pint:instanceParam              \STDIO.LIB                       1851  void*           
      17      IX        2   pint:buf                        \STDIO.LIB                       1851  char*           
      19      IX        2   pint:cnt                        \STDIO.LIB                       1851  int*            
      -2      IX        2   pint:spaces                     \STDIO.LIB                       1853  int             
      -9      IX        7   pint:array                      \STDIO.LIB                       1854  char[]          
     -10      IX        1   pint:isSigned                   \STDIO.LIB                       1855  char            
       5      IX        1   plint:left                      \STDIO.LIB                       1520  char            
       7      IX        1   plint:code                      \STDIO.LIB                       1520  char            
       9      IX        2   plint:n1                        \STDIO.LIB                       1520  int             
      11      IX        2   plint:putc                      \STDIO.LIB                       1520  int(*)()        
      13      IX        4   plint:num                       \STDIO.LIB                       1520  long            
      17      IX        2   plint:instanceParam             \STDIO.LIB                       1520  void*           
      19      IX        2   plint:buf                       \STDIO.LIB                       1520  char*           
      21      IX        2   plint:cnt                       \STDIO.LIB                       1520  int*            
      -2      IX        2   plint:spaces                    \STDIO.LIB                       1522  int             
     -16      IX       14   plint:array                     \STDIO.LIB                       1523  char[]          
     -17      IX        1   plint:isSigned                  \STDIO.LIB                       1524  char            
       3      SP        4   labs:x                          \MATH.LIB                        2424  long            
       9      SP        4   _gltoa:num                      \STDIO.LIB                       1200  unsigned long   
      13      SP        2   _gltoa:ibuf                     \STDIO.LIB                       1200  char*           
      15      SP        1   _gltoa:neg                      \STDIO.LIB                       1200  char            
       2      SP        4   _gltoa:tmpL                     \STDIO.LIB                       1202  unsigned long   
       0      SP        2   _gltoa:beginStr                 \STDIO.LIB                       1203  char*           
       7      SP        4   _gltoan:num                     \STDIO.LIB                       1402  unsigned long   
      11      SP        1   _gltoan:neg                     \STDIO.LIB                       1402  char            
       2      SP        2   _gltoan:dig                     \STDIO.LIB                       1404  int             
       0      SP        2   _gltoan:j                       \STDIO.LIB                       1404  int             
       3      SP        4   gtoa:num                        \STDIO.LIB                       1434  unsigned long   
       7      SP        2   gtoa:ibuf                       \STDIO.LIB                       1434  char*           
       3      SP        4   ltoa:num                        \STDIO.LIB                       1451  long            
       7      SP        2   ltoa:ibuf                       \STDIO.LIB                       1451  char*           
       3      SP        4   gtoan:num                       \STDIO.LIB                       1471  unsigned long   
       3      SP        4   ltoan:num                       \STDIO.LIB                       1488  long            
      73      SP        1   pflt:left                       \STDIO.LIB                       1924  char            
      75      SP        1   pflt:code                       \STDIO.LIB                       1925  char            
      77      SP        2   pflt:TotalLength                \STDIO.LIB                       1926  int             
      79      SP        2   pflt:DigitsAfterDecPt           \STDIO.LIB                       1927  int             
      81      SP        2   pflt:putc                       \STDIO.LIB                       1928  int(*)()        
      83      SP        4   pflt:f                          \STDIO.LIB                       1929  float           
      87      SP        2   pflt:FmtSpecified               \STDIO.LIB                       1930  int             
      89      SP        2   pflt:instanceParam              \STDIO.LIB                       1931  void*           
      91      SP        2   pflt:buffer                     \STDIO.LIB                       1932  char*           
      93      SP        2   pflt:cnt                        \STDIO.LIB                       1933  int*            
      28      SP       42   pflt:buf                        \STDIO.LIB                       1936  char[]          
      26      SP        2   pflt:sgn                        \STDIO.LIB                       1937  int             
      24      SP        2   pflt:mdig                       \STDIO.LIB                       1937  int             
      22      SP        2   pflt:npow                       \STDIO.LIB                       1937  int             
      20      SP        2   pflt:prec                       \STDIO.LIB                       1937  int             
      18      SP        2   pflt:xcode                      \STDIO.LIB                       1938  int             
      16      SP        2   pflt:lenf                       \STDIO.LIB                       1938  int             
      14      SP        2   pflt:lene                       \STDIO.LIB                       1938  int             
      12      SP        2   pflt:expp                       \STDIO.LIB                       1938  int             
      10      SP        2   pflt:k                          \STDIO.LIB                       1939  int             
       8      SP        2   pflt:j                          \STDIO.LIB                       1939  int             
       6      SP        2   pflt:q                          \STDIO.LIB                       1939  int             
       4      SP        2   pflt:firstDigitNonZero          \STDIO.LIB                       1939  int             
       0      SP        4   pflt:slng                       \STDIO.LIB                       1940  long            
      35      SP        4   __ftoa:f                        \STDIO.LIB                       1579  float           
      39      SP        2   __ftoa:rlng                     \STDIO.LIB                       1579  long*           
      28      SP        4   __ftoa:tmp                      \STDIO.LIB                       1582  float           
      24      SP        4   __ftoa:mant                     \STDIO.LIB                       1583  float           
      22      SP        2   __ftoa:sgn                      \STDIO.LIB                       1590  int             
      20      SP        2   __ftoa:texp                     \STDIO.LIB                       1590  int             
      18      SP        2   __ftoa:exp                      \STDIO.LIB                       1591  int             
      16      SP        2   __ftoa:exp2                     \STDIO.LIB                       1591  int             
      14      SP        2   __ftoa:exp10                    \STDIO.LIB                       1591  int             
      12      SP        2   __ftoa:i                        \STDIO.LIB                       1591  int             
       8      SP        4   __ftoa:lng                      \STDIO.LIB                       1592  unsigned long   
       4      SP        4   __ftoa:chg                      \STDIO.LIB                       1592  unsigned long   
       0      SP        4   __ftoa:slng                     \STDIO.LIB                       1593  long            
      -5      IX        5   MENU_eliminarEvento:numEvento   \MENU.LIB                         152  char[]          
      -7      IX        2   MENU_eliminarEvento:int_numEvento \MENU.LIB                         153  int             
       3      SP        2   EVENTOS_eliminarEvento:posicionEvento \EVENTOS.LIB                       76  int             
       5      SP        2   EVENTOS_agregarEvento:p_tempevento \EVENTOS.LIB                       56  struct EVENTOS_agregarEvento:p_tempevento*
       0      SP        2   EVENTOS_agregarEvento:posicion  \EVENTOS.LIB                       58  int             
       0      SP        2   posicionLibre:i                 \EVENTOS.LIB                       28  int             
       7      SP        2   atoi:sptr                       \STRING.LIB                       407  char*           
       2      SP        2   atoi:res                        \STRING.LIB                       409  int             
       0      SP        2   atoi:p                          \STRING.LIB                       410  char*           
       0      SP        2   EVENTOS_listarEventos:i         \EVENTOS.LIB                       86  int             
      10      SP        2   printEvento:p_evento            \UTILITIES.LIB                     59  struct printEvento:p_evento*
       0      SP        7   printEvento:FechaHora           \UTILITIES.LIB                     60  struct printEvento:FechaHora
       0      SP        2   EVENTOS_ejecutarEventos:i       \EVENTOS.LIB                       99  int             
       3      SP        2   DelayMs:pfb                     \COSTATE.LIB                      525  struct DelayMs:pfb*
       5      SP        4   DelayMs:delayms                 \COSTATE.LIB                      525  long            
       0      SP        2   EVENTOS_initEventos:i           \EVENTOS.LIB                       44  int             
       4      IX        2   MENU_pedirDatosEvento:p_Evento  \MENU.LIB                         101  struct MENU_pedirDatosEvento:p_Evento*
      -5      IX        5   MENU_pedirDatosEvento:opcion    \MENU.LIB                         103  char[]          
      -7      IX        2   MENU_pedirDatosEvento:int_opcion \MENU.LIB                         104  int             
      -9      IX        2   MENU_pedirDatosEvento:p_FechaHora \MENU.LIB                         105  struct MENU_pedirDatosEvento:p_FechaHora*
     -13      IX        4   MENU_pedirDatosEvento:timestamp \MENU.LIB                         106  unsigned long   
      16      SP        4   _Init_Stacks:spaceLeft          \STACK.LIB                        423  long            
      14      SP        2   _Init_Stacks:i                  \STACK.LIB                        424  int             
       4      SP       10   _Init_Stacks:locCounts          \STACK.LIB                        425  unsigned int[]  
       2      SP        2   _Init_Stacks:allocIndex         \STACK.LIB                        426  unsigned int    
       0      SP        2   _Init_Stacks:totalStackCounts   \STACK.LIB                        427  unsigned int    
       5      SP        4   _Get_Stack_Size:ptr             \STACK.LIB                        505  long            
       0      SP        2   _Get_Stack_Size:i               \STACK.LIB                        506  int             
       7      SP        2   _Alloc_Stack:sz                 \STACK.LIB                        582  unsigned int    
       2      SP        2   _Alloc_Stack:i                  \STACK.LIB                        585  int             
       0      SP        2   _Alloc_Stack:i2                 \STACK.LIB                        585  int             
       7      SP        4   _Dealloc_Stack:ptr              \STACK.LIB                        660  long            
       2      SP        2   _Dealloc_Stack:i                \STACK.LIB                        662  int             
       0      SP        2   _Dealloc_Stack:i2               \STACK.LIB                        662  int             
       5      SP        2   _gen_lin2seg:laddr              \XMEM.LIB                          94  long*           
       7      SP        1   _gen_lin2seg:norm               \XMEM.LIB                          94  char            
       0      SP        2   _gen_lin2seg:old_ix             \XMEM.LIB                          95  int             
       3      SP        4   xalloc:sz                       \STACK.LIB                        331  long            
      35      SP        2   _rs_xalloc:szp                  \MEM.LIB                          357  long*           
      37      SP        2   _rs_xalloc:alignm               \MEM.LIB                          357  unsigned int    
      39      SP        2   _rs_xalloc:type                 \MEM.LIB                          357  unsigned int    
      30      SP        2   _rs_xalloc:i                    \MEM.LIB                          360  int             
      26      SP        4   _rs_xalloc:mask                 \MEM.LIB                          361  long            
      22      SP        4   _rs_xalloc:next                 \MEM.LIB                          361  long            
      18      SP        4   _rs_xalloc:sz                   \MEM.LIB                          362  long            
      14      SP        4   _rs_xalloc:base                 \MEM.LIB                          362  long            
       0      SP       14   _rs_xalloc:xsbreak              \MEM.LIB                          363  struct _rs_xalloc:xsbreak
       5      IX        2   xmem2root:dest                  \XMEM.LIB                         233  void*           
       7      IX        4   xmem2root:src                   \XMEM.LIB                         233  unsigned long   
      11      IX        2   xmem2root:len                   \XMEM.LIB                         233  unsigned int    
       7      SP        4   xmem2xmem:dest                  \XMEM.LIB                         513  unsigned long   
      11      SP        4   xmem2xmem:src                   \XMEM.LIB                         513  unsigned long   
      15      SP        2   xmem2xmem:len                   \XMEM.LIB                         513  unsigned int    
       0      SP        4   xmem2xmem:tocopy                \XMEM.LIB                         515  long            
       3      SP        2   paddr:pointer                   \XMEM.LIB                        1102  void*           
       5      IX        4   root2xmem:dest                  \XMEM.LIB                         174  unsigned long   
       9      IX        2   root2xmem:src                   \XMEM.LIB                         174  void*           
      11      IX        2   root2xmem:len                   \XMEM.LIB                         174  unsigned int    
       3      SP        2   _rk_alloc_calc_chksum:p         \MEM.LIB                           59  void*           
       5      SP        2   _rk_alloc_calc_chksum:num       \MEM.LIB                           59  int             
       3      SP        2   _disable_serial_interrupt:shadow \UTIL.LIB                        2003  char*           
       5      SP        2   _disable_serial_interrupt:port  \UTIL.LIB                        2003  int             
       0      SP        2   _init_xalloc:p                  \MEM.LIB                          647  char*           
      41      SP        2   _rs_xalloc_init:orgtbl          \MEM.LIB                           91  struct _rs_xalloc_init:orgtbl*
      43      SP        2   _rs_xalloc_init:orgtblsize      \MEM.LIB                           91  unsigned int    
      34      SP        4   _rs_xalloc_init:left_marker     \MEM.LIB                           93  long            
      30      SP        4   _rs_xalloc_init:right_marker    \MEM.LIB                           93  long            
      26      SP        4   _rs_xalloc_init:next_xsbreak_paddr \MEM.LIB                           94  long            
      24      SP        2   _rs_xalloc_init:i               \MEM.LIB                           95  int             
      10      SP       14   _rs_xalloc_init:xsbreak         \MEM.LIB                           96  struct _rs_xalloc_init:xsbreak
       6      SP        4   _rs_xalloc_init:available_bytes \MEM.LIB                           97  long            
       4      SP        2   _rs_xalloc_init:current_origin  \MEM.LIB                           98  struct _rs_xalloc_init:current_origin*
       0      SP        4   _rs_xalloc_init:memstart        \MEM.LIB                           99  long            
      13      SP        2   _rs_alloc_init:orgtbl           \MEM.LIB                          240  struct _rs_alloc_init:orgtbl*
      15      SP        2   _rs_alloc_init:orgtblsize       \MEM.LIB                          240  unsigned int    
       8      SP        2   _rs_alloc_init:i                \MEM.LIB                          242  unsigned int    
       6      SP        2   _rs_alloc_init:msize            \MEM.LIB                          242  unsigned int    
       4      SP        2   _rs_alloc_init:bsize            \MEM.LIB                          242  unsigned int    
       2      SP        2   _rs_alloc_init:mbreak           \MEM.LIB                          243  struct _rs_alloc_init:mbreak*
       0      SP        2   _rs_alloc_init:pe               \MEM.LIB                          244  struct _rs_alloc_init:pe*
       0      SP        0   VdInit:_____ZW000003DB          \VDRIVER.LIB                       64  void            


// Macro listing and source reference.
//  Name                           File                         Line Num
   _RESTRICT_WATCHCODE_            
   USE_PORTA_AUX_IO                \DEFAULT.H                        249
   ADC_ONBOARD                     \DEFAULT.H                        250
   ZWORLD_RESERVED_SIZE            \DEFAULT.H                        251
   __RCM37XX_LIB                   \RCM37XX.LIB                        2
   LCDCSREGISTER                   \RCM37XX.LIB                       39
   LCDCSSHADOW                     \RCM37XX.LIB                       40
   LCDCSCONFIG                     \RCM37XX.LIB                       41
   LCDSTROBE                       \RCM37XX.LIB                       42
   KEYCSREGISTER                   \RCM37XX.LIB                       44
   KEYCSSHADOW                     \RCM37XX.LIB                       45
   KEYCSCONFIG                     \RCM37XX.LIB                       46
   KEYSTROBE                       \RCM37XX.LIB                       47
   LCDBASEADDR                     \RCM37XX.LIB                       52
   KEYBASEADDR                     \RCM37XX.LIB                       53
   ADC_SCLKBAUD                    \RCM37XX.LIB                       63
   AD_OSC_ENABLE                   \RCM37XX.LIB                       66
   AD_OSC_DISABLE                  \RCM37XX.LIB                       70
   ADDIRECT                        \RCM37XX.LIB                       75
   ADREADINS                       \RCM37XX.LIB                       76
   ADWRITEINS                      \RCM37XX.LIB                       77
   ADLEN8                          \RCM37XX.LIB                       78
   ADLEN16                         \RCM37XX.LIB                       79
   ADMODE0                         \RCM37XX.LIB                       80
   ADMODE1                         \RCM37XX.LIB                       81
   ADMODE2                         \RCM37XX.LIB                       82
   ADMODE3                         \RCM37XX.LIB                       83
   ADLSBYTE                        \RCM37XX.LIB                       86
   ADMSBYTE                        \RCM37XX.LIB                       87
   ADPGAREG                        \RCM37XX.LIB                       88
   ADCNTLREG                       \RCM37XX.LIB                       89
   ADGAINMUXREG                    \RCM37XX.LIB                       90
   ADDIOSTATEREG                   \RCM37XX.LIB                       91
   ADDIOCNTLREG                    \RCM37XX.LIB                       92
   ADREFOSCREG                     \RCM37XX.LIB                       93
   ADSICREG                        \RCM37XX.LIB                       94
   ADIDREG                         \RCM37XX.LIB                       95
   ADSINGLE                        \RCM37XX.LIB                       98
   ADDIFFNL                        \RCM37XX.LIB                       99
   GAIN_1                          \RCM37XX.LIB                      101
   GAIN_2                          \RCM37XX.LIB                      102
   GAIN_4                          \RCM37XX.LIB                      103
   GAIN_5                          \RCM37XX.LIB                      104
   GAIN_8                          \RCM37XX.LIB                      105
   GAIN_10                         \RCM37XX.LIB                      106
   GAIN_16                         \RCM37XX.LIB                      107
   GAIN_20                         \RCM37XX.LIB                      108
   ADOVERFLOW                      \RCM37XX.LIB                      829
   SE_DEVCHAN                      \RCM37XX.LIB                      830
   ADC_CALIB_ADDRS                 \RCM37XX.LIB                      981
   ADC_CALIB_ADDRD                 \RCM37XX.LIB                      982
   ADC_CALIB_ADDRM                 \RCM37XX.LIB                      983
   CALIB_START                     \RCM37XX.LIB                      985
   CALIB_END                       \RCM37XX.LIB                      986
   MAXAIN                          \RCM37XX.LIB                      988
   ADCHANNELS                      \RCM37XX.LIB                      989
   ADCHANNELD                      \RCM37XX.LIB                      990
   ADCHANNELM                      \RCM37XX.LIB                      991
   ADCHANNELALL                    \RCM37XX.LIB                      992
   SINGLE                          \RCM37XX.LIB                      994
   DIFF                            \RCM37XX.LIB                      995
   mAMP                            \RCM37XX.LIB                      996
   ALLCHAN                         \RCM37XX.LIB                     1425
   __LCD122KEY7_LIB                \LCD122KEY7.LIB                     2
   LCDMREADSTATUS                  \LCD122KEY7.LIB                    90
   LCDMWRITEINSTR                  \LCD122KEY7.LIB                    91
   LCDSREADSTATUS                  \LCD122KEY7.LIB                    92
   LCDSWRITEINSTR                  \LCD122KEY7.LIB                    93
   LCDMREADDATA                    \LCD122KEY7.LIB                    94
   LCDMWRITEDATA                   \LCD122KEY7.LIB                    95
   LCDSREADDATA                    \LCD122KEY7.LIB                    96
   LCDSWRITEDATA                   \LCD122KEY7.LIB                    97
   LCDBACKLIGHT                    \LCD122KEY7.LIB                    99
   LCDLEDREG                       \LCD122KEY7.LIB                   102
   LCDLED0ADDR                     \LCD122KEY7.LIB                   103
   LCDLEDADDR                      \LCD122KEY7.LIB                   104
   KEYADDR                         \LCD122KEY7.LIB                   107
   __KEYPAD7_LIB                   \KEYPAD7.LIB                        2
   SET_EXTBUFFER_RD                \KEYPAD7.LIB                       11
   SET_EXTBUFFER_WR                \KEYPAD7.LIB                       15
   __MSCG12232_LIB                 \MSCG12232.LIB                      2
   LCD_XS                          \MSCG12232.LIB                     27
   LCD_YS                          \MSCG12232.LIB                     28
   PIXEL_XS                        \MSCG12232.LIB                     34
   PIXEL_YS                        \MSCG12232.LIB                     35
   PIXGROUP                        \MSCG12232.LIB                     36
   XMEM_BUF_SIZE                   \MSCG12232.LIB                     37
   LCDON                           \MSCG12232.LIB                    123
   LCDOFF                          \MSCG12232.LIB                    124
   LCDSETLINE                      \MSCG12232.LIB                    126
   LCDSETPAGE                      \MSCG12232.LIB                    127
   LCDSETCOLUMN                    \MSCG12232.LIB                    128
   LCDLEFTWARD                     \MSCG12232.LIB                    130
   LCDRIGHTWARD                    \MSCG12232.LIB                    131
   LCDSTATICDRIVEON                \MSCG12232.LIB                    133
   LCDSTATICDRIVEOFF               \MSCG12232.LIB                    134
   LCDDUTYCYCLE1_16                \MSCG12232.LIB                    136
   LCDDUTYCYCLE1_32                \MSCG12232.LIB                    137
   LCDRMWBEGIN                     \MSCG12232.LIB                    139
   LCDRMWEND                       \MSCG12232.LIB                    140
   LCDRESET                        \MSCG12232.LIB                    142
   LCDBUSY                         \MSCG12232.LIB                    145
   LCDDISPDIR                      \MSCG12232.LIB                    146
   LCDISON                         \MSCG12232.LIB                    147
   LCDRESETING                     \MSCG12232.LIB                    148
   BACKLIGHTOFF                    \MSCG12232.LIB                    151
   BACKLIGHTON                     \MSCG12232.LIB                    152
   LCDDISPLAYOFF                   \MSCG12232.LIB                    155
   LCDDISPLAYON                    \MSCG12232.LIB                    156
   LCDMASTER                       \MSCG12232.LIB                    159
   LCDSLAVE                        \MSCG12232.LIB                    160
   MAXTIMEOUT                      \MSCG12232.LIB                    163
   LCDMASK                         \MSCG12232.LIB                    167
   GLBUFMASK                       \MSCG12232.LIB                    168
   GLMASKCNT                       \MSCG12232.LIB                    169
   __GRAPHIC_LIB                   \GRAPHIC.LIB                       58
   FONTOFFSET                      \GRAPHIC.LIB                       64
   NO_BORDER                       \GRAPHIC.LIB                      126
   SINGLE_LINE                     \GRAPHIC.LIB                      130
   DOUBLE_LINE                     \GRAPHIC.LIB                      134
   PIXBLACK                        \GRAPHIC.LIB                      379
   PIXWHITE                        \GRAPHIC.LIB                      380
   PIXXOR                          \GRAPHIC.LIB                      381
   __6X8L_LIB                      \6X8L.LIB                           2
   __8X10L_LIB                     \8X10L.LIB                          2
   __12X16_LIB                     \12X16L.LIB                         2
   __COURIER12_LIB                 \COURIER12.LIB                      2
   __R3000_LIB__                   \R3000.LIB                         29
   QD_DIVISOR                      \R3000.LIB                         32
   QD_OVERFLOW                     \R3000.LIB                         34
   QD_UNDERFLOW                    \R3000.LIB                         35
   PWM_FREQ_FACTOR                 \R3000.LIB                        417
   PWM_SPREAD                      \R3000.LIB                        469
   PWM_OPENDRAIN                   \R3000.LIB                        470
   SETUSERMODE                     \DEFAULT.H                        286
   SETSYSMODE                      \DEFAULT.H                        287
   _system                         \DEFAULT.H                        288
   _SYS_CALL_VARS                  \DEFAULT.H                        289
   _NET_SYSCALL                    \DEFAULT.H                        290
   _rk_printf                      \DEFAULT.H                        291
   _rk_sprintf                     \DEFAULT.H                        292
   DK_ENABLE_BREAKPOINTS           \DEFAULT.H                        328
   DK_ENABLE_ASMSINGLESTEP         \DEFAULT.H                        336
   DK_ENABLE_WATCHEXPRESSIONS      \DEFAULT.H                        344
   DK_ENABLE_TRACING               \DEFAULT.H                        352
   DK_ENABLE_STACK_TRACING         \DEFAULT.H                        360
   DK_SEND_STACK_LENGTH            \DEFAULT.H                        368
   DK_ENABLE_DEBUGKERNEL           \DEFAULT.H                        370
   DK_ENABLE_TRACING               \DEFAULT.H                        377
   DK_ENABLE_STACK_TRACING         \DEFAULT.H                        380
   DK_ENABLE_ASMSINGLESTEP         \DEFAULT.H                        383
   DK_ENABLE_BREAKPOINTS           \DEFAULT.H                        386
   DK_ENABLE_WATCHEXPRESSIONS      \DEFAULT.H                        389
   __DKENTRY_LIB                   \DKENTRY.LIB                        2
   __DKCOMMON_LIB                  \DKCOMMON.LIB                       2
   __DKCORE_LIB                    \DKCORE.LIB                         2
   TC_TYPE_DEBUG                   \DKCORE.LIB                        14
   TC_DEBUG_NOREQUEST              \DKCORE.LIB                        16
   TC_DEBUG_SINGLESTEP             \DKCORE.LIB                        17
   TC_DEBUG_TOGGLEBREAKPOINT       \DKCORE.LIB                        18
   TC_DEBUG_CLEARBREAKPOINTS       \DKCORE.LIB                        19
   TC_DEBUG_TOGGLEALLBREAKPOINTS   \DKCORE.LIB                        20
   TC_DEBUG_ATBREAKPOINT           \DKCORE.LIB                        21
   TC_DEBUG_STARTPROGRAM           \DKCORE.LIB                        22
   TC_DEBUG_RUNPROGRAM             \DKCORE.LIB                        23
   TC_DEBUG_STOPPROGRAM            \DKCORE.LIB                        24
   TC_DEBUG_ADDWATCH               \DKCORE.LIB                        25
   TC_DEBUG_DELETEWATCH            \DKCORE.LIB                        26
   TC_DEBUG_DELETEALLWATCHES       \DKCORE.LIB                        27
   TC_DEBUG_EXECWATCH              \DKCORE.LIB                        28
   TC_DEBUG_EXECALLWATCHES         \DKCORE.LIB                        29
   TC_DEBUG_SENDCHAR               \DKCORE.LIB                        30
   TC_DEBUG_RESET                  \DKCORE.LIB                        31
   TC_DEBUG_SETSENDFLAGS           \DKCORE.LIB                        32
   TC_DEBUG_REGDATA                \DKCORE.LIB                        33
   TC_DEBUG_WATCHDATA              \DKCORE.LIB                        34
   TC_DEBUG_ASMDATA                \DKCORE.LIB                        35
   TC_DEBUG_STACKDATA              \DKCORE.LIB                        36
   TC_DEBUG_STDIO                  \DKCORE.LIB                        37
   TC_DEBUG_WRITEREGDATA           \DKCORE.LIB                        38
   TC_DEBUG_STDIOCHARREADY         \DKCORE.LIB                        39
   TC_DEBUG_NOOP                   \DKCORE.LIB                        40
   TC_DEBUG_ENABLEDOPTIONS         \DKCORE.LIB                        41
   DKF_STEP_INTO                   \DKCORE.LIB                        52
   DKF_STEP_OVER                   \DKCORE.LIB                        53
   DKF_STEP_ASM                    \DKCORE.LIB                        54
   DKF_STEP_SOURCE                 \DKCORE.LIB                        55
   DKF_STEP_CALL                   \DKCORE.LIB                        56
   DKF_STEP_LCALL                  \DKCORE.LIB                        57
   DKF_STAT_AT_BP                  \DKCORE.LIB                        60
   DKF_STAT_AT_HARD_BP             \DKCORE.LIB                        61
   DKF_STAT_RUNMODE                \DKCORE.LIB                        62
   DKF_STAT_STEPMODE               \DKCORE.LIB                        63
   DKF_STAT_ASMSTEPMODE            \DKCORE.LIB                        64
   DKF_STAT_ATEXIT                 \DKCORE.LIB                        65
   DKF_STAT_CONTEXTSWITCH          \DKCORE.LIB                        66
   DKF_STAT_INWATCH                \DKCORE.LIB                        67
   _TRACE                          \DKCORE.LIB                       135
   _TRACEON                        \DKCORE.LIB                       136
   _TRACEOFF                       \DKCORE.LIB                       137
   DK_SEND_ASM_LENGTH              \DKCORE.LIB                       141
   DKF_SEND_STACK                  \DKCORE.LIB                       143
   DKF_SEND_WATCHES                \DKCORE.LIB                       144
   DKF_SEND_ASM                    \DKCORE.LIB                       145
   DKF_SEND_REGS                   \DKCORE.LIB                       146
   DKF_SEND_STATUS                 \DKCORE.LIB                       147
   DKF_SEND_ACK                    \DKCORE.LIB                       148
   DK_ERROR_BPNOTENABLED           \DKCORE.LIB                       159
   DK_ERROR_ASMSINGLESTEPNOTENABLED \DKCORE.LIB                       160
   DK_ERROR_WATCHNOTENABLED        \DKCORE.LIB                       161
   DKF_STDIO_LOCK                  \DKCORE.LIB                       163
   DKF_GETCHAR_LOCK                \DKCORE.LIB                       164
   DKF_RESET_LOCK                  \DKCORE.LIB                       165
   DKF_DK_LOCK                     \DKCORE.LIB                       166
   DK_STDIO_TIMEOUT                \DKCORE.LIB                       167
   DK_GETCHAR_TIMEOUT              \DKCORE.LIB                       168
   dkIOI                           \DKCORE.LIB                       170
   dkIOE                           \DKCORE.LIB                       171
   dkALTD                          \DKCORE.LIB                       172
   DK_RST20                        \DKCORE.LIB                       174
   DK_RST28                        \DKCORE.LIB                       175
   dkZZ                            \DKCORE.LIB                       182
   dkZS                            \DKCORE.LIB                       183
   dkZD                            \DKCORE.LIB                       184
   dkZT                            \DKCORE.LIB                       185
   dkSZ                            \DKCORE.LIB                       186
   dkSS                            \DKCORE.LIB                       187
   dkSD                            \DKCORE.LIB                       188
   dkST                            \DKCORE.LIB                       189
   dkDZ                            \DKCORE.LIB                       190
   dkDS                            \DKCORE.LIB                       191
   dkDD                            \DKCORE.LIB                       192
   dkDT                            \DKCORE.LIB                       193
   dkTZ                            \DKCORE.LIB                       194
   dkTS                            \DKCORE.LIB                       195
   dkTD                            \DKCORE.LIB                       196
   dkTT                            \DKCORE.LIB                       197
   DK_MAX_WATCHES                  \DKCORE.LIB                       274
   DKF_BP_INACTIVE                 \DKCORE.LIB                       814
   DKF_BP_ACTIVE                   \DKCORE.LIB                       815
   DKF_BP_DELETED                  \DKCORE.LIB                       816
   DKF_BP_CONDITIONAL              \DKCORE.LIB                       817
   DKF_BP_HARD                     \DKCORE.LIB                       818
   DKF_BP_INSERT                   \DKCORE.LIB                       821
   DKF_BP_FOUND                    \DKCORE.LIB                       822
   DKF_BP_NOTFOUND                 \DKCORE.LIB                       823
   DKF_BP_EMPTYFOUND               \DKCORE.LIB                       824
   DKF_BP_EXHAUSTED                \DKCORE.LIB                       825
   DK_MAX_BREAKPOINTS              \DKCORE.LIB                       830
   DK_BREAKPOINT_MASK              \DKCORE.LIB                       848
   DKF_RST_RST28                   \DKCORE.LIB                      3264
   DKF_RST_RST20                   \DKCORE.LIB                      3265
   DKF_RST_RST18                   \DKCORE.LIB                      3266
   __DKAPP_LIB                     \DKAPP.LIB                          2
   DKF_OPTIONS_BREAKPOINTS         \DKAPP.LIB                         71
   DKF_OPTIONS_ASMSINGLESTEP       \DKAPP.LIB                         72
   DKF_OPTIONS_WATCHES             \DKAPP.LIB                         73
   DK_BREAKPOINTS_ENABLED          \DKAPP.LIB                         75
   DK_ASMSINGLESTEP_ENABLED        \DKAPP.LIB                         76
   DK_WATCHES_ENABLED              \DKAPP.LIB                         77
   __PROGRAM_LIB                   \PROGRAM.LIB                        2
   _program_debug                  \PROGRAM.LIB                        4
   _rk_mem_debug                   \MEM.LIB                            5
   XALLOC_ANY                      \MEM.LIB                           12
   XALLOC_BB                       \MEM.LIB                           13
   XALLOC_NOTBB                    \MEM.LIB                           14
   XALLOC_MAYBBB                   \MEM.LIB                           15
   _RS_USER_XALLOC_START           \MEM.LIB                           80
   _RS_XALLOC_START                \MEM.LIB                           81
   _RS_XALLOC_END                  \MEM.LIB                           82
   _xavail                         \MEM.LIB                          514
   INPUT_DIR                       \IO.LIB                             2
   OUTPUT_DIR                      \IO.LIB                             3
   STX                             \IO.LIB                             5
   ETX                             \IO.LIB                             6
   CINBUFSIZE                      \IO.LIB                             8
   COUTBUFSIZE                     \IO.LIB                             9
   PIC_COM_TIMEOUT                 \IO.LIB                            11
   PIC_MAX_MSG_LENGTH              \IO.LIB                            12
   PIC_PROTOCOL_BAUDRATE           \IO.LIB                            13
   LED_PORT                        \LED.LIB                            4
   LED_OFF                         \LED.LIB                            5
   LED_ON                          \LED.LIB                            6
   LED_SET                         \LED.LIB                            7
   LED_RESET                       \LED.LIB                            8
   LED_RED_SET                     \LED.LIB                            9
   LED_RED_RESET                   \LED.LIB                           10
   MAX_EVENTS                      \EVENTOS.LIB                        5
   ON_TIME                         \LAB2V2.C                          13
   OFF_TIME                        \LAB2V2.C                          14
   ONE_SECOND                      \LAB2V2.C                          15
   CINBUFOK                        \RS232.LIB                       4569
   COUTBUFOK                       \RS232.LIB                       4586
   STDIO_MAX_PRINTF_BUF_SIZE       \STDIO.LIB                        629
   DEFMANTISSA                     \STDIO.LIB                       1920
   DEFAULTSTACKSIZE                \PROGRAM.LIB                      102
   STACK_CNT_256                   \STACK.LIB                        353
   STACK_CNT_512                   \STACK.LIB                        356
   STACK_CNT_1K                    \STACK.LIB                        359
   STACK_CNT_2K                    \STACK.LIB                        362
   STACK_CNT_4K                    \STACK.LIB                        365
   TOTAL_STACK_CNT                 \STACK.LIB                        388
   UEI                             \PROGRAM.LIB                      277
   _RK_XBREAK_T_ADJ                \MEM.LIB                          107


// Function call graph.
premain
   VdInit
      periodic_init
         read_rtc
      vwdogInit
         memset
   _Alloc_Stack
      _gen_lin2seg
   _BiosStkSwitch
   _Dealloc_Stack
   _Init_Stacks
      xalloc
         _rs_xalloc
            _rk_alloc_calc_chksum
            exit
            root2xmem
               paddr
               xmem2xmem
                  xmem_cpyblkbwd
                  xmem_cpyblkfwd
            xmem2root
               paddr
               xmem2xmem->**see above**
   _ProgStkSwitch
   _init_bad_interrupts
   _init_xalloc
      _rs_alloc_init
         _rk_alloc_calc_chksum
      _rs_xalloc_init
      exception
      exit
   exception
   exit
   main
      DelayMs
      EVENTOS_agregarEvento
         posicionLibre
         printf
            _printf
               __qe2
               dkDoMsg
               doprnt
                  outchrs
                  pflt
                     __ftoa
                     _gltoa
                     itoa
                     ltoan
                        _gltoan
                     outchrs
                     outstr
                     strlen
                  phex
                     htoa
                     outchrs
                     outpad
                        outchrs
                     outstr
                     strlen
                  pint
                     abs
                     itoa
                     itoan
                     outchrs
                     outpad->**see above**
                     outstr
                     utoa
                     utoan
                  plhex
                     hltoa
                     outchrs
                     outpad->**see above**
                     outstr
                     strlen
                  plint
                     gtoa
                        _gltoa
                     gtoan
                        _gltoan
                     labs
                     ltoa
                        _gltoa
                     ltoan->**see above**
                     outchrs
                     outpad->**see above**
                     outstr
                  strlen
                  strtol
                  tolower
                  xgetint
                  xstrlen
      EVENTOS_ejecutarEventos
         IO_setOutput
         RTC_leerTimestamp
            read_rtc
      EVENTOS_eliminarEvento
         printf->**see above**
      EVENTOS_initEventos
         printf->**see above**
      EVENTOS_listarEventos
         printEvento
            mktm
            printFechaHora
               printf->**see above**
            printf->**see above**
         printf->**see above**
      HW_init
         BitWrPortI
         serCopen
            cbuf_getch
            cbuf_init
            spc_init
      IO_setOutput
      MENU_consultarEventos
         printf->**see above**
      MENU_consultarHora
         printf->**see above**
      MENU_eliminarEvento
         EVENTOS_listarEventos->**see above**
         atoi
            strtol
         getswf
            getchar
               dkGetCharFromStdio
               kbhit
            kbhit
            putchar
            puts
               putchar
         printf->**see above**
      MENU_mostrarMenuPrincipal
         printf->**see above**
      MENU_pedirDatosEvento
         MENU_pedirFechaHora
            atoi->**see above**
            getswf->**see above**
            printf->**see above**
         atoi->**see above**
         getswf->**see above**
         mktime
         printFechaHora->**see above**
         printf->**see above**
      MENU_pedirFechaHora->**see above**
      RTC_fijarFechaHora
         mktime
         write_rtc
      RTC_leerFechaHora
         mktm
         read_rtc
      atoi->**see above**
      getswf->**see above**
      printFechaHora->**see above**
      printf->**see above**
