// Compilers view of MMU. Note these values are determined by the origin statements in the BIOS.
//Segment           Origin     Size
Root Code           00:0000    00456f
Root Data           8e:c9e8    000882
Xmem Code           f8:e200    0045d0



// Function mapping and source reference.
// * The size of labels is indeterminate and so is denoted with an asterisk.
//  Addr     Size   Function                        File                         Line Num
    1b19      255   main                            \TESTFUNCIONESC.C                   7
    1c18      191   HW_init                         \IO.LIB                            44
    1cd7      755   serCopen                        \RS232.LIB                       4635
    1fca       97   serCgetError                    \RS232.LIB                       4711
    202b        *   spcisr_start                    \RS232.LIB                       4742
    202f        *   spc_dummyfunc                   \RS232.LIB                       4746
    2030        *   spc_starttx                     \RS232.LIB                       4791
    2064        *   cDisable                        \RS232.LIB                       4832
    207d        *   cEnable                         \RS232.LIB                       4846
    208a        *   spc_checkcts                    \RS232.LIB                       4855
    208e        *   spc_txload                      \RS232.LIB                       4863
    20ee      174   ser_setupparitytable            \RS232.LIB                       9987
    219c      164   serSetParity                    \RS232.LIB                      10154
    2240      126   serCheckParity                  \RS232.LIB                      10195
    22be        *   c_udv                           \MUTIL.LIB                        580
    22ca        *   c_div                           \MUTIL.LIB                        600
    2320        *   div0                            \MUTIL.LIB                        539
    232c        *   exception                       \ERRORS.LIB                       115
    234f        *   c_asl                           \UTIL.LIB                        1572
    236b        *   spc_isr                         \RS232.LIB                       4953
    2462        *   L_div                           \MUTIL.LIB                         88
    2501        *   dloop8                          \MUTIL.LIB                        275
    251e        *   div0long                        \MUTIL.LIB                        553
    252a        *   L_add                           \MUTIL.LIB                        745
    252a        *   G_add                           \MUTIL.LIB                        746
    2536        *   L_sub                           \MUTIL.LIB                        764
    2536        *   G_sub                           \MUTIL.LIB                        765
    2544        *   Bf_Bl                           \CSUPPORT.LIB                     414
    2568        *   Bf_Bg                           \CSUPPORT.LIB                     450
    25a0        *   F_unpack                        \CSUPPORT.LIB                     491
    25ad        *   S_right                         \CSUPPORT.LIB                     506
    2605        *   G_neg                           \CSUPPORT.LIB                     579
    2605        *   L_neg                           \CSUPPORT.LIB                     580
    2614        *   periodic_isr                    \STDVDRIVER.LIB                   153
    261b        *   periodic_isr_ep2                \STDVDRIVER.LIB                   160
    26ab        *   bios_intexit                    \STDVDRIVER.LIB                   320
    26c6        *   __slice_tick                    \SLICE.LIB                         78
    26e1        *   memset                          \STRING.LIB                       478
    26fd        *   _param3                         \UTIL.LIB                         732
    270c        *   hitwd                           \VDRIVER.LIB                      106
    2713        *   exit                            \SYS.LIB                           57
    272f        *   _ProgStkSwitch                  \STACK.LIB                        729
    2748        *   _BiosStkSwitch                  \STACK.LIB                        765
    2753       15   slicefsp_init                   \SLICE.LIB                         29
    2762        *   st4_s                           \CSUPPORT.LIB                     339
    2769        *   slong_s                         \CSUPPORT.LIB                     344
    2777        *   llong_                          \CSUPPORT.LIB                     620
    2780        *   st4_                            \CSUPPORT.LIB                     632
    2787        *   slong_                          \CSUPPORT.LIB                     638
    278f       86   read_rtc                        \RTCLOCK.LIB                      176
    27e5        *   swap4_                          \UTIL.LIB                        1231
    27ee        *   flt_0                           \UTIL.LIB                        1041
    27fb        *   cf_ge                           \UTIL.LIB                        1049
    2811        *   cf_gt                           \UTIL.LIB                        1066
    2844        *   cf_le                           \UTIL.LIB                        1103
    285a        *   cf_lt                           \UTIL.LIB                        1120
    2880        *   cl_lt                           \UTIL.LIB                         933
    2886        *   cl_gt                           \UTIL.LIB                         936
    2889        *   cl_glt                          \UTIL.LIB                         938
    28a7        *   long_0                          \UTIL.LIB                        1203
    28ac        *   cl_le                           \UTIL.LIB                         968
    28b2        *   cl_ge                           \UTIL.LIB                         971
    28b8        *   sstak                           \UTIL.LIB                         974
    28f4        *   swaps_                          \UTIL.LIB                        1248
    2905        *   llong_s                         \CSUPPORT.LIB                     317
    2914        *   L_mul                           \MUTIL.LIB                        828
    2914        *   G_mul                           \MUTIL.LIB                        829
    2948        *   cg_lt                           \UTIL.LIB                         834
    2958        *   L_and                           \MUTIL.LIB                        339
    2958        *   G_and                           \MUTIL.LIB                        340
    298a      117   printFechaHora                  \UTILITIES.LIB                     39
    29ff       37   printf                          \STDIO.LIB                        740
    2a24       56   __qe2                           \STDIO.LIB                        633
    2a5c      105   _printf                         \STDIO.LIB                        676
    2ac5     1684   doprnt                          \STDIO.LIB                        819
    3159       78   outchrs                         \STDIO.LIB                       2461
    31b1        *   htoa                            \STDIO.LIB                       2343
    31fd        *   hltoa                           \STDIO.LIB                       2401
    321e        *   xgetint                         \XMEM.LIB                        1477
    322e        *   strlen                          \STRING.LIB                      1231
    323d        *   strtol                          \STRING.LIB                       123
    3356        *   _mult328                        \STRING.LIB                       322
    3378        *   islower                         \STRING.LIB                      1722
    337d        *   isupper                         \STRING.LIB                      1726
    3382        *   isdigit                         \STRING.LIB                      1730
    3387        *   isxdigit                        \STRING.LIB                      1734
    338c        *   ispunct                         \STRING.LIB                      1738
    3391        *   isprint                         \STRING.LIB                      1742
    3396        *   isspace                         \STRING.LIB                      1746
    341c        *   _ctype                          \STRING.LIB                      1981
    343f        *   utoa                            \STDIO.LIB                       2214
    347e        *   utoan                           \STDIO.LIB                       2275
    349c        *   itoan                           \STDIO.LIB                       2298
    34ac        *   abs                             \MATH.LIB                        1742
    34b6        *   itoa                            \STDIO.LIB                       2154
    3500        *   cg_le                           \UTIL.LIB                         873
    351a        *   G_com                           \MUTIL.LIB                        785
    351a        *   L_com                           \MUTIL.LIB                        786
    3527        *   __divmod10                      \STDIO.LIB                       1115
    3554        *   eq_4                            \UTIL.LIB                        1161
    3554        *   cf_eq                           \UTIL.LIB                        1162
    3574        *   cf_ne                           \UTIL.LIB                        1190
    3574        *   neq_4                           \UTIL.LIB                        1191
    3579        *   _switch                         \UTIL.LIB                          38
    35a0        *   tolower                         \STRING.LIB                      1599
    35e1        *   G_div                           \MUTIL.LIB                        221
    3616        *   F_neg                           \MUTILFP.LIB                     1332
    361b        *   G_mod                           \MUTIL.LIB                         56
    3632        *   mod0                            \MUTIL.LIB                        314
    3644        *   Bf_Hc                           \UTIL.LIB                        1609
    3644        *   Bf_Hu                           \UTIL.LIB                        1610
    3644        *   Bf_Hi                           \UTIL.LIB                        1611
    3649        *   cg_gt                           \UTIL.LIB                         852
    365c        *   G_asr                           \MUTIL.LIB                        454
    367f        *   _ZGLExit                        \MUTIL.LIB                        525
    3681        *   G_rmax                          \MUTIL.LIB                        528
    3689        *   L_go                            \MUTIL.LIB                        513
    368d        *   G_asl                           \MUTIL.LIB                        484
    368d        *   L_asl                           \MUTIL.LIB                        485
    36b0        *   dkDoMsg                         \STDIO.LIB                        580
    36b5       15   dkSetStdioTimer                 \DKCOMMON.LIB                     526
    36c4       42   dkCheckStdioTimeOut             \DKCOMMON.LIB                     535
    36ee       15   dkSetGetCharTimer               \DKCOMMON.LIB                     549
    36fd       35   dkCheckGetCharTimeOut           \DKCOMMON.LIB                     558
    3720        *   dkDoHook                        \DKCORE.LIB                      1441
    3731        *   dkProlog                        \DKENTRY.LIB                       72
    374b        *   dkRespond                       \DKCORE.LIB                      3236
    374f        *   dkUnlockStdio                   \DKAPP.LIB                        697
    3754        *   dkEpilog                        \DKENTRY.LIB                      126
    37b2        *   funcblk_entry                   \COSTATE.LIB                      181
    3800        *   funcblk_exit                    \COSTATE.LIB                      252
    3809        *   funcblk_begin                   \COSTATE.LIB                      261
    3814        *   funcblk_init                    \COSTATE.LIB                      275
    3830        *   CoBegin                         \COSTATE.LIB                      313
    383a        *   CoReset                         \COSTATE.LIB                      320
    3844        *   CoPause                         \COSTATE.LIB                      327
    3849        *   CoResume                        \COSTATE.LIB                      332
    384e        *   isCoRunning                     \COSTATE.LIB                      338
    385d        *   isCoDone                        \COSTATE.LIB                      350
    386e        *   sspixffndbg_                    \UTIL.LIB                         236
    3878        *   rspixffndbg_                    \UTIL.LIB                         260
    3882        *   _fentry                         \CSUPPORT.LIB                     125
    38a0        *   _fexit                          \CSUPPORT.LIB                     186
    38c8        *   bound_e                         \UTIL.LIB                        1871
    38d4        *   cg_ge                           \UTIL.LIB                         899
    38f4      161   premain                         \PROGRAM.LIB                      110
    3995        *   L_not                           \UTIL.LIB                        1217
    3995        *   G_not                           \UTIL.LIB                        1218
    39a8        *   L_asr                           \MUTIL.LIB                        418
    39d7        *   L_or                            \MUTIL.LIB                        366
    39d7        *   G_or                            \MUTIL.LIB                        367
    39e9        *   xmem_cpyblkfwd                  \XMEM.LIB                         302
    3a61        *   xmem_cpyblkbwd                  \XMEM.LIB                         405
    3ae5        *   _init_bad_interrupts            \PROGRAM.LIB                      280
    3cf2        *   _unexp_interrupt                \UTIL.LIB                        2052
    3d0f        *   _disable_peripheral_interrupts  \UTIL.LIB                        1927
    3d76      195   dkDoWatchExpression             \DKCORE.LIB                      2881
    3e39        *   dkAddWatch                      \DKCORE.LIB                      2488
    3e63        *   __dk_executewatch               \DKCORE.LIB                      2657
    3ebe        *   dkSavepcrst2028                 \DKCORE.LIB                       487
    3ecd        *   dkCopyNextInstruction           \DKCORE.LIB                      1534
    3ee5        *   __dk_ldp_LogToPhyCode           \DKCORE.LIB                      1567
    3ef4        *   __dk_copylcallreturn            \DKCORE.LIB                      1910
    3f0a        *   __dk_do_djnz                    \DKCORE.LIB                      2053
    3f10        *   __dk_handle_djnz                \DKCORE.LIB                      2059
    3f44        *   __dk_handle_retf                \DKCORE.LIB                      2099
    3f58        *   __dk_handle_jpf                 \DKCORE.LIB                      2118
    3f7f        *   __dk_handle_jrcc                \DKCORE.LIB                      2144
    3f82        *   __dk_handle_ldir                \DKCORE.LIB                      2147
    3f86        *   __dk_handle_lddsr               \DKCORE.LIB                      2153
    3f89        *   __dk_handle_ldisr               \DKCORE.LIB                      2157
    3f8c        *   __dk_handle_lsdr                \DKCORE.LIB                      2161
    3f8f        *   __dk_handle_lsir                \DKCORE.LIB                      2165
    3f92        *   __dk_handle_lsddr               \DKCORE.LIB                      2169
    3f95        *   __dk_handle_lsidr               \DKCORE.LIB                      2173
    4018        *   dkRestoreContext                \DKCORE.LIB                      1383
    4055        *   dkStartup                       \DKCOMMON.LIB                     204
    405c        *   dkInitDebugKernel               \DKCOMMON.LIB                      76
    40dc        *   dkSetReturnAddress              \DKCOMMON.LIB                     234
    4141        *   dkHandleRST20                   \DKCOMMON.LIB                     299
    4221        *   dkConvertAddress                \DKCORE.LIB                       989
    4235        *   dkSaveContext                   \DKCORE.LIB                       387
    4266        *   LongToXaddr                     \SYSIO.LIB                        552
    4286        *   _dkxexit                        \DKCOMMON.LIB                      12
    42c2        *   __xexit__                       \DKCOMMON.LIB                      56
    4314        *   dkCallback                      \DKAPP.LIB                        758
    433e        *   dkSetSingleStepCommand          \DKAPP.LIB                         94
    4364        *   dkSetRunProgramCommand          \DKAPP.LIB                        159
    4369        *   dkSetStopProgramCommand         \DKAPP.LIB                        185
    436e        *   dkHandleStartProgram            \DKAPP.LIB                        202
    4373        *   dkHandleToggleBreakpoint        \DKAPP.LIB                        208
    4390        *   dkClearAllBreakpoints           \DKAPP.LIB                        241
    4395        *   dkHandleRegRead                 \DKAPP.LIB                        431
    439a        *   dkHandleRegWrite                \DKAPP.LIB                        435
    43b6        *   dkHandleNoop                    \DKAPP.LIB                        453
    43bf        *   dkHandleReset                   \DKAPP.LIB                        459
    43c8        *   dkSendStkTrace                  \DKAPP.LIB                        473
    43cd        *   dkSetSendFlags                  \DKAPP.LIB                        511
    43ed        *   dkHandleAddWatch                \DKAPP.LIB                        530
    4407        *   dkHandleDeleteWatch             \DKAPP.LIB                        547
    441c        *   dkHandleDeleteAllWatches        \DKAPP.LIB                        573
    4421        *   dkHandleExecuteWatch            \DKAPP.LIB                        579
    4443        *   dkHandleExecAllWatches          \DKAPP.LIB                        616
    4448        *   dkHandleWatchData               \DKAPP.LIB                        624
    4458        *   dkHandleSendChar                \DKAPP.LIB                        637
    4469        *   dkHandleStdioCharReady          \DKAPP.LIB                        646
    447d        *   dkHandleGetEnabledOptions       \DKAPP.LIB                        677
    4482        *   dkHandleRST28                   \DKENTRY.LIB                      346
    44a5        *   dkHandleRST18                   \DKENTRY.LIB                      211
 f8:ea2a        *   spc_init                        \RS232.LIB                       4755
 f8:ea5d        *   ser8_getparity                  \RS232.LIB                      10022
 f8:ea80        *   ser7_setparity                  \RS232.LIB                      10054
 f8:eab3        *   ser7_checkparity                \RS232.LIB                      10096
 f8:eae4        *   cbuf_used                       \CBUF.LIB                         484
 f8:eafc        *   cbuf_putch                      \CBUF.LIB                         234
 f8:eb29      113   __fpconv_xmemwrapper            \MUTILFP.LIB                      188
 f8:eb29        *   Hi_Bf                           \MUTILFP.LIB                      192
 f8:eb30        *   Bl_Bf                           \MUTILFP.LIB                      200
 f8:eb4a        *   Bg_Bf                           \MUTILFP.LIB                      217
 f8:eb4f        *   Hc_Bf                           \MUTILFP.LIB                      222
 f8:eb51        *   Hu_Bf                           \MUTILFP.LIB                      224
 f8:eb9a      576   __F_addxmemwrapper              \MUTILFP.LIB                      295
 f8:eb9a        *   F_sub                           \MUTILFP.LIB                      299
 f8:eb9e        *   F_add                           \MUTILFP.LIB                      305
 f8:ec93        *   _normalize                      \MUTILFP.LIB                      552
 f8:edda        *   periodic_init                   \STDVDRIVER.LIB                    94
 f8:ee24        *   vwdog                           \VDRIVER.LIB                      374
 f8:ee69       24   vwdogInit                       \VDRIVER.LIB                      139
 f8:ee81        *   cbuf_init                       \CBUF.LIB                         420
 f8:ee96      161   __f_mulxmemwrapper              \MUTILFP.LIB                      833
 f8:ee96        *   F_mul                           \MUTILFP.LIB                      919
 f8:ef37        *   cbuf_getch                      \CBUF.LIB                          88
 f8:ef62      183   __f_divxmemwrapper              \MUTILFP.LIB                     1099
 f8:ef6c        *   F_div                           \MUTILFP.LIB                     1136
 f9:e019      449   phex                            \STDIO.LIB                       1785
 f9:e1da       76   outstr                          \STDIO.LIB                       2528
 f9:e226       76   outpad                          \STDIO.LIB                       1746
 f9:e272      516   plhex                           \STDIO.LIB                       1056
 f9:e476        *   xstrlen                         \XMEM.LIB                        1195
 f9:e4a7      543   pint                            \STDIO.LIB                       1851
 f9:e6c6      680   plint                           \STDIO.LIB                       1520
 f9:e96e       59   labs                            \MATH.LIB                        2424
 f9:e9a9      201   _gltoa                          \STDIO.LIB                       1200
 f9:ea72      191   _gltoan                         \STDIO.LIB                       1402
 f9:eb31       30   gtoa                            \STDIO.LIB                       1434
 f9:eb4f       30   ltoa                            \STDIO.LIB                       1451
 f9:eb6d       27   gtoan                           \STDIO.LIB                       1471
 f9:eb88       27   ltoan                           \STDIO.LIB                       1488
 f9:eba3     2296   pflt                            \STDIO.LIB                       1934
 fa:e49b     1391   __ftoa                          \STDIO.LIB                       1579
 fa:ea0a        *   dkSendStdio                     \DKCORE.LIB                      3167
 fa:ea55        *   dkPollSerialPort                \DKCORE.LIB                       460
 fa:ea6b        *   __dk_unlockstdio                \DKAPP.LIB                        687
 fa:ea78       52   RTC_leerFechaHora               \RTC.LIB                           23
 fa:eaac       81   mktm                            \RTCLOCK.LIB                      573
 fa:eafd      133   _mktm_date                      \RTCLOCK.LIB                      450
 fa:eb82       55   RTC_fijarFechaHora              \RTC.LIB                           11
 fa:ebb9      478   write_rtc                       \RTCLOCK.LIB                      100
 fa:ed97       80   mktime                          \RTCLOCK.LIB                      363
 fa:ede7       85   _mktime_date                    \RTCLOCK.LIB                      269
 fa:ee3c        *   dkEnableRST28                   \DKCORE.LIB                      3298
 fa:ee43        *   dkDisableRST28                  \DKCORE.LIB                      3307
 fa:ee4b        *   dkEnableRST20                   \DKCORE.LIB                      3333
 fa:ee52        *   dkDisableRST20                  \DKCORE.LIB                      3337
 fa:ee59        *   dkEnableRST18                   \DKCORE.LIB                      3359
 fa:ee60        *   dkDisableRST18                  \DKCORE.LIB                      3363
 fa:ee67      102   DelayMs                         \COSTATE.LIB                      525
 fa:eecd      706   _Init_Stacks                    \STACK.LIB                        421
 fb:e18f      317   _Get_Stack_Size                 \STACK.LIB                        504
 fb:e2cc      332   _Alloc_Stack                    \STACK.LIB                        582
 fb:e418      180   _Dealloc_Stack                  \STACK.LIB                        660
 fb:e4cc       55   _gen_lin2seg                    \XMEM.LIB                          93
 fb:e503       21   xalloc                          \STACK.LIB                        331
 fb:e518      547   _rs_xalloc                      \MEM.LIB                          357
 fb:e73b       47   xmem2root                       \XMEM.LIB                         233
 fb:e76a      531   xmem2xmem                       \XMEM.LIB                         513
 fb:e97d       10   paddr                           \XMEM.LIB                        1102
 fb:e987       47   root2xmem                       \XMEM.LIB                         174
 fb:e9b6       16   _rk_alloc_calc_chksum           \MEM.LIB                           58
 fb:e9c6       10   _disable_serial_interrupt       \UTIL.LIB                        2003
 fb:e9d0       65   _init_xalloc                    \MEM.LIB                          645
 fb:ea11      508   _rs_xalloc_init                 \MEM.LIB                           90
 fb:ec0d      339   _rs_alloc_init                  \MEM.LIB                          239
 fb:ed60       16   VdInit                          \VDRIVER.LIB                       64
 fb:ed70        *   dkDeleteWatch                   \DKCORE.LIB                      2528
 fb:ee27        *   dkDeleteAllWatches              \DKCORE.LIB                      2646
 fb:ee37        *   dkExecuteWatch                  \DKCORE.LIB                      2716
 fb:ee79        *   dkExecuteAllWatches             \DKCORE.LIB                      2746
 fb:eef6        *   dkSendWatches                   \DKCORE.LIB                      2822
 fb:ef05        *   dkCore                          \DKCORE.LIB                       510
 fb:ef17        *   __dk_sendstatusret              \DKCORE.LIB                       522
 fb:ef86        *   dkSendStatus                    \DKCORE.LIB                       636
 fb:efc0        *   __dk_eawret                     \DKCORE.LIB                       669
 fb:efed        *   dkSingleStep                    \DKCORE.LIB                      1464
 fc:e01c        *   dkCSingleStep                   \DKCORE.LIB                      1494
 fc:e03a        *   dkSingleStepExit                \DKENTRY.LIB                       50
 fc:e03c        *   dkAsmSingleStep                 \DKCORE.LIB                      1582
 fc:e0c5        *   __dk_checkddprefix              \DKCORE.LIB                      1669
 fc:e0ce        *   __dk_checkedprefix              \DKCORE.LIB                      1676
 fc:e110        *   __dk_checkfdprefix              \DKCORE.LIB                      1726
 fc:e119        *   __dk_call                       \DKCORE.LIB                      1733
 fc:e14a        *   __dk_stepintocall               \DKCORE.LIB                      1759
 fc:e15d        *   __dk_ret                        \DKCORE.LIB                      1769
 fc:e164        *   __dk_retf                       \DKCORE.LIB                      1774
 fc:e183        *   __dk_reti                       \DKCORE.LIB                      1790
 fc:e192        *   __dk_djnz                       \DKCORE.LIB                      1802
 fc:e1a9        *   __dk_jphl                       \DKCORE.LIB                      1816
 fc:e1b2        *   __dk_jpix                       \DKCORE.LIB                      1821
 fc:e1bb        *   __dk_jpiy                       \DKCORE.LIB                      1827
 fc:e1c4        *   __dk_jp                         \DKCORE.LIB                      1832
 fc:e1cd        *   __dk_jpf                        \DKCORE.LIB                      1837
 fc:e1eb        *   __dk_jrcc                       \DKCORE.LIB                      1851
 fc:e20b        *   __dk_jr                         \DKCORE.LIB                      1866
 fc:e222        *   __dk_lcall                      \DKCORE.LIB                      1881
 fc:e260        *   __dk_lret                       \DKCORE.LIB                      1934
 fc:e270        *   __dk_ldxpca                     \DKCORE.LIB                      1944
 fc:e27a        *   __dk_ldaxpc                     \DKCORE.LIB                      1950
 fc:e28e        *   __dk_do_ldir                    \DKCORE.LIB                      1962
 fc:e2a0        *   __dk_ldir                       \DKCORE.LIB                      1971
 fc:e2a6        *   __dk_lddsr                      \DKCORE.LIB                      1977
 fc:e2ac        *   __dk_ldisr                      \DKCORE.LIB                      1981
 fc:e2b2        *   __dk_lsdr                       \DKCORE.LIB                      1985
 fc:e2b8        *   __dk_lsir                       \DKCORE.LIB                      1989
 fc:e2be        *   __dk_lsddr                      \DKCORE.LIB                      1993
 fc:e2c4        *   __dk_lsidr                      \DKCORE.LIB                      1997
 fc:e2ca        *   __dk_ljp                        \DKCORE.LIB                      2003
 fc:e2d9        *   __dk_rst2028                    \DKCORE.LIB                      2011
 fc:e2e3        *   __dkReenterRST18                \DKCORE.LIB                      2017
 fc:e2eb        *   __dkCopyToRam                   \DKCORE.LIB                      2022
 fc:e300        *   __dkExecInRAM                   \DKCORE.LIB                      2035
 fc:e318        *   dkExit                          \DKENTRY.LIB                       29
 fc:e31a        *   dkGetOplength                   \DKCORE.LIB                      2271
 fc:e356        *   dkOplen                         \DKCORE.LIB                      2319
 fc:e3f1        *   dkRunProgram                    \DKCORE.LIB                       764
 fc:e409        *   dkStopProgram                   \DKCORE.LIB                       785
 fc:e423        *   dkStartProgram                  \DKCORE.LIB                       736
 fc:e438        *   dkSavepc                        \DKCORE.LIB                       445
 fc:e448        *   dkGetStructMemberAddr           \DKCORE.LIB                      2439
 fc:e452        *   dkCheckEntry                    \DKCORE.LIB                       372
 fc:e45d        *   dkBPTableFindEmpty              \DKCORE.LIB                       865
 fc:e464        *   dkBPTableFindBP                 \DKCORE.LIB                       874
 fc:e4ef        *   dkToggleBreakpoint              \DKCORE.LIB                      1011
 fc:e5e9        *   dkClearBPTable                  \DKCORE.LIB                      1269
 fc:e5fd        *   dkToggleAllBreakpoints          \DKCORE.LIB                      1285
 fc:e61b        *   dkResetBreakpoints              \DKCORE.LIB                      1304
 fc:e61d        *   __dk_setrun                     \DKAPP.LIB                        124
 fc:e645        *   __dk_setstop                    \DKAPP.LIB                        165
 fc:e671        *   __dk_startprogram               \DKAPP.LIB                        191
 fc:e683        *   __dk_clearallbps                \DKAPP.LIB                        228
 fc:e69a        *   __dk_regread                    \DKAPP.LIB                        249
 fc:e6ab        *   dkSendStackTraceInfo            \DKAPP.LIB                        261
 fc:e75b        *   __dk_deleteallwatches           \DKAPP.LIB                        563
 fc:e769        *   __dk_execallwatches             \DKAPP.LIB                        599
 fc:e787        *   __dk_getenabledoptions          \DKAPP.LIB                        658
 fc:e7ab        *   dkGetCharFromStdio              \DKCORE.LIB                      3022


// Global/static data symbol mapping and source reference.
//  Addr     Size   Symbol                          File                         Line Num  Type
 8e:c617        2   p_entrada                       \TESTFUNCIONESC.C                   6  char*           
 8e:c615        2   p_FechaHora                     \TESTFUNCIONESC.C                   7  struct p_FechaHora*
 8e:c582      136   spc_icbuf                       \RS232.LIB                       4595  char[]          
 8e:c4fa      136   spc_ocbuf                       \RS232.LIB                       4596  char[]          
 8e:c4f8        2   serCrtsLo                       \RS232.LIB                       4534  int             
 8e:c4f6        2   serCrtsHi                       \RS232.LIB                       4535  int             
 8e:c4f5        1   clongstop                       \RS232.LIB                       4555  char            
 8e:c4f4        1   coverrun                        \RS232.LIB                       4556  char            
 8e:c4f3        1   coverflow                       \RS232.LIB                       4558  char            
 8e:c4f2        1   cparityerror                    \RS232.LIB                       4557  char            
 8e:c4f1        1   crtscts                         \RS232.LIB                       4545  char            
 8e:c4f0        1   cparity                         \RS232.LIB                       4546  char            
 8e:c4ef        1   cparitytype                     \RS232.LIB                       4547  char            
 8e:c4ee        1   csevenbit                       \RS232.LIB                       4548  char            
 8e:c4ed        1   ctwostop                        \RS232.LIB                       4549  char            
 8e:c4eb        2   c_checkctsfunc                  \RS232.LIB                       4551  int(*)()        
 8e:c4e9        2   c_rtsoff                        \RS232.LIB                       4552  void(*)()       
 8e:c4e7        2   c_rtson                         \RS232.LIB                       4553  void(*)()       
 8e:c4e3        4   serCopen:divisor                \RS232.LIB                       4637  long            
 8e:c4df        4   serCopen:ta1div                 \RS232.LIB                       4637  long            
 8e:c4db        4   serCopen:baudratio              \RS232.LIB                       4638  float           
 8e:c4d7        4   serCopen:t                      \RS232.LIB                       4639  unsigned long   
 8e:c4d6        1   serCgetError:error_flags        \RS232.LIB                       4713  char            
 8e:c3d6      256   ser_paritytable                 \RS232.LIB                       9985  char[]          
 8e:c3d4        2   ser_setupparitytable:i          \RS232.LIB                       9990  int             
 8e:c3d2        2   ser_setupparitytable:j          \RS232.LIB                       9991  int             
 8e:c3d0        2   ser_setupparitytable:count      \RS232.LIB                       9992  int             
 8e:c3cf        1   bios_intnesting                 \STDVDRIVER.LIB                    59  char            
 8e:c3ce        1   bios_swpend                     \STDVDRIVER.LIB                    60  char            
 8e:c3cc        2   __MCOS_COUNTER                  \STDVDRIVER.LIB                    53  unsigned int    
 8e:c3cb        1   __TICK_COUNTER                  \STDVDRIVER.LIB                    51  char            
 8e:c3ca        1   __MS_COUNTER                    \STDVDRIVER.LIB                    52  char            
 8e:c3c6        4   SEC_TIMER                       \STDVDRIVER.LIB                    57  unsigned long   
 8e:c3c2        4   MS_TIMER                        \COSTATE.LIB                       55  unsigned long   
 8e:c3be        4   TICK_TIMER                      \STDVDRIVER.LIB                    56  unsigned long   
 8e:c3bc        2   __MCOS_CNT_VAL                  \STDVDRIVER.LIB                    54  unsigned int    
 8e:c3bb        1   pisr_inuse                      \STDVDRIVER.LIB                    74  char            
 8e:c3ba        1   topVd                           \VDRIVER.LIB                      125  char            
 8e:c3a6       20   vd_wdogarray                    \VDRIVER.LIB                      133  unsigned int[]  
 8e:c3a5        1   dkStatusFlags                   \DKCORE.LIB                       288  char            
 8e:c3a4        1   dkSendFlags                     \DKCORE.LIB                       290  char            
 8e:c3a3        1   dkRequest                       \DKCORE.LIB                       291  char            
 8e:c3a2        1   dkAckToSend                     \DKCORE.LIB                       292  char            
 8e:c3a1        1   dkStepFlags                     \DKCORE.LIB                       293  char            
 8e:c39f        2   dkptrASMbuf                     \DKCORE.LIB                       294  char*           
 8e:c38b       20   dkASMbuf                        \DKCORE.LIB                       337  char[]          
 8e:c370       27   dkRegisters                     \DKCORE.LIB                       296  struct dkRegisters
 8e:c36d        3   dkNextAddress                   \DKCORE.LIB                       301  struct dkNextAddress
 8e:c36a        3   dkBreakAddress                  \DKCORE.LIB                       302  struct dkBreakAddress
 8e:c363        7   dkBreakPoint                    \DKCORE.LIB                       303  struct dkBreakPoint
 8e:c361        2   dkEntryCount                    \DKCORE.LIB                       304  int             
 8e:c35f        2   dkLastAsmStart                  \DKCORE.LIB                       310  unsigned int    
 8e:c35d        2   dkLastAsmEnd                    \DKCORE.LIB                       311  unsigned int    
 8e:c35b        2   dkStackTop                      \DKCORE.LIB                       306  unsigned int    
 8e:c359        2   dkStkAddrToSend                 \DKCORE.LIB                       307  unsigned int    
 8e:c34f       10   dkStackTraceMsg                 \DKCORE.LIB                       308  struct dkStackTraceMsg
 8e:c34e        1   dkLocks                         \DKCORE.LIB                       312  char            
 8e:c34d        1   dkUCos                          \DKCORE.LIB                       314  char            
 8e:c34c        1   dkRST28State                    \DKCORE.LIB                       316  char            
 8e:c34b        1   dkRST20State                    \DKCORE.LIB                       317  char            
 8e:c349        2   rstvectorreturn                 \DKCORE.LIB                       319  int             
 8e:c348        1   dkSUval                         \DKCORE.LIB                       320  char            
 8e:c346        2   _sys_exit_ret                   \SYS.LIB                           46  int             
 8e:c344        2   _sys_exit_err                   \SYS.LIB                           47  int             
 8e:c342        2   main:biossp                     \STACK.LIB                        726  int             
 8e:c340        2   main:biossr                     \STACK.LIB                        726  int             
 8e:c33e        2   FSP                             \SLICE.LIB                         20  void*           
 8e:c33c        2   DBGFSP                          \SLICE.LIB                         20  void*           
    296a       32   __f_divxmemwrapper:_divtable    \MUTILFP.LIB                     1106  const char[]    
    339b      129   _ctype_table                    \STRING.LIB                      1967  const char[]    
    3435       10   _tens                           \STDIO.LIB                       2204  const unsigned int[]
    34d4       44   __ltens                         \STDIO.LIB                       1181  const unsigned long[]
    35ab       32   pflt:round                      \STDIO.LIB                       1941  const long[]    
    35dd        4   __ftoa:lg_2_10                  \STDIO.LIB                       1588  const float     
 8e:c33a        2   dkStdioTimeout                  \DKCOMMON.LIB                     523  unsigned int    
 8e:c338        2   dkGetCharTimeout                \DKCOMMON.LIB                     524  unsigned int    
    376a       24   _mktm_date:__dom                \RTCLOCK.LIB                      456  const char[][]  
 8e:c337        1   write_rtc:k                     \RTCLOCK.LIB                      105  char            
 8e:c336        1   write_rtc:b1                    \RTCLOCK.LIB                      105  char            
 8e:c335        1   write_rtc:b2                    \RTCLOCK.LIB                      105  char            
 8e:c334        1   write_rtc:b3                    \RTCLOCK.LIB                      105  char            
 8e:c333        1   write_rtc:b4                    \RTCLOCK.LIB                      105  char            
 8e:c332        1   write_rtc:b5                    \RTCLOCK.LIB                      105  char            
 8e:c330        2   write_rtc:j                     \RTCLOCK.LIB                      106  int             
    3782       48   _mktime_date:__jom              \RTCLOCK.LIB                      275  const unsigned int[][]
 8e:c3c2        4   MS_TIMER                        \COSTATE.LIB                       55  unsigned long   
 8e:c32c        4   __initial_stack                 \PROGRAM.LIB                       77  long            
 8e:c328        4   freeStacks                      \STACK.LIB                        390  long[]          
    399e       10   stackSizes                      \STACK.LIB                        391  const unsigned int[]
 8e:c324        4   BaseOfStacks1                   \STACK.LIB                        344  unsigned long   
 8e:c320        4   BaseOfStacks2                   \STACK.LIB                        344  unsigned long   
 8e:c31c        4   SizeOfStacks1                   \STACK.LIB                        345  unsigned long   
 8e:c318        4   SizeOfStacks2                   \STACK.LIB                        345  unsigned long   
 8e:c314        4   _Alloc_Stack:retval             \STACK.LIB                        584  long            
 8e:c312        2   _Alloc_Stack:fsPtr              \STACK.LIB                        586  char*           
 8e:c310        2   _Dealloc_Stack:fsPtr            \STACK.LIB                        663  char*           
 8e:c30c        4   _rk_xubreak                     \MEM.LIB                          347  long            
 8e:c30a        2   _rk_ubreak                      \MEM.LIB                           44  struct _rk_ubreak*
 8e:c306        4   dkStructWatchMem                \DKCORE.LIB                      2862  unsigned long   
 8e:c305        1   dkWatchCount                    \DKCORE.LIB                      2467  char            
 8e:c2f9       12   dkWatchExpression               \DKCORE.LIB                      2463  struct dkWatchExpression
 8e:c269      144   dkWatchTable                    \DKCORE.LIB                      2475  struct dkWatchTable[]
 8e:c267        2   dkWatchIndex                    \DKCORE.LIB                      2462  unsigned int    
 8e:c266        1   __dk_watchcurindex              \DKCORE.LIB                      2477  char            
 8e:c265        1   __dk_watchnumleft               \DKCORE.LIB                      2478  char            
 8e:c264        1   __dk_watchcurxpc                \DKCORE.LIB                      2479  char            
 8e:c262        2   __dk_watchcuroffset             \DKCORE.LIB                      2480  unsigned int    
 8e:c260        2   __dk_ptrexecwatchret            \DKCORE.LIB                      2481  unsigned int    
 8e:c25e        2   dkStructWatchBufferOffset       \DKCORE.LIB                      2464  int             
 8e:c25b        3   dkStackAddress                  \DKCORE.LIB                      1517  struct dkStackAddress
 8e:c258        3   dkReturnAddress                 \DKCORE.LIB                      1518  struct dkReturnAddress
 8e:c250        8   dknextasm                       \DKCORE.LIB                      1531  char[]          
    3f98       64   dkOpsize                        \DKCORE.LIB                      2215  const char[]    
    3fd8       64   dkPrefixed                      \DKCORE.LIB                      2257  const char[]    
 8e:c24d        3   dkCurBPAddress                  \DKCOMMON.LIB                     230  struct dkCurBPAddress
 8e:c16d      224   dkBPTable                       \DKCORE.LIB                       856  struct dkBPTable[]
 8e:c16c        1   dkBPCount                       \DKCORE.LIB                       852  char            
    42cc       60   dkJumpTable                     \DKAPP.LIB                        749  void(* const [])()
 8e:c169        3   dkEnabledOptions                \DKAPP.LIB                         91  struct dkEnabledOptions
 8e:c168        1   dkCharData                      \DKCORE.LIB                      3014  char            
 8e:c167        1   dkCharReady                     \DKCORE.LIB                      3015  char            
    44fd        2   _orgtablesize                   \Rabbitbios.c                      41  int             
    44ff        0   _orgtable                       \Rabbitbios.c                      42  struct _orgtable[]

// Parameter and local auto symbol mapping and source reference.
//Offset Rel. to     Size   Symbol                          File                         Line Num  Type
       0      SP        0   HW_init:_____ZW00000075         \IO.LIB                            44  void            
       2      SP        4   serCopen:baud                   \RS232.LIB                       4635  long            
       2      SP        1   serSetParity:tx_byte            \RS232.LIB                      10154  char            
       4      SP        1   serSetParity:parity             \RS232.LIB                      10154  char            
       2      SP        1   serCheckParity:rx_byte          \RS232.LIB                      10195  char            
       4      SP        1   serCheckParity:parity           \RS232.LIB                      10195  char            
       0      SP        0   read_rtc:_____ZW000000B3        \RTCLOCK.LIB                      176  void            
       2      SP        2   printFechaHora:p_FechaHora      \UTILITIES.LIB                     40  struct printFechaHora:p_FechaHora*
       2      SP        2   printf:fmt                      \STDIO.LIB                        741  char*           
       2      SP        2   __qe2:c                         \STDIO.LIB                        633  int             
       4      SP        2   __qe2:__printfbuf               \STDIO.LIB                        633  char*           
       6      SP        2   __qe2:__printfcnt               \STDIO.LIB                        633  int*            
       8      SP        2   __qe2:instanceParam             \STDIO.LIB                        633  void*           
     134      SP        2   _printf:fmt                     \STDIO.LIB                        676  char*           
     136      SP        2   _printf:args                    \STDIO.LIB                        676  char*           
     130      SP        2   _printf:__printfcnt             \STDIO.LIB                        678  int             
     128      SP        2   _printf:__cnt                   \STDIO.LIB                        678  int             
       0      SP      128   _printf:__printfbuf             \STDIO.LIB                        679  char[]          
      40      SP        2   doprnt:putc                     \STDIO.LIB                        819  int(*)()        
      42      SP        2   doprnt:fmt                      \STDIO.LIB                        819  char*           
      44      SP        2   doprnt:arg1                     \STDIO.LIB                        819  void*           
      46      SP        2   doprnt:instanceParam            \STDIO.LIB                        819  void*           
      48      SP        2   doprnt:buf                      \STDIO.LIB                        819  char*           
      50      SP        2   doprnt:cnt                      \STDIO.LIB                        819  int*            
      36      SP        2   doprnt:p                        \STDIO.LIB                        821  struct doprnt:p 
      32      SP        4   doprnt:alnum                    \STDIO.LIB                        822  long            
      30      SP        2   doprnt:lng                      \STDIO.LIB                        823  int             
      28      SP        2   doprnt:width                    \STDIO.LIB                        823  int             
      26      SP        2   doprnt:prec                     \STDIO.LIB                        823  int             
      24      SP        2   doprnt:FmtSpecified             \STDIO.LIB                        824  int             
      22      SP        2   doprnt:temp                     \STDIO.LIB                        824  int             
      20      SP        2   doprnt:j                        \STDIO.LIB                        824  int             
      18      SP        2   doprnt:anum                     \STDIO.LIB                        824  int             
      16      SP        2   doprnt:length                   \STDIO.LIB                        824  int             
      15      SP        1   doprnt:code                     \STDIO.LIB                        825  char            
      14      SP        1   doprnt:flag                     \STDIO.LIB                        825  char            
      12      SP        2   doprnt:fptr                     \STDIO.LIB                        826  char*           
      10      SP        2   doprnt:sptr                     \STDIO.LIB                        826  char*           
       8      SP        2   doprnt:digits                   \STDIO.LIB                        827  int             
       4      SP        4   doprnt:farstrptr                \STDIO.LIB                        830  long            
       0      SP        4   doprnt:r                        \STDIO.LIB                        840  struct doprnt:r 
       5      IX        1   phex:left                       \STDIO.LIB                       1785  char            
       7      IX        2   phex:n1                         \STDIO.LIB                       1785  int             
       9      IX        2   phex:putc                       \STDIO.LIB                       1785  int(*)()        
      11      IX        2   phex:num                        \STDIO.LIB                       1785  int             
      13      IX        2   phex:instanceParam              \STDIO.LIB                       1785  void*           
      15      IX        2   phex:buf                        \STDIO.LIB                       1785  char*           
      17      IX        2   phex:cnt                        \STDIO.LIB                       1785  int*            
      19      IX        1   phex:code                       \STDIO.LIB                       1785  char            
      -2      IX        2   phex:spaces                     \STDIO.LIB                       1787  int             
      -7      IX        5   phex:array                      \STDIO.LIB                       1788  char[]          
      -9      IX        2   phex:i                          \STDIO.LIB                       1789  int             
       2      SP        1   outchrs:c                       \STDIO.LIB                       2462  char            
       4      SP        2   outchrs:n                       \STDIO.LIB                       2462  int             
       6      SP        2   outchrs:putc                    \STDIO.LIB                       2462  int(*)()        
       8      SP        2   outchrs:instanceParam           \STDIO.LIB                       2462  void*           
      10      SP        2   outchrs:buf                     \STDIO.LIB                       2462  char*           
      12      SP        2   outchrs:cnt                     \STDIO.LIB                       2462  int*            
       5      SP        2   outstr:string                   \STDIO.LIB                       2528  char*           
       7      SP        2   outstr:putc                     \STDIO.LIB                       2528  int(*)()        
       9      SP        2   outstr:instanceParam            \STDIO.LIB                       2528  void*           
      11      SP        2   outstr:buf                      \STDIO.LIB                       2528  char*           
      13      SP        2   outstr:cnt                      \STDIO.LIB                       2528  int*            
       0      SP        2   outstr:ptr                      \STDIO.LIB                       2530  char*           
       4      SP        1   outpad:left                     \STDIO.LIB                       1746  char            
       6      SP        2   outpad:count                    \STDIO.LIB                       1746  int             
       8      SP        2   outpad:putc                     \STDIO.LIB                       1746  int(*)()        
      10      SP        2   outpad:instanceParam            \STDIO.LIB                       1746  void*           
      12      SP        2   outpad:buf                      \STDIO.LIB                       1746  char*           
      14      SP        2   outpad:cnt                      \STDIO.LIB                       1746  int*            
       0      SP        1   outpad:k                        \STDIO.LIB                       1748  char            
       5      IX        1   plhex:left                      \STDIO.LIB                       1056  char            
       7      IX        2   plhex:n1                        \STDIO.LIB                       1056  int             
       9      IX        2   plhex:putc                      \STDIO.LIB                       1056  int(*)()        
      11      IX        4   plhex:num                       \STDIO.LIB                       1056  long            
      15      IX        2   plhex:instanceParam             \STDIO.LIB                       1056  void*           
      17      IX        2   plhex:buf                       \STDIO.LIB                       1056  char*           
      19      IX        2   plhex:cnt                       \STDIO.LIB                       1056  int*            
      21      IX        1   plhex:code                      \STDIO.LIB                       1056  char            
      -2      IX        2   plhex:spaces                    \STDIO.LIB                       1058  int             
     -11      IX        9   plhex:array                     \STDIO.LIB                       1059  char[]          
     -13      IX        2   plhex:ptr                       \STDIO.LIB                       1060  char*           
     -15      IX        2   plhex:i                         \STDIO.LIB                       1061  int             
       5      IX        1   pint:left                       \STDIO.LIB                       1851  char            
       7      IX        1   pint:code                       \STDIO.LIB                       1851  char            
       9      IX        2   pint:n1                         \STDIO.LIB                       1851  int             
      11      IX        2   pint:putc                       \STDIO.LIB                       1851  int(*)()        
      13      IX        2   pint:num                        \STDIO.LIB                       1851  int             
      15      IX        2   pint:instanceParam              \STDIO.LIB                       1851  void*           
      17      IX        2   pint:buf                        \STDIO.LIB                       1851  char*           
      19      IX        2   pint:cnt                        \STDIO.LIB                       1851  int*            
      -2      IX        2   pint:spaces                     \STDIO.LIB                       1853  int             
      -9      IX        7   pint:array                      \STDIO.LIB                       1854  char[]          
     -10      IX        1   pint:isSigned                   \STDIO.LIB                       1855  char            
       5      IX        1   plint:left                      \STDIO.LIB                       1520  char            
       7      IX        1   plint:code                      \STDIO.LIB                       1520  char            
       9      IX        2   plint:n1                        \STDIO.LIB                       1520  int             
      11      IX        2   plint:putc                      \STDIO.LIB                       1520  int(*)()        
      13      IX        4   plint:num                       \STDIO.LIB                       1520  long            
      17      IX        2   plint:instanceParam             \STDIO.LIB                       1520  void*           
      19      IX        2   plint:buf                       \STDIO.LIB                       1520  char*           
      21      IX        2   plint:cnt                       \STDIO.LIB                       1520  int*            
      -2      IX        2   plint:spaces                    \STDIO.LIB                       1522  int             
     -16      IX       14   plint:array                     \STDIO.LIB                       1523  char[]          
     -17      IX        1   plint:isSigned                  \STDIO.LIB                       1524  char            
       3      SP        4   labs:x                          \MATH.LIB                        2424  long            
       9      SP        4   _gltoa:num                      \STDIO.LIB                       1200  unsigned long   
      13      SP        2   _gltoa:ibuf                     \STDIO.LIB                       1200  char*           
      15      SP        1   _gltoa:neg                      \STDIO.LIB                       1200  char            
       2      SP        4   _gltoa:tmpL                     \STDIO.LIB                       1202  unsigned long   
       0      SP        2   _gltoa:beginStr                 \STDIO.LIB                       1203  char*           
       7      SP        4   _gltoan:num                     \STDIO.LIB                       1402  unsigned long   
      11      SP        1   _gltoan:neg                     \STDIO.LIB                       1402  char            
       2      SP        2   _gltoan:dig                     \STDIO.LIB                       1404  int             
       0      SP        2   _gltoan:j                       \STDIO.LIB                       1404  int             
       3      SP        4   gtoa:num                        \STDIO.LIB                       1434  unsigned long   
       7      SP        2   gtoa:ibuf                       \STDIO.LIB                       1434  char*           
       3      SP        4   ltoa:num                        \STDIO.LIB                       1451  long            
       7      SP        2   ltoa:ibuf                       \STDIO.LIB                       1451  char*           
       3      SP        4   gtoan:num                       \STDIO.LIB                       1471  unsigned long   
       3      SP        4   ltoan:num                       \STDIO.LIB                       1488  long            
      73      SP        1   pflt:left                       \STDIO.LIB                       1924  char            
      75      SP        1   pflt:code                       \STDIO.LIB                       1925  char            
      77      SP        2   pflt:TotalLength                \STDIO.LIB                       1926  int             
      79      SP        2   pflt:DigitsAfterDecPt           \STDIO.LIB                       1927  int             
      81      SP        2   pflt:putc                       \STDIO.LIB                       1928  int(*)()        
      83      SP        4   pflt:f                          \STDIO.LIB                       1929  float           
      87      SP        2   pflt:FmtSpecified               \STDIO.LIB                       1930  int             
      89      SP        2   pflt:instanceParam              \STDIO.LIB                       1931  void*           
      91      SP        2   pflt:buffer                     \STDIO.LIB                       1932  char*           
      93      SP        2   pflt:cnt                        \STDIO.LIB                       1933  int*            
      28      SP       42   pflt:buf                        \STDIO.LIB                       1936  char[]          
      26      SP        2   pflt:sgn                        \STDIO.LIB                       1937  int             
      24      SP        2   pflt:mdig                       \STDIO.LIB                       1937  int             
      22      SP        2   pflt:npow                       \STDIO.LIB                       1937  int             
      20      SP        2   pflt:prec                       \STDIO.LIB                       1937  int             
      18      SP        2   pflt:xcode                      \STDIO.LIB                       1938  int             
      16      SP        2   pflt:lenf                       \STDIO.LIB                       1938  int             
      14      SP        2   pflt:lene                       \STDIO.LIB                       1938  int             
      12      SP        2   pflt:expp                       \STDIO.LIB                       1938  int             
      10      SP        2   pflt:k                          \STDIO.LIB                       1939  int             
       8      SP        2   pflt:j                          \STDIO.LIB                       1939  int             
       6      SP        2   pflt:q                          \STDIO.LIB                       1939  int             
       4      SP        2   pflt:firstDigitNonZero          \STDIO.LIB                       1939  int             
       0      SP        4   pflt:slng                       \STDIO.LIB                       1940  long            
      35      SP        4   __ftoa:f                        \STDIO.LIB                       1579  float           
      39      SP        2   __ftoa:rlng                     \STDIO.LIB                       1579  long*           
      28      SP        4   __ftoa:tmp                      \STDIO.LIB                       1582  float           
      24      SP        4   __ftoa:mant                     \STDIO.LIB                       1583  float           
      22      SP        2   __ftoa:sgn                      \STDIO.LIB                       1590  int             
      20      SP        2   __ftoa:texp                     \STDIO.LIB                       1590  int             
      18      SP        2   __ftoa:exp                      \STDIO.LIB                       1591  int             
      16      SP        2   __ftoa:exp2                     \STDIO.LIB                       1591  int             
      14      SP        2   __ftoa:exp10                    \STDIO.LIB                       1591  int             
      12      SP        2   __ftoa:i                        \STDIO.LIB                       1591  int             
       8      SP        4   __ftoa:lng                      \STDIO.LIB                       1592  unsigned long   
       4      SP        4   __ftoa:chg                      \STDIO.LIB                       1592  unsigned long   
       0      SP        4   __ftoa:slng                     \STDIO.LIB                       1593  long            
       0      SP        0   dkSetStdioTimer:_____ZW0000022A \DKCOMMON.LIB                     526  void            
       0      SP        0   dkCheckStdioTimeOut:_____ZW0000022C \DKCOMMON.LIB                     535  void            
       0      SP        0   dkSetGetCharTimer:_____ZW00000230 \DKCOMMON.LIB                     549  void            
       0      SP        0   dkCheckGetCharTimeOut:_____ZW00000232 \DKCOMMON.LIB                     558  void            
       7      SP        2   RTC_leerFechaHora:p_FechaHora   \RTC.LIB                           24  struct RTC_leerFechaHora:p_FechaHora*
       0      SP        4   RTC_leerFechaHora:timestamp     \RTC.LIB                           25  unsigned long   
       3      SP        2   mktm:timeptr                    \RTCLOCK.LIB                      573  struct mktm:timeptr*
       5      SP        4   mktm:time                       \RTCLOCK.LIB                      573  unsigned long   
       3      SP        2   _mktm_date:timeptr              \RTCLOCK.LIB                      450  struct _mktm_date:timeptr*
       5      SP        2   _mktm_date:day                  \RTCLOCK.LIB                      450  unsigned int    
       7      SP        2   RTC_fijarFechaHora:p_FechaHora  \RTC.LIB                           12  struct RTC_fijarFechaHora:p_FechaHora*
       0      SP        4   RTC_fijarFechaHora:timestamp    \RTC.LIB                           13  unsigned long   
       3      SP        4   write_rtc:time                  \RTCLOCK.LIB                      100  unsigned long   
       3      SP        2   mktime:timeptr                  \RTCLOCK.LIB                      363  struct mktime:timeptr*
       3      SP        2   _mktime_date:timeptr            \RTCLOCK.LIB                      269  struct _mktime_date:timeptr*
       3      SP        2   DelayMs:pfb                     \COSTATE.LIB                      525  struct DelayMs:pfb*
       5      SP        4   DelayMs:delayms                 \COSTATE.LIB                      525  long            
      16      SP        4   _Init_Stacks:spaceLeft          \STACK.LIB                        423  long            
      14      SP        2   _Init_Stacks:i                  \STACK.LIB                        424  int             
       4      SP       10   _Init_Stacks:locCounts          \STACK.LIB                        425  unsigned int[]  
       2      SP        2   _Init_Stacks:allocIndex         \STACK.LIB                        426  unsigned int    
       0      SP        2   _Init_Stacks:totalStackCounts   \STACK.LIB                        427  unsigned int    
       5      SP        4   _Get_Stack_Size:ptr             \STACK.LIB                        505  long            
       0      SP        2   _Get_Stack_Size:i               \STACK.LIB                        506  int             
       7      SP        2   _Alloc_Stack:sz                 \STACK.LIB                        582  unsigned int    
       2      SP        2   _Alloc_Stack:i                  \STACK.LIB                        585  int             
       0      SP        2   _Alloc_Stack:i2                 \STACK.LIB                        585  int             
       7      SP        4   _Dealloc_Stack:ptr              \STACK.LIB                        660  long            
       2      SP        2   _Dealloc_Stack:i                \STACK.LIB                        662  int             
       0      SP        2   _Dealloc_Stack:i2               \STACK.LIB                        662  int             
       5      SP        2   _gen_lin2seg:laddr              \XMEM.LIB                          94  long*           
       7      SP        1   _gen_lin2seg:norm               \XMEM.LIB                          94  char            
       0      SP        2   _gen_lin2seg:old_ix             \XMEM.LIB                          95  int             
       3      SP        4   xalloc:sz                       \STACK.LIB                        331  long            
      35      SP        2   _rs_xalloc:szp                  \MEM.LIB                          357  long*           
      37      SP        2   _rs_xalloc:alignm               \MEM.LIB                          357  unsigned int    
      39      SP        2   _rs_xalloc:type                 \MEM.LIB                          357  unsigned int    
      30      SP        2   _rs_xalloc:i                    \MEM.LIB                          360  int             
      26      SP        4   _rs_xalloc:mask                 \MEM.LIB                          361  long            
      22      SP        4   _rs_xalloc:next                 \MEM.LIB                          361  long            
      18      SP        4   _rs_xalloc:sz                   \MEM.LIB                          362  long            
      14      SP        4   _rs_xalloc:base                 \MEM.LIB                          362  long            
       0      SP       14   _rs_xalloc:xsbreak              \MEM.LIB                          363  struct _rs_xalloc:xsbreak
       5      IX        2   xmem2root:dest                  \XMEM.LIB                         233  void*           
       7      IX        4   xmem2root:src                   \XMEM.LIB                         233  unsigned long   
      11      IX        2   xmem2root:len                   \XMEM.LIB                         233  unsigned int    
       7      SP        4   xmem2xmem:dest                  \XMEM.LIB                         513  unsigned long   
      11      SP        4   xmem2xmem:src                   \XMEM.LIB                         513  unsigned long   
      15      SP        2   xmem2xmem:len                   \XMEM.LIB                         513  unsigned int    
       0      SP        4   xmem2xmem:tocopy                \XMEM.LIB                         515  long            
       3      SP        2   paddr:pointer                   \XMEM.LIB                        1102  void*           
       5      IX        4   root2xmem:dest                  \XMEM.LIB                         174  unsigned long   
       9      IX        2   root2xmem:src                   \XMEM.LIB                         174  void*           
      11      IX        2   root2xmem:len                   \XMEM.LIB                         174  unsigned int    
       3      SP        2   _rk_alloc_calc_chksum:p         \MEM.LIB                           59  void*           
       5      SP        2   _rk_alloc_calc_chksum:num       \MEM.LIB                           59  int             
       3      SP        2   _disable_serial_interrupt:shadow \UTIL.LIB                        2003  char*           
       5      SP        2   _disable_serial_interrupt:port  \UTIL.LIB                        2003  int             
       0      SP        2   _init_xalloc:p                  \MEM.LIB                          647  char*           
      41      SP        2   _rs_xalloc_init:orgtbl          \MEM.LIB                           91  struct _rs_xalloc_init:orgtbl*
      43      SP        2   _rs_xalloc_init:orgtblsize      \MEM.LIB                           91  unsigned int    
      34      SP        4   _rs_xalloc_init:left_marker     \MEM.LIB                           93  long            
      30      SP        4   _rs_xalloc_init:right_marker    \MEM.LIB                           93  long            
      26      SP        4   _rs_xalloc_init:next_xsbreak_paddr \MEM.LIB                           94  long            
      24      SP        2   _rs_xalloc_init:i               \MEM.LIB                           95  int             
      10      SP       14   _rs_xalloc_init:xsbreak         \MEM.LIB                           96  struct _rs_xalloc_init:xsbreak
       6      SP        4   _rs_xalloc_init:available_bytes \MEM.LIB                           97  long            
       4      SP        2   _rs_xalloc_init:current_origin  \MEM.LIB                           98  struct _rs_xalloc_init:current_origin*
       0      SP        4   _rs_xalloc_init:memstart        \MEM.LIB                           99  long            
      13      SP        2   _rs_alloc_init:orgtbl           \MEM.LIB                          240  struct _rs_alloc_init:orgtbl*
      15      SP        2   _rs_alloc_init:orgtblsize       \MEM.LIB                          240  unsigned int    
       8      SP        2   _rs_alloc_init:i                \MEM.LIB                          242  unsigned int    
       6      SP        2   _rs_alloc_init:msize            \MEM.LIB                          242  unsigned int    
       4      SP        2   _rs_alloc_init:bsize            \MEM.LIB                          242  unsigned int    
       2      SP        2   _rs_alloc_init:mbreak           \MEM.LIB                          243  struct _rs_alloc_init:mbreak*
       0      SP        2   _rs_alloc_init:pe               \MEM.LIB                          244  struct _rs_alloc_init:pe*
       0      SP        0   VdInit:_____ZW000002D3          \VDRIVER.LIB                       64  void            
       2      SP        2   dkDoWatchExpression:WatchExpression \DKCORE.LIB                      2880  struct dkDoWatchExpression:WatchExpression


// Macro listing and source reference.
//  Name                           File                         Line Num
   _RESTRICT_WATCHCODE_            
   USE_PORTA_AUX_IO                \DEFAULT.H                        249
   ADC_ONBOARD                     \DEFAULT.H                        250
   ZWORLD_RESERVED_SIZE            \DEFAULT.H                        251
   __RCM37XX_LIB                   \RCM37XX.LIB                        2
   LCDCSREGISTER                   \RCM37XX.LIB                       39
   LCDCSSHADOW                     \RCM37XX.LIB                       40
   LCDCSCONFIG                     \RCM37XX.LIB                       41
   LCDSTROBE                       \RCM37XX.LIB                       42
   KEYCSREGISTER                   \RCM37XX.LIB                       44
   KEYCSSHADOW                     \RCM37XX.LIB                       45
   KEYCSCONFIG                     \RCM37XX.LIB                       46
   KEYSTROBE                       \RCM37XX.LIB                       47
   LCDBASEADDR                     \RCM37XX.LIB                       52
   KEYBASEADDR                     \RCM37XX.LIB                       53
   ADC_SCLKBAUD                    \RCM37XX.LIB                       63
   AD_OSC_ENABLE                   \RCM37XX.LIB                       66
   AD_OSC_DISABLE                  \RCM37XX.LIB                       70
   ADDIRECT                        \RCM37XX.LIB                       75
   ADREADINS                       \RCM37XX.LIB                       76
   ADWRITEINS                      \RCM37XX.LIB                       77
   ADLEN8                          \RCM37XX.LIB                       78
   ADLEN16                         \RCM37XX.LIB                       79
   ADMODE0                         \RCM37XX.LIB                       80
   ADMODE1                         \RCM37XX.LIB                       81
   ADMODE2                         \RCM37XX.LIB                       82
   ADMODE3                         \RCM37XX.LIB                       83
   ADLSBYTE                        \RCM37XX.LIB                       86
   ADMSBYTE                        \RCM37XX.LIB                       87
   ADPGAREG                        \RCM37XX.LIB                       88
   ADCNTLREG                       \RCM37XX.LIB                       89
   ADGAINMUXREG                    \RCM37XX.LIB                       90
   ADDIOSTATEREG                   \RCM37XX.LIB                       91
   ADDIOCNTLREG                    \RCM37XX.LIB                       92
   ADREFOSCREG                     \RCM37XX.LIB                       93
   ADSICREG                        \RCM37XX.LIB                       94
   ADIDREG                         \RCM37XX.LIB                       95
   ADSINGLE                        \RCM37XX.LIB                       98
   ADDIFFNL                        \RCM37XX.LIB                       99
   GAIN_1                          \RCM37XX.LIB                      101
   GAIN_2                          \RCM37XX.LIB                      102
   GAIN_4                          \RCM37XX.LIB                      103
   GAIN_5                          \RCM37XX.LIB                      104
   GAIN_8                          \RCM37XX.LIB                      105
   GAIN_10                         \RCM37XX.LIB                      106
   GAIN_16                         \RCM37XX.LIB                      107
   GAIN_20                         \RCM37XX.LIB                      108
   ADOVERFLOW                      \RCM37XX.LIB                      829
   SE_DEVCHAN                      \RCM37XX.LIB                      830
   ADC_CALIB_ADDRS                 \RCM37XX.LIB                      981
   ADC_CALIB_ADDRD                 \RCM37XX.LIB                      982
   ADC_CALIB_ADDRM                 \RCM37XX.LIB                      983
   CALIB_START                     \RCM37XX.LIB                      985
   CALIB_END                       \RCM37XX.LIB                      986
   MAXAIN                          \RCM37XX.LIB                      988
   ADCHANNELS                      \RCM37XX.LIB                      989
   ADCHANNELD                      \RCM37XX.LIB                      990
   ADCHANNELM                      \RCM37XX.LIB                      991
   ADCHANNELALL                    \RCM37XX.LIB                      992
   SINGLE                          \RCM37XX.LIB                      994
   DIFF                            \RCM37XX.LIB                      995
   mAMP                            \RCM37XX.LIB                      996
   ALLCHAN                         \RCM37XX.LIB                     1425
   __LCD122KEY7_LIB                \LCD122KEY7.LIB                     2
   LCDMREADSTATUS                  \LCD122KEY7.LIB                    90
   LCDMWRITEINSTR                  \LCD122KEY7.LIB                    91
   LCDSREADSTATUS                  \LCD122KEY7.LIB                    92
   LCDSWRITEINSTR                  \LCD122KEY7.LIB                    93
   LCDMREADDATA                    \LCD122KEY7.LIB                    94
   LCDMWRITEDATA                   \LCD122KEY7.LIB                    95
   LCDSREADDATA                    \LCD122KEY7.LIB                    96
   LCDSWRITEDATA                   \LCD122KEY7.LIB                    97
   LCDBACKLIGHT                    \LCD122KEY7.LIB                    99
   LCDLEDREG                       \LCD122KEY7.LIB                   102
   LCDLED0ADDR                     \LCD122KEY7.LIB                   103
   LCDLEDADDR                      \LCD122KEY7.LIB                   104
   KEYADDR                         \LCD122KEY7.LIB                   107
   __KEYPAD7_LIB                   \KEYPAD7.LIB                        2
   SET_EXTBUFFER_RD                \KEYPAD7.LIB                       11
   SET_EXTBUFFER_WR                \KEYPAD7.LIB                       15
   __MSCG12232_LIB                 \MSCG12232.LIB                      2
   LCD_XS                          \MSCG12232.LIB                     27
   LCD_YS                          \MSCG12232.LIB                     28
   PIXEL_XS                        \MSCG12232.LIB                     34
   PIXEL_YS                        \MSCG12232.LIB                     35
   PIXGROUP                        \MSCG12232.LIB                     36
   XMEM_BUF_SIZE                   \MSCG12232.LIB                     37
   LCDON                           \MSCG12232.LIB                    123
   LCDOFF                          \MSCG12232.LIB                    124
   LCDSETLINE                      \MSCG12232.LIB                    126
   LCDSETPAGE                      \MSCG12232.LIB                    127
   LCDSETCOLUMN                    \MSCG12232.LIB                    128
   LCDLEFTWARD                     \MSCG12232.LIB                    130
   LCDRIGHTWARD                    \MSCG12232.LIB                    131
   LCDSTATICDRIVEON                \MSCG12232.LIB                    133
   LCDSTATICDRIVEOFF               \MSCG12232.LIB                    134
   LCDDUTYCYCLE1_16                \MSCG12232.LIB                    136
   LCDDUTYCYCLE1_32                \MSCG12232.LIB                    137
   LCDRMWBEGIN                     \MSCG12232.LIB                    139
   LCDRMWEND                       \MSCG12232.LIB                    140
   LCDRESET                        \MSCG12232.LIB                    142
   LCDBUSY                         \MSCG12232.LIB                    145
   LCDDISPDIR                      \MSCG12232.LIB                    146
   LCDISON                         \MSCG12232.LIB                    147
   LCDRESETING                     \MSCG12232.LIB                    148
   BACKLIGHTOFF                    \MSCG12232.LIB                    151
   BACKLIGHTON                     \MSCG12232.LIB                    152
   LCDDISPLAYOFF                   \MSCG12232.LIB                    155
   LCDDISPLAYON                    \MSCG12232.LIB                    156
   LCDMASTER                       \MSCG12232.LIB                    159
   LCDSLAVE                        \MSCG12232.LIB                    160
   MAXTIMEOUT                      \MSCG12232.LIB                    163
   LCDMASK                         \MSCG12232.LIB                    167
   GLBUFMASK                       \MSCG12232.LIB                    168
   GLMASKCNT                       \MSCG12232.LIB                    169
   __GRAPHIC_LIB                   \GRAPHIC.LIB                       58
   FONTOFFSET                      \GRAPHIC.LIB                       64
   NO_BORDER                       \GRAPHIC.LIB                      126
   SINGLE_LINE                     \GRAPHIC.LIB                      130
   DOUBLE_LINE                     \GRAPHIC.LIB                      134
   PIXBLACK                        \GRAPHIC.LIB                      379
   PIXWHITE                        \GRAPHIC.LIB                      380
   PIXXOR                          \GRAPHIC.LIB                      381
   __6X8L_LIB                      \6X8L.LIB                           2
   __8X10L_LIB                     \8X10L.LIB                          2
   __12X16_LIB                     \12X16L.LIB                         2
   __COURIER12_LIB                 \COURIER12.LIB                      2
   __R3000_LIB__                   \R3000.LIB                         29
   QD_DIVISOR                      \R3000.LIB                         32
   QD_OVERFLOW                     \R3000.LIB                         34
   QD_UNDERFLOW                    \R3000.LIB                         35
   PWM_FREQ_FACTOR                 \R3000.LIB                        417
   PWM_SPREAD                      \R3000.LIB                        469
   PWM_OPENDRAIN                   \R3000.LIB                        470
   SETUSERMODE                     \DEFAULT.H                        286
   SETSYSMODE                      \DEFAULT.H                        287
   _system                         \DEFAULT.H                        288
   _SYS_CALL_VARS                  \DEFAULT.H                        289
   _NET_SYSCALL                    \DEFAULT.H                        290
   _rk_printf                      \DEFAULT.H                        291
   _rk_sprintf                     \DEFAULT.H                        292
   DK_ENABLE_BREAKPOINTS           \DEFAULT.H                        328
   DK_ENABLE_ASMSINGLESTEP         \DEFAULT.H                        336
   DK_ENABLE_WATCHEXPRESSIONS      \DEFAULT.H                        344
   DK_ENABLE_TRACING               \DEFAULT.H                        352
   DK_ENABLE_STACK_TRACING         \DEFAULT.H                        360
   DK_SEND_STACK_LENGTH            \DEFAULT.H                        368
   DK_ENABLE_DEBUGKERNEL           \DEFAULT.H                        370
   __DKENTRY_LIB                   \DKENTRY.LIB                        2
   __DKCOMMON_LIB                  \DKCOMMON.LIB                       2
   __DKCORE_LIB                    \DKCORE.LIB                         2
   TC_TYPE_DEBUG                   \DKCORE.LIB                        14
   TC_DEBUG_NOREQUEST              \DKCORE.LIB                        16
   TC_DEBUG_SINGLESTEP             \DKCORE.LIB                        17
   TC_DEBUG_TOGGLEBREAKPOINT       \DKCORE.LIB                        18
   TC_DEBUG_CLEARBREAKPOINTS       \DKCORE.LIB                        19
   TC_DEBUG_TOGGLEALLBREAKPOINTS   \DKCORE.LIB                        20
   TC_DEBUG_ATBREAKPOINT           \DKCORE.LIB                        21
   TC_DEBUG_STARTPROGRAM           \DKCORE.LIB                        22
   TC_DEBUG_RUNPROGRAM             \DKCORE.LIB                        23
   TC_DEBUG_STOPPROGRAM            \DKCORE.LIB                        24
   TC_DEBUG_ADDWATCH               \DKCORE.LIB                        25
   TC_DEBUG_DELETEWATCH            \DKCORE.LIB                        26
   TC_DEBUG_DELETEALLWATCHES       \DKCORE.LIB                        27
   TC_DEBUG_EXECWATCH              \DKCORE.LIB                        28
   TC_DEBUG_EXECALLWATCHES         \DKCORE.LIB                        29
   TC_DEBUG_SENDCHAR               \DKCORE.LIB                        30
   TC_DEBUG_RESET                  \DKCORE.LIB                        31
   TC_DEBUG_SETSENDFLAGS           \DKCORE.LIB                        32
   TC_DEBUG_REGDATA                \DKCORE.LIB                        33
   TC_DEBUG_WATCHDATA              \DKCORE.LIB                        34
   TC_DEBUG_ASMDATA                \DKCORE.LIB                        35
   TC_DEBUG_STACKDATA              \DKCORE.LIB                        36
   TC_DEBUG_STDIO                  \DKCORE.LIB                        37
   TC_DEBUG_WRITEREGDATA           \DKCORE.LIB                        38
   TC_DEBUG_STDIOCHARREADY         \DKCORE.LIB                        39
   TC_DEBUG_NOOP                   \DKCORE.LIB                        40
   TC_DEBUG_ENABLEDOPTIONS         \DKCORE.LIB                        41
   TC_DEBUG_WRITESTACKSIZE         \DKCORE.LIB                        47
   TC_DEBUG_STACKTRACEDATA         \DKCORE.LIB                        48
   DKF_STEP_INTO                   \DKCORE.LIB                        52
   DKF_STEP_OVER                   \DKCORE.LIB                        53
   DKF_STEP_ASM                    \DKCORE.LIB                        54
   DKF_STEP_SOURCE                 \DKCORE.LIB                        55
   DKF_STEP_CALL                   \DKCORE.LIB                        56
   DKF_STEP_LCALL                  \DKCORE.LIB                        57
   DKF_STAT_AT_BP                  \DKCORE.LIB                        60
   DKF_STAT_AT_HARD_BP             \DKCORE.LIB                        61
   DKF_STAT_RUNMODE                \DKCORE.LIB                        62
   DKF_STAT_STEPMODE               \DKCORE.LIB                        63
   DKF_STAT_ASMSTEPMODE            \DKCORE.LIB                        64
   DKF_STAT_ATEXIT                 \DKCORE.LIB                        65
   DKF_STAT_CONTEXTSWITCH          \DKCORE.LIB                        66
   DKF_STAT_INWATCH                \DKCORE.LIB                        67
   _TRACE                          \DKCORE.LIB                       135
   _TRACEON                        \DKCORE.LIB                       136
   _TRACEOFF                       \DKCORE.LIB                       137
   DK_SEND_ASM_LENGTH              \DKCORE.LIB                       141
   DKF_SEND_STACK                  \DKCORE.LIB                       143
   DKF_SEND_WATCHES                \DKCORE.LIB                       144
   DKF_SEND_ASM                    \DKCORE.LIB                       145
   DKF_SEND_REGS                   \DKCORE.LIB                       146
   DKF_SEND_STATUS                 \DKCORE.LIB                       147
   DKF_SEND_ACK                    \DKCORE.LIB                       148
   DKF_SEND_STACKTRACE             \DKCORE.LIB                       153
   DK_ERROR_BPNOTENABLED           \DKCORE.LIB                       159
   DK_ERROR_ASMSINGLESTEPNOTENABLED \DKCORE.LIB                       160
   DK_ERROR_WATCHNOTENABLED        \DKCORE.LIB                       161
   DKF_STDIO_LOCK                  \DKCORE.LIB                       163
   DKF_GETCHAR_LOCK                \DKCORE.LIB                       164
   DKF_RESET_LOCK                  \DKCORE.LIB                       165
   DKF_DK_LOCK                     \DKCORE.LIB                       166
   DK_STDIO_TIMEOUT                \DKCORE.LIB                       167
   DK_GETCHAR_TIMEOUT              \DKCORE.LIB                       168
   dkIOI                           \DKCORE.LIB                       170
   dkIOE                           \DKCORE.LIB                       171
   dkALTD                          \DKCORE.LIB                       172
   DK_RST20                        \DKCORE.LIB                       174
   DK_RST28                        \DKCORE.LIB                       175
   dkZZ                            \DKCORE.LIB                       182
   dkZS                            \DKCORE.LIB                       183
   dkZD                            \DKCORE.LIB                       184
   dkZT                            \DKCORE.LIB                       185
   dkSZ                            \DKCORE.LIB                       186
   dkSS                            \DKCORE.LIB                       187
   dkSD                            \DKCORE.LIB                       188
   dkST                            \DKCORE.LIB                       189
   dkDZ                            \DKCORE.LIB                       190
   dkDS                            \DKCORE.LIB                       191
   dkDD                            \DKCORE.LIB                       192
   dkDT                            \DKCORE.LIB                       193
   dkTZ                            \DKCORE.LIB                       194
   dkTS                            \DKCORE.LIB                       195
   dkTD                            \DKCORE.LIB                       196
   dkTT                            \DKCORE.LIB                       197
   DK_MAX_WATCHES                  \DKCORE.LIB                       274
   DKF_BP_INACTIVE                 \DKCORE.LIB                       814
   DKF_BP_ACTIVE                   \DKCORE.LIB                       815
   DKF_BP_DELETED                  \DKCORE.LIB                       816
   DKF_BP_CONDITIONAL              \DKCORE.LIB                       817
   DKF_BP_HARD                     \DKCORE.LIB                       818
   DKF_BP_INSERT                   \DKCORE.LIB                       821
   DKF_BP_FOUND                    \DKCORE.LIB                       822
   DKF_BP_NOTFOUND                 \DKCORE.LIB                       823
   DKF_BP_EMPTYFOUND               \DKCORE.LIB                       824
   DKF_BP_EXHAUSTED                \DKCORE.LIB                       825
   DK_MAX_BREAKPOINTS              \DKCORE.LIB                       830
   DK_BREAKPOINT_MASK              \DKCORE.LIB                       848
   DKF_RST_RST28                   \DKCORE.LIB                      3264
   DKF_RST_RST20                   \DKCORE.LIB                      3265
   DKF_RST_RST18                   \DKCORE.LIB                      3266
   __DKAPP_LIB                     \DKAPP.LIB                          2
   DKF_OPTIONS_BREAKPOINTS         \DKAPP.LIB                         71
   DKF_OPTIONS_ASMSINGLESTEP       \DKAPP.LIB                         72
   DKF_OPTIONS_WATCHES             \DKAPP.LIB                         73
   DK_BREAKPOINTS_ENABLED          \DKAPP.LIB                         75
   DK_ASMSINGLESTEP_ENABLED        \DKAPP.LIB                         76
   DK_WATCHES_ENABLED              \DKAPP.LIB                         77
   __PROGRAM_LIB                   \PROGRAM.LIB                        2
   _program_debug                  \PROGRAM.LIB                        4
   _rk_mem_debug                   \MEM.LIB                            5
   XALLOC_ANY                      \MEM.LIB                           12
   XALLOC_BB                       \MEM.LIB                           13
   XALLOC_NOTBB                    \MEM.LIB                           14
   XALLOC_MAYBBB                   \MEM.LIB                           15
   _RS_USER_XALLOC_START           \MEM.LIB                           80
   _RS_XALLOC_START                \MEM.LIB                           81
   _RS_XALLOC_END                  \MEM.LIB                           82
   _xavail                         \MEM.LIB                          514
   INPUT_DIR                       \IO.LIB                             2
   OUTPUT_DIR                      \IO.LIB                             3
   STX                             \IO.LIB                             5
   ETX                             \IO.LIB                             6
   CINBUFSIZE                      \IO.LIB                             8
   COUTBUFSIZE                     \IO.LIB                             9
   PIC_COM_TIMEOUT                 \IO.LIB                            11
   PIC_MAX_MSG_LENGTH              \IO.LIB                            12
   PIC_PROTOCOL_BAUDRATE           \IO.LIB                            13
   TEN                             \TESTFUNCIONESC.C                   5
   CINBUFOK                        \RS232.LIB                       4569
   COUTBUFOK                       \RS232.LIB                       4586
   STDIO_MAX_PRINTF_BUF_SIZE       \STDIO.LIB                        629
   DEFMANTISSA                     \STDIO.LIB                       1920
   DEFAULTSTACKSIZE                \PROGRAM.LIB                      102
   STACK_CNT_256                   \STACK.LIB                        353
   STACK_CNT_512                   \STACK.LIB                        356
   STACK_CNT_1K                    \STACK.LIB                        359
   STACK_CNT_2K                    \STACK.LIB                        362
   STACK_CNT_4K                    \STACK.LIB                        365
   TOTAL_STACK_CNT                 \STACK.LIB                        388
   UEI                             \PROGRAM.LIB                      277
   _RK_XBREAK_T_ADJ                \MEM.LIB                          107
   _DK_POINTER                     \DKCORE.LIB                      2873
   _DK_ID_MASK                     \DKCORE.LIB                      2874


// Function call graph.
premain
   VdInit
      periodic_init
         read_rtc
      vwdogInit
         memset
   _Alloc_Stack
      _gen_lin2seg
   _BiosStkSwitch
   _Dealloc_Stack
   _Init_Stacks
      xalloc
         _rs_xalloc
            _rk_alloc_calc_chksum
            exit
            root2xmem
               paddr
               xmem2xmem
                  xmem_cpyblkbwd
                  xmem_cpyblkfwd
            xmem2root
               paddr
               xmem2xmem->**see above**
   _ProgStkSwitch
   _init_bad_interrupts
   _init_xalloc
      _rs_alloc_init
         _rk_alloc_calc_chksum
      _rs_xalloc_init
      exception
      exit
   exception
   exit
   main
      DelayMs
      HW_init
         serCopen
            cbuf_getch
            cbuf_init
            spc_init
      RTC_fijarFechaHora
         mktime
         write_rtc
      RTC_leerFechaHora
         mktm
         read_rtc
      printFechaHora
         printf
            _printf
               __qe2
               dkDoMsg
               doprnt
                  outchrs
                  pflt
                     __ftoa
                     _gltoa
                     itoa
                     ltoan
                        _gltoan
                     outchrs
                     outstr
                     strlen
                  phex
                     htoa
                     outchrs
                     outpad
                        outchrs
                     outstr
                     strlen
                  pint
                     abs
                     itoa
                     itoan
                     outchrs
                     outpad->**see above**
                     outstr
                     utoa
                     utoan
                  plhex
                     hltoa
                     outchrs
                     outpad->**see above**
                     outstr
                     strlen
                  plint
                     gtoa
                        _gltoa
                     gtoan
                        _gltoan
                     labs
                     ltoa
                        _gltoa
                     ltoan->**see above**
                     outchrs
                     outpad->**see above**
                     outstr
                  strlen
                  strtol
                  tolower
                  xgetint
                  xstrlen
